   2.80| [0.0s] start node=v22.23.3 v8=12.4.254.21-node.57 mode=trickle rss=38.4MB heapTotal=4.9MB heapUsed=3.3MB
   2.81| [1:0xffffb0580000]      697 ms: Young generation mutator utilization = 0.992 (mutator_speed=1651, gc_speed=0)
   2.81| [1:0xffffb0580000]      697 ms: Scavenge 4.6 (5.3) -> 4.3 (6.3) MB, pooled: 0 MB, 8.65 / 0.00 ms  (average mu = 1.000, current mu = 1.000) allocation failure; 
   2.86| [1:0xffffb0580000]      711 ms: Young generation mutator utilization = 0.976 (mutator_speed=2238, gc_speed=91503)
   2.86| [1:0xffffb0580000]      711 ms: Scavenge 4.6 (6.3) -> 4.5 (7.0) MB, pooled: 0 MB, 13.11 / 0.00 ms  (average mu = 1.000, current mu = 1.000) allocation failure; 
   2.86| [1:0xffffb0580000]      713 ms: Young generation mutator utilization = 0.957 (mutator_speed=3459, gc_speed=77566)
   2.86| [1:0xffffb0580000]      713 ms: Scavenge 5.2 (7.0) -> 5.0 (9.0) MB, pooled: 0 MB, 1.43 / 0.00 ms  (average mu = 1.000, current mu = 1.000) allocation failure; 
   2.86| [1:0xffffb0580000]      728 ms: Young generation mutator utilization = 0.949 (mutator_speed=5817, gc_speed=107979)
   2.86| [1:0xffffb0580000]      728 ms: Scavenge 6.4 (9.0) -> 6.1 (9.8) MB, pooled: 0 MB, 9.21 / 0.00 ms  (average mu = 1.000, current mu = 1.000) allocation failure; 
   2.96| [1:0xffffb0580000]      851 ms: Young generation mutator utilization = 0.946 (mutator_speed=7275, gc_speed=127820)
   2.96| [1:0xffffb0580000]      851 ms: Scavenge 7.0 (9.8) -> 6.7 (14.8) MB, pooled: 0 MB, 118.23 / 0.00 ms  (average mu = 1.000, current mu = 1.000) allocation failure; 
   2.97| [1:0xffffb0580000]      863 ms: Young generation mutator utilization = 0.759 (mutator_speed=12494, gc_speed=39264)
   2.97| [1:0xffffb0580000]      863 ms: Scavenge 10.0 (14.8) -> 9.1 (15.8) MB, pooled: 0 MB, 4.73 / 0.00 ms  (average mu = 1.000, current mu = 1.000) allocation failure; 
   2.98| [1:0xffffb0580000]      876 ms: Young generation mutator utilization = 0.799 (mutator_speed=14661, gc_speed=58320)
   2.98| [1:0xffffb0580000]      876 ms: Scavenge 10.5 (15.8) -> 10.1 (26.3) MB, pooled: 0 MB, 7.41 / 0.00 ms  (average mu = 1.000, current mu = 1.000) task; 
   3.02| [1:0xffffb0580000]      914 ms: Young generation mutator utilization = 0.754 (mutator_speed=25159, gc_speed=77301)
   3.02| [1:0xffffb0580000]      915 ms: Scavenge 17.1 (26.4) -> 15.1 (27.2) MB, pooled: 0 MB, 23.99 / 0.00 ms  (average mu = 1.000, current mu = 1.000) allocation failure; 
   3.07| [1:0xffffb0580000]      956 ms: Young generation mutator utilization = 0.774 (mutator_speed=29475, gc_speed=101124)
   3.07| [1:0xffffb0580000]      956 ms: Scavenge 18.2 (27.4) -> 17.4 (48.1) MB, pooled: 0 MB, 32.67 / 0.00 ms  (average mu = 1.000, current mu = 1.000) allocation failure; 
   3.12| [1:0xffffb0580000]     1011 ms: Young generation mutator utilization = 0.716 (mutator_speed=47704, gc_speed=120245)
   3.12| [1:0xffffb0580000]     1012 ms: Scavenge 33.6 (50.7) -> 29.4 (53.4) MB, pooled: 0 MB, 15.44 / 0.00 ms  (average mu = 1.000, current mu = 1.000) allocation failure; 
   3.16| [1:0xffffb0580000]     1041 ms: Young generation mutator utilization = 0.309 (mutator_speed=369632, gc_speed=164968)
   3.16| [1:0xffffb0580000]     1041 ms: Scavenge 36.2 (55.2) -> 34.6 (64.7) MB, pooled: 0 MB, 16.55 / 0.00 ms  (average mu = 1.000, current mu = 1.000) task; 
   3.19| [1:0xffffb0580000]     1077 ms: Young generation mutator utilization = 0.337 (mutator_speed=413098, gc_speed=209803)
   3.19| [1:0xffffb0580000]     1077 ms: Scavenge 53.4 (70.9) -> 49.1 (74.7) MB, pooled: 0 MB, 15.39 / 0.00 ms  (average mu = 1.000, current mu = 1.000) allocation failure; 
   3.30| [1:0xffffb0580000]     1186 ms: Young generation mutator utilization = 0.423 (mutator_speed=348231, gc_speed=254767)
   3.30| [1:0xffffb0580000]     1186 ms: Scavenge (interleaved) 60.0 (78.1) -> 57.5 (87.1) MB, pooled: 0 MB, 65.22 / 0.00 ms  (average mu = 1.000, current mu = 1.000) allocation failure; 
   3.41| [1:0xffffb0580000]     1302 ms: Mark-Compact 61.7 (88.0) -> 60.5 (94.7) MB, pooled: 0 MB, 59.50 / 0.01 ms  (+ 12.3 ms in 0 steps since start of marking, biggest step 0.0 ms, walltime since start of marking 225 ms) (average mu = 0.944, current mu = 0.944) finalize incremental marking via stack guard; GC in old space requested
   3.62| [1:0xffffb0580000]     1500 ms: Young generation mutator utilization = 0.547 (mutator_speed=202501, gc_speed=244608)
   3.62| [1:0xffffb0580000]     1503 ms: Scavenge 82.5 (101.3) -> 78.0 (101.3) MB, pooled: 0 MB, 47.30 / 0.00 ms  (average mu = 0.944, current mu = 0.944) task; 
   3.76| [1:0xffffb0580000]     1653 ms: Young generation mutator utilization = 0.562 (mutator_speed=191058, gc_speed=245351)
   3.76| [1:0xffffb0580000]     1653 ms: Scavenge 85.8 (104.0) -> 84.2 (115.2) MB, pooled: 0 MB, 112.40 / 0.00 ms  (average mu = 0.944, current mu = 0.944) allocation failure; 
   3.87| [1:0xffffb0580000]     1760 ms: Young generation mutator utilization = 0.589 (mutator_speed=200858, gc_speed=288085)
   3.87| [1:0xffffb0580000]     1760 ms: Scavenge 102.1 (120.4) -> 98.5 (124.9) MB, pooled: 0 MB, 65.81 / 0.00 ms  (average mu = 0.944, current mu = 0.944) allocation failure; 
   5.11| [1:0xffffb0580000]     3002 ms: Young generation mutator utilization = 0.579 (mutator_speed=195781, gc_speed=269160)
   5.11| [1:0xffffb0580000]     3002 ms: Scavenge 109.4 (127.8) -> 107.1 (137.1) MB, pooled: 0 MB, 1213.86 / 0.00 ms  (average mu = 0.944, current mu = 0.944) allocation failure; 
   5.24| [1:0xffffb0580000]     3127 ms: Young generation mutator utilization = 0.266 (mutator_speed=203934, gc_speed=73960)
   5.24| [1:0xffffb0580000]     3127 ms: Scavenge 122.9 (141.7) -> 119.7 (147.4) MB, pooled: 0 MB, 94.86 / 0.00 ms  (average mu = 0.944, current mu = 0.944) allocation failure; 
   5.33| [1:0xffffb0580000]     3223 ms: Young generation mutator utilization = 0.280 (mutator_speed=192794, gc_speed=75064)
   5.33| [1:0xffffb0580000]     3223 ms: Scavenge 132.0 (151.0) -> 129.5 (159.0) MB, pooled: 0 MB, 57.87 / 0.00 ms  (average mu = 0.944, current mu = 0.944) allocation failure; 
   5.42| [1:0xffffb0580000]     3303 ms: Young generation mutator utilization = 0.286 (mutator_speed=194497, gc_speed=77903)
   5.42| [1:0xffffb0580000]     3303 ms: Scavenge 144.0 (163.1) -> 141.1 (169.9) MB, pooled: 0 MB, 42.49 / 0.00 ms  (average mu = 0.944, current mu = 0.944) allocation failure; 
   5.45| [1:0xffffb0580000]     3342 ms: Young generation mutator utilization = 0.289 (mutator_speed=190384, gc_speed=77358)
   5.45| [1:0xffffb0580000]     3342 ms: Scavenge 154.2 (173.5) -> 151.4 (181.0) MB, pooled: 0 MB, 28.70 / 0.00 ms  (average mu = 0.944, current mu = 0.944) allocation failure; 
   5.49| [1:0xffffb0580000]     3378 ms: Young generation mutator utilization = 0.279 (mutator_speed=199514, gc_speed=77339)
   5.49| [1:0xffffb0580000]     3378 ms: Scavenge 162.6 (184.1) -> 160.5 (190.9) MB, pooled: 0 MB, 12.69 / 0.00 ms  (average mu = 0.944, current mu = 0.944) task; 
   5.55| [1:0xffffb0580000]     3445 ms: Young generation mutator utilization = 0.257 (mutator_speed=223122, gc_speed=77349)
   5.56| [1:0xffffb0580000]     3445 ms: Scavenge 175.7 (195.4) -> 172.7 (201.4) MB, pooled: 0 MB, 24.61 / 0.00 ms  (average mu = 0.944, current mu = 0.944) allocation failure; 
   5.66| [1:0xffffb0580000]     3549 ms: Young generation mutator utilization = 0.213 (mutator_speed=292194, gc_speed=78963)
   5.66| [1:0xffffb0580000]     3549 ms: Scavenge 185.3 (205.3) -> 182.7 (213.3) MB, pooled: 0 MB, 79.22 / 0.00 ms  (average mu = 0.944, current mu = 0.944) allocation failure; 
   5.85| [1:0xffffb0580000]     3740 ms: Young generation mutator utilization = 0.216 (mutator_speed=287565, gc_speed=79105)
   5.85| [1:0xffffb0580000]     3740 ms: Scavenge 194.5 (216.4) -> 192.2 (222.7) MB, pooled: 0 MB, 135.66 / 0.00 ms  (average mu = 0.944, current mu = 0.944) task; 
   5.99| [1:0xffffb0580000]     3881 ms: Young generation mutator utilization = 0.247 (mutator_speed=233460, gc_speed=76577)
   5.99| [1:0xffffb0580000]     3881 ms: Scavenge 207.0 (227.2) -> 204.0 (233.5) MB, pooled: 0 MB, 31.47 / 0.00 ms  (average mu = 0.944, current mu = 0.944) allocation failure; 
   6.15| [1:0xffffb0580000]     4042 ms: Young generation mutator utilization = 0.268 (mutator_speed=214497, gc_speed=78370)
   6.15| [1:0xffffb0580000]     4042 ms: Scavenge 213.1 (236.2) -> 211.3 (243.9) MB, pooled: 0 MB, 103.42 / 0.00 ms  (average mu = 0.944, current mu = 0.944) task; 
   6.27| [1:0xffffb0580000]     4159 ms: Young generation mutator utilization = 0.541 (mutator_speed=184408, gc_speed=217060)
   6.27| [1:0xffffb0580000]     4159 ms: Scavenge 228.2 (248.9) -> 224.9 (253.4) MB, pooled: 0 MB, 12.59 / 0.00 ms  (average mu = 0.944, current mu = 0.944) allocation failure; 
   6.35| [1:0xffffb0580000]     4243 ms: Young generation mutator utilization = 0.574 (mutator_speed=186139, gc_speed=250716)
   6.35| [1:0xffffb0580000]     4244 ms: Scavenge 236.2 (257.0) -> 233.8 (266.0) MB, pooled: 0 MB, 54.02 / 0.00 ms  (average mu = 0.944, current mu = 0.944) allocation failure; 
   6.40| [1:0xffffb0580000]     4290 ms: Young generation mutator utilization = 0.574 (mutator_speed=187323, gc_speed=252194)
   6.40| [1:0xffffb0580000]     4290 ms: Scavenge 249.2 (270.1) -> 246.1 (276.1) MB, pooled: 0 MB, 9.30 / 0.00 ms  (average mu = 0.944, current mu = 0.944) allocation failure; 
   6.44| [1:0xffffb0580000]     4328 ms: Young generation mutator utilization = 0.594 (mutator_speed=183697, gc_speed=269213)
   6.44| [1:0xffffb0580000]     4328 ms: Scavenge 257.9 (279.5) -> 255.7 (287.5) MB, pooled: 0 MB, 22.00 / 0.00 ms  (average mu = 0.944, current mu = 0.944) task; 
   6.56| [1:0xffffb0580000]     4456 ms: Young generation mutator utilization = 0.621 (mutator_speed=166465, gc_speed=272782)
   6.56| [1:0xffffb0580000]     4456 ms: Scavenge (interleaved) 270.5 (292.3) -> 267.5 (298.8) MB, pooled: 0 MB, 37.84 / 0.00 ms  (average mu = 0.944, current mu = 0.944) allocation failure; 
   6.82| [1:0xffffb0580000]     4716 ms: Young generation mutator utilization = 0.653 (mutator_speed=139243, gc_speed=262088)
   6.82| [1:0xffffb0580000]     4716 ms: Scavenge (interleaved) 280.5 (302.4) -> 277.8 (309.9) MB, pooled: 0 MB, 117.85 / 0.00 ms  (average mu = 0.944, current mu = 0.944) allocation failure; 
   7.01| [1:0xffffb0580000]     4906 ms: Mark-Compact 279.3 (309.9) -> 278.9 (317.2) MB, pooled: 0 MB, 15.58 / 0.00 ms  (+ 206.4 ms in 0 steps since start of marking, biggest step 0.0 ms, walltime since start of marking 578 ms) (average mu = 0.940, current mu = 0.939) finalize incremental marking via stack guard; GC in old space requested
   7.12| [1:0xffffb0580000]     5011 ms: Young generation mutator utilization = 0.653 (mutator_speed=118006, gc_speed=222239)
   7.12| [1:0xffffb0580000]     5011 ms: Scavenge (interleaved) 302.2 (324.4) -> 297.6 (324.4) MB, pooled: 0 MB, 76.45 / 0.00 ms  (average mu = 0.940, current mu = 0.939) allocation failure; 
   7.18| [1:0xffffb0580000]     5077 ms: Young generation mutator utilization = 0.641 (mutator_speed=123559, gc_speed=220149)
   7.18| [1:0xffffb0580000]     5077 ms: Scavenge 301.0 (325.4) -> 300.4 (336.9) MB, pooled: 0 MB, 56.65 / 0.00 ms  (average mu = 0.940, current mu = 0.939) task; 
   7.23| [1:0xffffb0580000]     5124 ms: Young generation mutator utilization = 0.646 (mutator_speed=140077, gc_speed=255682)
   7.23| [1:0xffffb0580000]     5124 ms: Scavenge 321.1 (343.4) -> 316.9 (345.4) MB, pooled: 0 MB, 13.24 / 0.00 ms  (average mu = 0.940, current mu = 0.939) allocation failure; 
   7.27| [1:0xffffb0580000]     5159 ms: Young generation mutator utilization = 0.634 (mutator_speed=151591, gc_speed=262683)
   7.27| [1:0xffffb0580000]     5159 ms: Scavenge 325.8 (348.3) -> 324.0 (358.5) MB, pooled: 0 MB, 17.35 / 0.00 ms  (average mu = 0.940, current mu = 0.939) allocation failure; 
   7.30| [1:0xffffb0580000]     5195 ms: Young generation mutator utilization = 0.669 (mutator_speed=159767, gc_speed=323478)
   7.30| [1:0xffffb0580000]     5195 ms: Scavenge 341.0 (363.6) -> 337.5 (368.6) MB, pooled: 0 MB, 10.98 / 0.00 ms  (average mu = 0.940, current mu = 0.939) allocation failure; 
   7.33| [1:0xffffb0580000]     5221 ms: Young generation mutator utilization = 0.667 (mutator_speed=161695, gc_speed=324363)
   7.33| [1:0xffffb0580000]     5221 ms: Scavenge 348.9 (371.7) -> 346.6 (380.4) MB, pooled: 0 MB, 13.16 / 0.00 ms  (average mu = 0.940, current mu = 0.939) allocation failure; 
   7.36| [1:0xffffb0580000]     5251 ms: Young generation mutator utilization = 0.685 (mutator_speed=165931, gc_speed=360583)
   7.36| [1:0xffffb0580000]     5251 ms: Scavenge 362.0 (385.0) -> 359.0 (391.2) MB, pooled: 0 MB, 13.82 / 0.00 ms  (average mu = 0.940, current mu = 0.939) allocation failure; 
   7.39| [1:0xffffb0580000]     5281 ms: Young generation mutator utilization = 0.656 (mutator_speed=186872, gc_speed=356404)
   7.39| [1:0xffffb0580000]     5281 ms: Scavenge 371.4 (394.7) -> 368.8 (402.7) MB, pooled: 0 MB, 10.91 / 0.00 ms  (average mu = 0.940, current mu = 0.939) allocation failure; 
   7.42| [1:0xffffb0580000]     5311 ms: Young generation mutator utilization = 0.589 (mutator_speed=256527, gc_speed=367456)
   7.42| [1:0xffffb0580000]     5311 ms: Scavenge 383.4 (407.0) -> 380.4 (413.7) MB, pooled: 0 MB, 13.73 / 0.00 ms  (average mu = 0.940, current mu = 0.939) allocation failure; 
   7.45| [1:0xffffb0580000]     5343 ms: Young generation mutator utilization = 0.435 (mutator_speed=510444, gc_speed=393273)
   7.45| [1:0xffffb0580000]     5343 ms: Scavenge 393.6 (417.3) -> 391.0 (424.8) MB, pooled: 0 MB, 16.78 / 0.00 ms  (average mu = 0.940, current mu = 0.939) allocation failure; 
   7.48| [1:0xffffb0580000]     5366 ms: Young generation mutator utilization = 0.523 (mutator_speed=508404, gc_speed=557305)
   7.48| [1:0xffffb0580000]     5366 ms: Scavenge 405.1 (428.9) -> 402.3 (435.9) MB, pooled: 0 MB, 7.02 / 0.00 ms  (average mu = 0.940, current mu = 0.939) allocation failure; 
   7.50| [1:0xffffb0580000]     5391 ms: Young generation mutator utilization = 0.600 (mutator_speed=527150, gc_speed=790220)
   7.50| [1:0xffffb0580000]     5391 ms: Scavenge 415.6 (439.5) -> 412.9 (446.8) MB, pooled: 0 MB, 8.83 / 0.00 ms  (average mu = 0.940, current mu = 0.939) allocation failure; 
   7.53| [1:0xffffb0580000]     5423 ms: Young generation mutator utilization = 0.664 (mutator_speed=552098, gc_speed=1092570)
   7.53| [1:0xffffb0580000]     5423 ms: Scavenge 426.8 (451.1) -> 424.0 (458.1) MB, pooled: 0 MB, 14.46 / 0.00 ms  (average mu = 0.940, current mu = 0.939) allocation failure; 
   7.56| [1:0xffffb0580000]     5446 ms: Young generation mutator utilization = 0.652 (mutator_speed=583359, gc_speed=1092273)
   7.56| [1:0xffffb0580000]     5446 ms: Scavenge 437.5 (461.9) -> 434.9 (468.9) MB, pooled: 0 MB, 9.62 / 0.00 ms  (average mu = 0.940, current mu = 0.939) allocation failure; 
   7.57| [1:0xffffb0580000]     5467 ms: Young generation mutator utilization = 0.649 (mutator_speed=625855, gc_speed=1156865)
   7.57| [1:0xffffb0580000]     5467 ms: Scavenge 448.5 (473.1) -> 445.7 (480.3) MB, pooled: 0 MB, 11.10 / 0.00 ms  (average mu = 0.940, current mu = 0.939) allocation failure; 
   7.60| [1:0xffffb0580000]     5496 ms: Young generation mutator utilization = 0.656 (mutator_speed=608360, gc_speed=1160105)
   7.60| [1:0xffffb0580000]     5496 ms: Scavenge 459.5 (484.4) -> 456.6 (491.4) MB, pooled: 0 MB, 9.40 / 0.00 ms  (average mu = 0.940, current mu = 0.939) allocation failure; 
   7.65| [1:0xffffb0580000]     5536 ms: Young generation mutator utilization = 0.674 (mutator_speed=576646, gc_speed=1192882)
   7.65| [1:0xffffb0580000]     5536 ms: Scavenge 470.4 (495.5) -> 467.6 (502.5) MB, pooled: 0 MB, 16.77 / 0.00 ms  (average mu = 0.940, current mu = 0.939) allocation failure; 
   7.68| [1:0xffffb0580000]     5574 ms: Young generation mutator utilization = 0.669 (mutator_speed=576831, gc_speed=1165674)
   7.68| [1:0xffffb0580000]     5574 ms: Scavenge 480.6 (506.1) -> 478.0 (513.4) MB, pooled: 0 MB, 17.38 / 0.00 ms  (average mu = 0.940, current mu = 0.939) task; 
   7.73| [1:0xffffb0580000]     5618 ms: Young generation mutator utilization = 0.674 (mutator_speed=532474, gc_speed=1101935)
   7.73| [1:0xffffb0580000]     5618 ms: Scavenge 492.1 (517.5) -> 489.2 (524.5) MB, pooled: 0 MB, 14.99 / 0.00 ms  (average mu = 0.940, current mu = 0.939) allocation failure; 
   7.75| [1:0xffffb0580000]     5641 ms: Young generation mutator utilization = 0.673 (mutator_speed=531072, gc_speed=1091731)
   7.75| [1:0xffffb0580000]     5641 ms: Scavenge 498.9 (527.1) -> 497.1 (534.1) MB, pooled: 0 MB, 12.55 / 0.00 ms  (average mu = 0.940, current mu = 0.939) task; 
   7.78| [1:0xffffb0580000]     5676 ms: Young generation mutator utilization = 0.684 (mutator_speed=513337, gc_speed=1112418)
   7.78| [1:0xffffb0580000]     5676 ms: Scavenge 513.5 (539.3) -> 510.2 (544.6) MB, pooled: 0 MB, 9.49 / 0.00 ms  (average mu = 0.940, current mu = 0.939) allocation failure; 
   7.80| [5.2s] burst done chunks=81 rss=546.0MB heapTotal=546.3MB heapUsed=517.6MB
   7.82| [1:0xffffb0580000]     5712 ms: Young generation mutator utilization = 0.697 (mutator_speed=472859, gc_speed=1087168)
   7.82| [1:0xffffb0580000]     5712 ms: Scavenge 517.6 (546.6) -> 516.1 (555.1) MB, pooled: 0 MB, 13.04 / 0.00 ms  (average mu = 0.940, current mu = 0.939) task; 
   9.81| [7.2s] idle rss=554.6MB heapTotal=555.1MB heapUsed=517.0MB
  11.08| [1:0xffffb0580000]     8969 ms: Young generation mutator utilization = 0.977 (mutator_speed=24157, gc_speed=1036847)
  11.08| [1:0xffffb0580000]     8969 ms: Memory reducer: high alloc, foreground
  11.08| [1:0xffffb0580000]     8969 ms: Memory reducer: waiting for 8000 ms
  11.81| [9.2s] idle rss=554.6MB heapTotal=555.1MB heapUsed=517.8MB
  13.81| [11.2s] idle rss=554.6MB heapTotal=555.1MB heapUsed=518.5MB
  15.81| [13.2s] idle rss=554.7MB heapTotal=555.1MB heapUsed=519.3MB
  17.82| [15.2s] idle rss=554.7MB heapTotal=555.1MB heapUsed=520.1MB
  19.18| [1:0xffffb0580000]    17070 ms: Young generation mutator utilization = 0.994 (mutator_speed=6646, gc_speed=1036847)
  19.18| [1:0xffffb0580000]    17070 ms: Old generation mutator utilization = 0.967 (mutator_speed=8333, gc_speed=241916)
  19.18| [1:0xffffb0580000]    17070 ms: Memory reducer: high alloc, foreground
  19.18| [1:0xffffb0580000]    17070 ms: Memory reducer: waiting for 8000 ms
  19.82| [17.2s] idle rss=554.7MB heapTotal=555.1MB heapUsed=520.8MB
  21.82| [19.2s] idle rss=554.7MB heapTotal=555.1MB heapUsed=521.6MB
  23.82| [21.2s] idle rss=554.7MB heapTotal=555.1MB heapUsed=522.4MB
  25.83| [23.2s] idle rss=554.7MB heapTotal=555.1MB heapUsed=523.1MB
  27.28| [1:0xffffb0580000]    25171 ms: Young generation mutator utilization = 0.997 (mutator_speed=3576, gc_speed=1036847)
  27.28| [1:0xffffb0580000]    25171 ms: Old generation mutator utilization = 0.983 (mutator_speed=4285, gc_speed=241916)
  27.28| [1:0xffffb0580000]    25171 ms: Memory reducer: high alloc, foreground
  27.28| [1:0xffffb0580000]    25171 ms: Memory reducer: waiting for 8000 ms
  27.83| [25.2s] idle rss=554.7MB heapTotal=555.1MB heapUsed=523.9MB
  29.83| [27.2s] idle rss=554.7MB heapTotal=555.1MB heapUsed=524.7MB
  31.83| [29.2s] idle rss=554.7MB heapTotal=555.1MB heapUsed=525.4MB
  31.87| [1:0xffffb0580000]    29762 ms: Young generation mutator utilization = 0.998 (mutator_speed=2578, gc_speed=1036847)
  31.87| [1:0xffffb0580000]    29762 ms: Scavenge 525.4 (555.1) -> 516.3 (558.6) MB, pooled: 0 MB, 29.29 / 0.00 ms  (average mu = 0.940, current mu = 0.939) task; 
  33.83| [31.2s] idle rss=558.1MB heapTotal=558.6MB heapUsed=517.0MB
  35.38| [1:0xffffb0580000]    33275 ms: Young generation mutator utilization = 0.998 (mutator_speed=1952, gc_speed=860402)
  35.38| [1:0xffffb0580000]    33275 ms: Old generation mutator utilization = 0.990 (mutator_speed=2344, gc_speed=241916)
  35.38| [1:0xffffb0580000]    33275 ms: Memory reducer: high alloc, foreground
  35.38| [1:0xffffb0580000]    33275 ms: Memory reducer: waiting for 8000 ms
  35.83| [33.2s] idle rss=558.1MB heapTotal=558.6MB heapUsed=517.7MB
  37.84| [35.2s] idle rss=544.0MB heapTotal=558.6MB heapUsed=518.5MB
  39.84| [37.2s] idle rss=544.2MB heapTotal=558.6MB heapUsed=519.3MB
  41.84| [39.2s] idle rss=544.2MB heapTotal=558.6MB heapUsed=520.0MB
  43.49| [1:0xffffb0580000]    41379 ms: Young generation mutator utilization = 0.998 (mutator_speed=1342, gc_speed=860402)
  43.49| [1:0xffffb0580000]    41379 ms: Old generation mutator utilization = 0.994 (mutator_speed=1498, gc_speed=241916)
  43.49| [1:0xffffb0580000]    41379 ms: Embedder mutator utilization = 1.000 (mutator_speed=1, gc_speed=0)
  43.49| [1:0xffffb0580000]    41379 ms: Memory reducer: low alloc, foreground
  43.49| [1:0xffffb0580000]    41379 ms: Memory reducer: started GC #1
  43.61| [1:0xffffb0580000]    41502 ms: Memory reducer: finished GC #1 (will do more)
  43.61| [1:0xffffb0580000]    41502 ms: Mark-Compact (reduce) 520.7 (558.6) -> 3.6 (12.1) MB, pooled: 0 MB, 67.77 / 0.00 ms  (+ 1.2 ms in 0 steps since start of marking, biggest step 0.0 ms, walltime since start of marking 123 ms) (average mu = 0.994, current mu = 0.998) finalize incremental marking via task; GC in old space requested
  43.84| [41.2s] idle rss=42.8MB heapTotal=12.1MB heapUsed=3.7MB
  44.21| [1:0xffffb0580000]    42103 ms: Young generation mutator utilization = 0.999 (mutator_speed=864, gc_speed=860402)
  44.21| [1:0xffffb0580000]    42103 ms: Old generation mutator utilization = 0.998 (mutator_speed=884, gc_speed=354996)
  44.21| [1:0xffffb0580000]    42103 ms: Embedder mutator utilization = 1.000 (mutator_speed=1, gc_speed=0)
  44.21| [1:0xffffb0580000]    42103 ms: Memory reducer: low alloc, foreground
  44.21| [1:0xffffb0580000]    42103 ms: Memory reducer: started GC #2
  44.22| [1:0xffffb0580000]    42109 ms: Memory reducer: finished GC #2 (done)
  44.22| [1:0xffffb0580000]    42109 ms: Mark-Compact (reduce) 3.9 (12.1) -> 3.6 (5.4) MB, pooled: 0 MB, 3.80 / 0.00 ms  (+ 0.5 ms in 0 steps since start of marking, biggest step 0.0 ms, walltime since start of marking 6 ms) (average mu = 0.994, current mu = 0.993) finalize incremental marking via task; GC in old space requested
  45.85| [43.2s] idle rss=41.9MB heapTotal=5.4MB heapUsed=4.3MB
  46.33| [1:0xffffb0580000]    44222 ms: Young generation mutator utilization = 1.000 (mutator_speed=401, gc_speed=860402)
  46.33| [1:0xffffb0580000]    44222 ms: Scavenge 4.5 (5.4) -> 3.7 (6.4) MB, pooled: 0 MB, 0.29 / 0.00 ms  (average mu = 0.994, current mu = 0.993) task; 
  47.85| [45.2s] idle rss=42.6MB heapTotal=6.4MB heapUsed=4.2MB
  48.37| [1:0xffffb0580000]    46260 ms: Young generation mutator utilization = 1.000 (mutator_speed=398, gc_speed=816368)
  48.37| [1:0xffffb0580000]    46260 ms: Scavenge 4.5 (6.4) -> 3.7 (5.4) MB, pooled: 1 MB, 0.46 / 0.00 ms  (average mu = 0.994, current mu = 0.993) task; 
  49.85| [47.2s] idle rss=42.9MB heapTotal=5.4MB heapUsed=4.2MB
  50.41| [1:0xffffb0580000]    48304 ms: Young generation mutator utilization = 0.999 (mutator_speed=399, gc_speed=776093)
  50.41| [1:0xffffb0580000]    48304 ms: Scavenge 4.5 (5.4) -> 3.7 (5.4) MB, pooled: 1 MB, 1.19 / 0.00 ms  (average mu = 0.994, current mu = 0.993) task; 
  51.85| [49.2s] idle rss=43.0MB heapTotal=5.4MB heapUsed=4.2MB
  52.46| [1:0xffffb0580000]    50351 ms: Young generation mutator utilization = 0.999 (mutator_speed=399, gc_speed=712195)
  52.46| [1:0xffffb0580000]    50351 ms: Scavenge 4.5 (5.4) -> 3.7 (5.4) MB, pooled: 1 MB, 0.16 / 0.00 ms  (average mu = 0.994, current mu = 0.993) task; 
  53.85| [51.2s] idle rss=43.1MB heapTotal=5.4MB heapUsed=4.2MB
  54.49| [1:0xffffb0580000]    52386 ms: Young generation mutator utilization = 0.999 (mutator_speed=399, gc_speed=692068)
  54.49| [1:0xffffb0580000]    52386 ms: Scavenge 4.5 (5.4) -> 3.7 (5.4) MB, pooled: 1 MB, 0.12 / 0.00 ms  (average mu = 0.994, current mu = 0.993) task; 
  55.86| [53.2s] idle rss=43.1MB heapTotal=5.4MB heapUsed=4.2MB
  56.53| [1:0xffffb0580000]    54417 ms: Young generation mutator utilization = 0.999 (mutator_speed=400, gc_speed=673471)
  56.53| [1:0xffffb0580000]    54417 ms: Scavenge 4.5 (5.4) -> 3.7 (5.4) MB, pooled: 1 MB, 0.33 / 0.00 ms  (average mu = 0.994, current mu = 0.993) task; 
  57.86| [55.2s] idle rss=43.1MB heapTotal=5.4MB heapUsed=4.2MB
  58.56| [1:0xffffb0580000]    56450 ms: Young generation mutator utilization = 0.999 (mutator_speed=402, gc_speed=616354)
  58.56| [1:0xffffb0580000]    56450 ms: Scavenge 4.5 (5.4) -> 3.7 (5.4) MB, pooled: 1 MB, 0.38 / 0.00 ms  (average mu = 0.994, current mu = 0.993) task; 
  59.86| [57.2s] idle rss=43.1MB heapTotal=5.4MB heapUsed=4.2MB
  60.61| [1:0xffffb0580000]    58501 ms: Young generation mutator utilization = 0.999 (mutator_speed=400, gc_speed=535650)
  60.61| [1:0xffffb0580000]    58501 ms: Scavenge 4.5 (5.4) -> 3.7 (5.4) MB, pooled: 1 MB, 0.22 / 0.00 ms  (average mu = 0.994, current mu = 0.993) task; 
  61.86| [59.2s] idle rss=43.1MB heapTotal=5.4MB heapUsed=4.2MB
  62.67| [1:0xffffb0580000]    60560 ms: Young generation mutator utilization = 0.999 (mutator_speed=399, gc_speed=349807)
  62.67| [1:0xffffb0580000]    60560 ms: Scavenge 4.5 (5.4) -> 3.7 (5.4) MB, pooled: 1 MB, 0.10 / 0.00 ms  (average mu = 0.994, current mu = 0.993) task; 
  63.86| [61.2s] idle rss=43.1MB heapTotal=5.4MB heapUsed=4.1MB
  64.73| [1:0xffffb0580000]    62623 ms: Young generation mutator utilization = 0.997 (mutator_speed=399, gc_speed=127331)
  64.73| [1:0xffffb0580000]    62623 ms: Scavenge 4.5 (5.4) -> 3.7 (5.4) MB, pooled: 1 MB, 0.15 / 0.00 ms  (average mu = 0.994, current mu = 0.993) task; 
  65.86| [63.2s] idle rss=43.1MB heapTotal=5.4MB heapUsed=4.1MB
  66.79| [1:0xffffb0580000]    64685 ms: Young generation mutator utilization = 0.997 (mutator_speed=398, gc_speed=118656)
  66.79| [1:0xffffb0580000]    64685 ms: Scavenge 4.5 (5.4) -> 3.7 (5.4) MB, pooled: 1 MB, 0.31 / 0.00 ms  (average mu = 0.994, current mu = 0.993) task; 
  67.87| [65.2s] idle rss=43.1MB heapTotal=5.4MB heapUsed=4.1MB
  68.85| [1:0xffffb0580000]    66742 ms: Young generation mutator utilization = 0.997 (mutator_speed=397, gc_speed=117803)
  68.85| [1:0xffffb0580000]    66742 ms: Scavenge 4.5 (5.4) -> 3.7 (5.4) MB, pooled: 1 MB, 0.43 / 0.00 ms  (average mu = 0.994, current mu = 0.993) task; 
  69.87| [67.2s] idle rss=43.1MB heapTotal=5.4MB heapUsed=4.0MB
  70.90| [1:0xffffb0580000]    68788 ms: Young generation mutator utilization = 0.997 (mutator_speed=397, gc_speed=118716)
  70.90| [1:0xffffb0580000]    68788 ms: Scavenge 4.5 (5.4) -> 3.7 (5.4) MB, pooled: 1 MB, 1.81 / 0.00 ms  (average mu = 0.994, current mu = 0.993) task; 
  71.87| [69.2s] idle rss=43.1MB heapTotal=5.4MB heapUsed=4.0MB
  72.94| [1:0xffffb0580000]    70836 ms: Young generation mutator utilization = 0.996 (mutator_speed=397, gc_speed=100259)
  72.94| [1:0xffffb0580000]    70836 ms: Scavenge 4.5 (5.4) -> 3.7 (5.4) MB, pooled: 1 MB, 0.15 / 0.00 ms  (average mu = 0.994, current mu = 0.993) task; 
  73.87| [71.2s] idle rss=43.1MB heapTotal=5.4MB heapUsed=4.0MB
  74.99| [1:0xffffb0580000]    72888 ms: Young generation mutator utilization = 0.996 (mutator_speed=397, gc_speed=100559)
  74.99| [1:0xffffb0580000]    72888 ms: Scavenge 4.5 (5.4) -> 3.7 (5.4) MB, pooled: 1 MB, 0.17 / 0.00 ms  (average mu = 0.994, current mu = 0.993) task; 
  75.87| [73.2s] idle rss=43.1MB heapTotal=5.4MB heapUsed=4.0MB
  77.03| [1:0xffffb0580000]    74923 ms: Young generation mutator utilization = 0.996 (mutator_speed=397, gc_speed=99393)
  77.03| [1:0xffffb0580000]    74923 ms: Scavenge 4.5 (5.4) -> 3.7 (5.4) MB, pooled: 1 MB, 0.21 / 0.00 ms  (average mu = 0.994, current mu = 0.993) task; 
  77.87| [75.2s] idle rss=43.1MB heapTotal=5.4MB heapUsed=4.0MB
  79.07| [1:0xffffb0580000]    76960 ms: Young generation mutator utilization = 0.996 (mutator_speed=397, gc_speed=102633)
  79.07| [1:0xffffb0580000]    76960 ms: Scavenge 4.5 (5.4) -> 3.7 (5.4) MB, pooled: 1 MB, 0.29 / 0.00 ms  (average mu = 0.994, current mu = 0.993) task; 
  79.87| [77.2s] idle rss=43.1MB heapTotal=5.4MB heapUsed=4.0MB
  81.12| [1:0xffffb0580000]    79016 ms: Young generation mutator utilization = 0.996 (mutator_speed=397, gc_speed=104986)
  81.12| [1:0xffffb0580000]    79016 ms: Scavenge 4.5 (5.4) -> 3.7 (5.4) MB, pooled: 1 MB, 0.35 / 0.00 ms  (average mu = 0.994, current mu = 0.993) task; 
  81.87| [79.3s] idle rss=23.1MB heapTotal=5.4MB heapUsed=4.0MB
  83.16| [1:0xffffb0580000]    81051 ms: Young generation mutator utilization = 0.996 (mutator_speed=397, gc_speed=101445)
  83.16| [1:0xffffb0580000]    81052 ms: Scavenge 4.5 (5.4) -> 3.7 (5.4) MB, pooled: 1 MB, 0.76 / 0.00 ms  (average mu = 0.994, current mu = 0.993) task; 
  83.87| [81.3s] idle rss=23.6MB heapTotal=5.4MB heapUsed=4.0MB
  85.17| [1:0xffffb0580000]    83065 ms: Young generation mutator utilization = 0.995 (mutator_speed=398, gc_speed=87068)
  85.17| [1:0xffffb0580000]    83065 ms: Scavenge 4.5 (5.4) -> 3.7 (5.4) MB, pooled: 1 MB, 0.20 / 0.00 ms  (average mu = 0.994, current mu = 0.993) task; 
  85.88| [83.3s] idle rss=23.6MB heapTotal=5.4MB heapUsed=3.9MB
  87.21| [1:0xffffb0580000]    85102 ms: Young generation mutator utilization = 0.995 (mutator_speed=399, gc_speed=86175)
  87.21| [1:0xffffb0580000]    85102 ms: Scavenge 4.5 (5.4) -> 3.7 (5.4) MB, pooled: 1 MB, 0.14 / 0.00 ms  (average mu = 0.994, current mu = 0.993) task; 
  87.88| [85.3s] idle rss=23.6MB heapTotal=5.4MB heapUsed=3.9MB
  89.26| [1:0xffffb0580000]    87156 ms: Young generation mutator utilization = 0.996 (mutator_speed=399, gc_speed=89465)
  89.26| [1:0xffffb0580000]    87156 ms: Scavenge 4.5 (5.4) -> 3.7 (5.4) MB, pooled: 1 MB, 0.46 / 0.00 ms  (average mu = 0.994, current mu = 0.993) task; 
  89.88| [87.3s] idle rss=23.6MB heapTotal=5.4MB heapUsed=3.9MB
  91.32| [1:0xffffb0580000]    89213 ms: Young generation mutator utilization = 0.996 (mutator_speed=398, gc_speed=88854)
  91.32| [1:0xffffb0580000]    89213 ms: Scavenge 4.5 (5.4) -> 3.7 (5.4) MB, pooled: 1 MB, 0.67 / 0.00 ms  (average mu = 0.994, current mu = 0.993) task; 
  91.88| [89.3s] idle rss=23.6MB heapTotal=5.4MB heapUsed=3.9MB
  93.37| [1:0xffffb0580000]    91263 ms: Young generation mutator utilization = 0.997 (mutator_speed=398, gc_speed=118576)
  93.37| [1:0xffffb0580000]    91263 ms: Scavenge 4.5 (5.4) -> 3.7 (5.4) MB, pooled: 1 MB, 0.26 / 0.00 ms  (average mu = 0.994, current mu = 0.993) task; 
  93.89| [91.3s] idle rss=30.1MB heapTotal=5.4MB heapUsed=3.9MB
  95.41| [1:0xffffb0580000]    93306 ms: Young generation mutator utilization = 0.997 (mutator_speed=398, gc_speed=114793)
  95.41| [1:0xffffb0580000]    93306 ms: Scavenge 4.5 (5.4) -> 3.7 (5.4) MB, pooled: 1 MB, 0.33 / 0.00 ms  (average mu = 0.994, current mu = 0.993) task; 
  95.89| [93.3s] idle rss=30.1MB heapTotal=5.4MB heapUsed=3.8MB
  97.47| [1:0xffffb0580000]    95359 ms: Young generation mutator utilization = 0.996 (mutator_speed=398, gc_speed=109702)
  97.47| [1:0xffffb0580000]    95359 ms: Scavenge 4.5 (5.4) -> 3.7 (5.4) MB, pooled: 1 MB, 0.18 / 0.00 ms  (average mu = 0.994, current mu = 0.993) task; 
  97.89| [95.3s] idle rss=30.1MB heapTotal=5.4MB heapUsed=3.8MB
  99.51| [1:0xffffb0580000]    97404 ms: Young generation mutator utilization = 0.996 (mutator_speed=398, gc_speed=110604)
  99.51| [1:0xffffb0580000]    97404 ms: Scavenge 4.5 (5.4) -> 3.7 (6.4) MB, pooled: 0 MB, 0.16 / 0.00 ms  (average mu = 0.994, current mu = 0.993) task; 
  99.90| [97.3s] idle rss=30.1MB heapTotal=6.4MB heapUsed=3.8MB
 101.56| [1:0xffffb0580000]    99454 ms: Young generation mutator utilization = 0.997 (mutator_speed=398, gc_speed=114759)
 101.56| [1:0xffffb0580000]    99455 ms: Scavenge 4.5 (6.4) -> 3.7 (5.4) MB, pooled: 1 MB, 0.64 / 0.00 ms  (average mu = 0.994, current mu = 0.993) task; 
 101.90| [99.3s] idle rss=30.1MB heapTotal=5.4MB heapUsed=3.8MB
 103.60| [1:0xffffb0580000]   101497 ms: Young generation mutator utilization = 0.996 (mutator_speed=398, gc_speed=106178)
 103.60| [1:0xffffb0580000]   101497 ms: Scavenge 4.5 (5.4) -> 3.7 (5.4) MB, pooled: 1 MB, 0.16 / 0.00 ms  (average mu = 0.994, current mu = 0.993) task; 
 103.90| [101.3s] idle rss=30.1MB heapTotal=5.4MB heapUsed=3.8MB
 105.65| [1:0xffffb0580000]   103539 ms: Young generation mutator utilization = 0.997 (mutator_speed=397, gc_speed=126257)
 105.65| [1:0xffffb0580000]   103539 ms: Scavenge 4.5 (5.4) -> 3.7 (5.4) MB, pooled: 1 MB, 0.24 / 0.00 ms  (average mu = 0.994, current mu = 0.993) task; 
 105.90| [103.3s] idle rss=30.1MB heapTotal=5.4MB heapUsed=3.8MB
 107.70| [1:0xffffb0580000]   105596 ms: Young generation mutator utilization = 0.997 (mutator_speed=397, gc_speed=124541)
 107.70| [1:0xffffb0580000]   105596 ms: Scavenge 4.5 (5.4) -> 3.7 (5.4) MB, pooled: 1 MB, 0.17 / 0.00 ms  (average mu = 0.994, current mu = 0.993) task; 
 107.91| [105.3s] idle rss=30.1MB heapTotal=5.4MB heapUsed=3.7MB
 109.74| [1:0xffffb0580000]   107633 ms: Young generation mutator utilization = 0.997 (mutator_speed=397, gc_speed=123398)
 109.74| [1:0xffffb0580000]   107634 ms: Scavenge 4.5 (5.4) -> 3.7 (5.4) MB, pooled: 1 MB, 0.88 / 0.00 ms  (average mu = 0.994, current mu = 0.993) task; 
 109.91| [107.3s] idle rss=30.1MB heapTotal=5.4MB heapUsed=3.7MB
 111.79| [1:0xffffb0580000]   109684 ms: Young generation mutator utilization = 0.996 (mutator_speed=397, gc_speed=109404)
 111.79| [1:0xffffb0580000]   109684 ms: Scavenge 4.5 (5.4) -> 3.7 (5.4) MB, pooled: 1 MB, 0.23 / 0.00 ms  (average mu = 0.994, current mu = 0.993) task; 
 111.91| [109.3s] idle rss=30.1MB heapTotal=5.4MB heapUsed=3.7MB
 113.81| [1:0xffffb0580000]   111705 ms: Young generation mutator utilization = 0.997 (mutator_speed=398, gc_speed=124196)
 113.81| [1:0xffffb0580000]   111705 ms: Scavenge 4.5 (5.4) -> 3.7 (5.4) MB, pooled: 1 MB, 0.18 / 0.00 ms  (average mu = 0.994, current mu = 0.993) task; 
 113.91| [111.3s] idle rss=30.1MB heapTotal=5.4MB heapUsed=3.7MB
 115.85| [1:0xffffb0580000]   113740 ms: Young generation mutator utilization = 0.997 (mutator_speed=398, gc_speed=127258)
 115.85| [1:0xffffb0580000]   113740 ms: Scavenge 4.5 (5.4) -> 3.7 (5.4) MB, pooled: 1 MB, 0.26 / 0.00 ms  (average mu = 0.994, current mu = 0.993) task; 
 115.91| [113.3s] idle rss=30.1MB heapTotal=5.4MB heapUsed=3.7MB
 117.87| [1:0xffffb0580000]   115761 ms: Young generation mutator utilization = 0.997 (mutator_speed=399, gc_speed=130223)
 117.87| [1:0xffffb0580000]   115761 ms: Scavenge 4.5 (5.4) -> 3.7 (5.4) MB, pooled: 1 MB, 0.22 / 0.00 ms  (average mu = 0.994, current mu = 0.993) task; 
 117.92| [115.3s] idle rss=30.1MB heapTotal=5.4MB heapUsed=3.7MB
 119.90| [1:0xffffb0580000]   117793 ms: Young generation mutator utilization = 0.997 (mutator_speed=399, gc_speed=128398)
 119.90| [1:0xffffb0580000]   117793 ms: Scavenge 4.5 (5.4) -> 3.7 (5.4) MB, pooled: 1 MB, 0.20 / 0.00 ms  (average mu = 0.994, current mu = 0.993) task; 
 119.92| [117.3s] idle rss=30.1MB heapTotal=5.4MB heapUsed=3.7MB
 121.92| [119.3s] idle rss=30.1MB heapTotal=5.4MB heapUsed=4.4MB
 121.93| [1:0xffffb0580000]   119824 ms: Young generation mutator utilization = 0.997 (mutator_speed=400, gc_speed=126982)
 121.93| [1:0xffffb0580000]   119824 ms: Scavenge 4.5 (5.4) -> 3.7 (5.4) MB, pooled: 1 MB, 0.13 / 0.00 ms  (average mu = 0.994, current mu = 0.993) task; 
 123.92| [121.3s] idle rss=30.1MB heapTotal=5.4MB heapUsed=4.4MB
 123.97| [1:0xffffb0580000]   121860 ms: Young generation mutator utilization = 0.997 (mutator_speed=400, gc_speed=151064)
 123.97| [1:0xffffb0580000]   121860 ms: Scavenge 4.5 (5.4) -> 3.7 (5.4) MB, pooled: 1 MB, 0.19 / 0.00 ms  (average mu = 0.994, current mu = 0.993) task; 
 125.92| [123.3s] idle rss=30.1MB heapTotal=5.4MB heapUsed=4.4MB
 125.98| [1:0xffffb0580000]   123872 ms: Young generation mutator utilization = 0.997 (mutator_speed=401, gc_speed=149440)
 125.98| [1:0xffffb0580000]   123873 ms: Scavenge 4.5 (5.4) -> 3.7 (5.4) MB, pooled: 1 MB, 0.11 / 0.00 ms  (average mu = 0.994, current mu = 0.993) task; 
 127.92| [125.3s] idle rss=29.3MB heapTotal=5.4MB heapUsed=4.4MB
 128.00| [1:0xffffb0580000]   125897 ms: Young generation mutator utilization = 0.997 (mutator_speed=401, gc_speed=157069)
 128.00| [1:0xffffb0580000]   125897 ms: Scavenge 4.5 (5.4) -> 3.7 (5.4) MB, pooled: 1 MB, 2.75 / 0.00 ms  (average mu = 0.994, current mu = 0.993) task; 
 129.93| [127.3s] idle rss=30.0MB heapTotal=5.4MB heapUsed=4.4MB
 130.06| [1:0xffffb0580000]   127949 ms: Young generation mutator utilization = 0.995 (mutator_speed=401, gc_speed=78275)
 130.06| [1:0xffffb0580000]   127949 ms: Scavenge 4.5 (5.4) -> 3.7 (5.4) MB, pooled: 1 MB, 0.41 / 0.00 ms  (average mu = 0.994, current mu = 0.993) task; 
 131.93| [129.3s] idle rss=30.0MB heapTotal=5.4MB heapUsed=4.4MB
 132.09| [1:0xffffb0580000]   129980 ms: Young generation mutator utilization = 0.995 (mutator_speed=401, gc_speed=86028)
 132.09| [1:0xffffb0580000]   129980 ms: Scavenge 4.5 (5.4) -> 3.7 (5.4) MB, pooled: 1 MB, 0.38 / 0.00 ms  (average mu = 0.994, current mu = 0.993) task; 
 133.93| [131.3s] idle rss=30.0MB heapTotal=5.4MB heapUsed=4.4MB
 134.12| [1:0xffffb0580000]   132015 ms: Young generation mutator utilization = 0.995 (mutator_speed=401, gc_speed=83376)
 134.12| [1:0xffffb0580000]   132015 ms: Scavenge 4.5 (5.4) -> 3.7 (5.4) MB, pooled: 1 MB, 0.21 / 0.00 ms  (average mu = 0.994, current mu = 0.993) task; 
 135.93| [133.3s] idle rss=30.0MB heapTotal=5.4MB heapUsed=4.3MB
 136.17| [1:0xffffb0580000]   134062 ms: Young generation mutator utilization = 0.995 (mutator_speed=401, gc_speed=82947)
 136.17| [1:0xffffb0580000]   134062 ms: Scavenge 4.5 (5.4) -> 3.7 (5.4) MB, pooled: 1 MB, 0.15 / 0.00 ms  (average mu = 0.994, current mu = 0.993) task; 
 137.93| [135.3s] idle rss=30.0MB heapTotal=5.4MB heapUsed=4.3MB
 138.21| [1:0xffffb0580000]   136104 ms: Young generation mutator utilization = 0.995 (mutator_speed=401, gc_speed=84815)
 138.21| [1:0xffffb0580000]   136104 ms: Scavenge 4.5 (5.4) -> 3.7 (5.4) MB, pooled: 1 MB, 0.76 / 0.00 ms  (average mu = 0.994, current mu = 0.993) task; 
 139.93| [137.3s] idle rss=30.0MB heapTotal=5.4MB heapUsed=4.3MB
 140.25| [1:0xffffb0580000]   138139 ms: Young generation mutator utilization = 0.995 (mutator_speed=400, gc_speed=76160)
 140.25| [1:0xffffb0580000]   138139 ms: Scavenge 4.5 (5.4) -> 3.7 (5.4) MB, pooled: 1 MB, 0.16 / 0.00 ms  (average mu = 0.994, current mu = 0.993) task; 
 141.94| [139.3s] idle rss=30.0MB heapTotal=5.4MB heapUsed=4.3MB
 142.28| [1:0xffffb0580000]   140172 ms: Young generation mutator utilization = 0.995 (mutator_speed=400, gc_speed=76740)
 142.28| [1:0xffffb0580000]   140172 ms: Scavenge 4.5 (5.4) -> 3.7 (5.4) MB, pooled: 1 MB, 0.41 / 0.00 ms  (average mu = 0.994, current mu = 0.993) task; 
 143.94| [141.3s] idle rss=30.0MB heapTotal=5.4MB heapUsed=4.3MB
 144.32| [1:0xffffb0580000]   142218 ms: Young generation mutator utilization = 0.995 (mutator_speed=400, gc_speed=72909)
 144.33| [1:0xffffb0580000]   142218 ms: Scavenge 4.5 (5.4) -> 3.7 (5.4) MB, pooled: 1 MB, 0.14 / 0.00 ms  (average mu = 0.994, current mu = 0.993) task; 
 145.94| [143.3s] idle rss=30.0MB heapTotal=5.4MB heapUsed=4.3MB
 146.36| [1:0xffffb0580000]   144258 ms: Young generation mutator utilization = 0.995 (mutator_speed=399, gc_speed=73534)
 146.36| [1:0xffffb0580000]   144258 ms: Scavenge 4.5 (5.4) -> 3.7 (5.4) MB, pooled: 1 MB, 0.12 / 0.00 ms  (average mu = 0.994, current mu = 0.993) task; 
 147.94| [145.3s] idle rss=30.0MB heapTotal=5.4MB heapUsed=4.3MB
 148.41| [1:0xffffb0580000]   146305 ms: Young generation mutator utilization = 0.995 (mutator_speed=399, gc_speed=73427)
 148.41| [1:0xffffb0580000]   146305 ms: Scavenge 4.5 (5.4) -> 3.7 (5.4) MB, pooled: 1 MB, 0.42 / 0.00 ms  (average mu = 0.994, current mu = 0.993) task; 
 149.94| [147.3s] idle rss=30.0MB heapTotal=5.4MB heapUsed=4.2MB
 150.46| [1:0xffffb0580000]   148354 ms: Young generation mutator utilization = 0.997 (mutator_speed=399, gc_speed=127585)
 150.46| [1:0xffffb0580000]   148354 ms: Scavenge 4.5 (5.4) -> 3.7 (5.4) MB, pooled: 1 MB, 0.17 / 0.00 ms  (average mu = 0.994, current mu = 0.993) task; 
 151.94| [149.3s] idle rss=30.0MB heapTotal=5.4MB heapUsed=4.2MB
 152.51| [1:0xffffb0580000]   150405 ms: Young generation mutator utilization = 0.997 (mutator_speed=398, gc_speed=138217)
 152.51| [1:0xffffb0580000]   150405 ms: Scavenge 4.5 (5.4) -> 3.7 (5.4) MB, pooled: 1 MB, 0.22 / 0.00 ms  (average mu = 0.994, current mu = 0.993) task; 
 153.94| [151.3s] idle rss=30.0MB heapTotal=5.4MB heapUsed=4.2MB
 154.56| [1:0xffffb0580000]   152452 ms: Young generation mutator utilization = 0.997 (mutator_speed=398, gc_speed=146294)
 154.56| [1:0xffffb0580000]   152452 ms: Scavenge 4.5 (5.4) -> 3.7 (6.4) MB, pooled: 0 MB, 0.15 / 0.00 ms  (average mu = 0.994, current mu = 0.993) task; 
 155.94| [153.3s] idle rss=30.5MB heapTotal=6.4MB heapUsed=4.2MB
 156.59| [1:0xffffb0580000]   154485 ms: Young generation mutator utilization = 0.997 (mutator_speed=398, gc_speed=149260)
 156.59| [1:0xffffb0580000]   154485 ms: Scavenge 4.5 (6.4) -> 3.7 (5.4) MB, pooled: 1 MB, 0.24 / 0.00 ms  (average mu = 0.994, current mu = 0.993) task; 
 157.94| [155.3s] idle rss=30.5MB heapTotal=5.4MB heapUsed=4.2MB
 157.94| [155.3s] end rss=31.2MB heapTotal=5.4MB heapUsed=4.2MB
