   0.74| [0.0s] start node=v24.21.0 v8=13.6.233.17-node.53 mode=vm-once rss=39.6MB heapTotal=4.8MB heapUsed=3.6MB
   0.75| [1:0xffffb4020000]      157 ms: Scavenge 5.0 (6.0) -> 4.6 (7.0) MB, pooled: 0 MB, 2.40 / 0.00 ms  (average mu = 1.000, current mu = 1.000) allocation failure; 
   0.75| [1:0xffffb4020000:0]      157 ms: Young generation mutator utilization = 0.986 (mutator_speed=4613, gc_speed=334383)
   0.75| [1:0xffffb4020000]      159 ms: Scavenge 5.0 (7.0) -> 4.9 (9.5) MB, pooled: 0 MB, 1.52 / 0.00 ms  (average mu = 1.000, current mu = 1.000) allocation failure; 
   0.75| [1:0xffffb4020000:0]      159 ms: Young generation mutator utilization = 0.984 (mutator_speed=7405, gc_speed=442750)
   0.75| [1:0xffffb4020000]      162 ms: Scavenge 6.6 (9.5) -> 6.1 (9.7) MB, pooled: 0 MB, 1.24 / 0.00 ms  (average mu = 1.000, current mu = 1.000) allocation failure; 
   0.75| [1:0xffffb4020000:0]      162 ms: Young generation mutator utilization = 0.971 (mutator_speed=19703, gc_speed=649768)
   0.75| [1:0xffffb4020000]      164 ms: Scavenge 6.9 (9.7) -> 6.7 (15.0) MB, pooled: 0 MB, 1.76 / 0.00 ms  (average mu = 1.000, current mu = 1.000) allocation failure; 
   0.75| [1:0xffffb4020000:0]      164 ms: Young generation mutator utilization = 0.968 (mutator_speed=25007, gc_speed=762657)
   0.76| [1:0xffffb4020000]      167 ms: Scavenge 10.1 (15.0) -> 9.4 (15.5) MB, pooled: 0 MB, 1.81 / 0.00 ms  (average mu = 1.000, current mu = 1.000) allocation failure; 
   0.76| [1:0xffffb4020000:0]      167 ms: Young generation mutator utilization = 0.952 (mutator_speed=49441, gc_speed=988532)
   0.76| [1:0xffffb4020000]      169 ms: Scavenge 10.7 (15.5) -> 10.4 (26.2) MB, pooled: 0 MB, 2.34 / 0.00 ms  (average mu = 1.000, current mu = 1.000) allocation failure; 
   0.76| [1:0xffffb4020000:0]      170 ms: Young generation mutator utilization = 0.950 (mutator_speed=58966, gc_speed=1126979)
   0.77| [1:0xffffb4020000]      177 ms: Scavenge 17.5 (26.4) -> 15.9 (27.4) MB, pooled: 0 MB, 4.63 / 0.00 ms  (average mu = 1.000, current mu = 1.000) allocation failure; 
   0.77| [1:0xffffb4020000:0]      177 ms: Young generation mutator utilization = 0.920 (mutator_speed=107432, gc_speed=1227732)
   0.78| [1:0xffffb4020000]      186 ms: Scavenge 18.7 (27.5) -> 18.0 (49.3) MB, pooled: 0 MB, 7.55 / 0.00 ms  (average mu = 1.000, current mu = 1.000) allocation failure; 
   0.78| [1:0xffffb4020000:0]      186 ms: Young generation mutator utilization = 0.903 (mutator_speed=125727, gc_speed=1166145)
   0.79| [1:0xffffb4020000]      202 ms: Scavenge 32.1 (49.7) -> 28.7 (51.2) MB, pooled: 0 MB, 8.16 / 0.00 ms  (average mu = 1.000, current mu = 1.000) allocation failure; 
   0.79| [1:0xffffb4020000:0]      202 ms: Young generation mutator utilization = 0.855 (mutator_speed=217785, gc_speed=1285120)
   0.81| [1:0xffffb4020000]      215 ms: Scavenge 36.3 (53.3) -> 34.5 (96.3) MB, pooled: 0 MB, 9.49 / 0.00 ms  (average mu = 1.000, current mu = 1.000) allocation failure; 
   0.81| [1:0xffffb4020000:0]      215 ms: Young generation mutator utilization = 0.843 (mutator_speed=251979, gc_speed=1352643)
   0.87| [1:0xffffb4020000]      283 ms: Mark-Compact 84.7 (117.7) -> 73.2 (139.4) MB, pooled: 0 MB, 17.70 / 0.00 ms  (+ 8.3 ms in 601 steps since start of marking, biggest step 0.6 ms, walltime since start of marking 67 ms) (average mu = 0.913, current mu = 0.913) allocation failure; Incremental marking forced finalization
   0.90| [1:0xffffb4020000]      311 ms: Scavenge (interleaved) 120.5 (154.1) -> 111.1 (218.1) MB, pooled: 0 MB, 11.19 / 0.00 ms  (average mu = 0.913, current mu = 0.913) allocation failure; 
   0.90| [1:0xffffb4020000:0]      311 ms: Young generation mutator utilization = 0.739 (mutator_speed=562153, gc_speed=1591922)
   0.95| [1:0xffffb4020000]      364 ms: Scavenge 165.4 (235.8) -> 154.5 (258.6) MB, pooled: 0 MB, 26.70 / 0.00 ms  (average mu = 0.913, current mu = 0.913) task; 
   0.95| [1:0xffffb4020000:0]      364 ms: Young generation mutator utilization = 0.708 (mutator_speed=713129, gc_speed=1732515)
   1.00| [1:0xffffb4020000]      408 ms: Scavenge 211.3 (276.6) -> 199.8 (302.6) MB, pooled: 0 MB, 21.46 / 0.00 ms  (average mu = 0.913, current mu = 0.913) allocation failure; 
   1.00| [1:0xffffb4020000:0]      408 ms: Young generation mutator utilization = 0.691 (mutator_speed=867746, gc_speed=1939111)
   1.04| [1:0xffffb4020000]      449 ms: Scavenge 255.1 (320.1) -> 244.0 (347.4) MB, pooled: 0 MB, 24.27 / 0.00 ms  (average mu = 0.913, current mu = 0.913) allocation failure; 
   1.04| [1:0xffffb4020000:0]      449 ms: Young generation mutator utilization = 0.665 (mutator_speed=1025723, gc_speed=2032151)
   1.07| [1:0xffffb4020000]      485 ms: Scavenge 290.8 (362.2) -> 281.4 (388.7) MB, pooled: 0 MB, 19.95 / 0.00 ms  (average mu = 0.913, current mu = 0.913) task; 
   1.07| [1:0xffffb4020000:0]      485 ms: Young generation mutator utilization = 0.650 (mutator_speed=1136388, gc_speed=2114627)
   1.12| [1:0xffffb4020000]      525 ms: Scavenge 343.4 (408.4) -> 330.8 (431.4) MB, pooled: 0 MB, 23.19 / 0.00 ms  (average mu = 0.913, current mu = 0.913) allocation failure; 
   1.12| [1:0xffffb4020000:0]      525 ms: Young generation mutator utilization = 0.625 (mutator_speed=1294554, gc_speed=2160651)
   1.40| [1:0xffffb4020000]      812 ms: Mark-Compact 433.9 (499.2) -> 364.1 (503.0) MB, pooled: 0 MB, 49.11 / 0.00 ms  (+ 32.3 ms in 848 steps since start of marking, biggest step 9.3 ms, walltime since start of marking 277 ms) (average mu = 0.878, current mu = 0.860) finalize incremental marking via stack guard; GC in old space requested
   1.52| [1:0xffffb4020000]      928 ms: Scavenge 459.0 (533.1) -> 440.0 (533.1) MB, pooled: 0 MB, 37.47 / 0.00 ms  (average mu = 0.878, current mu = 0.860) allocation failure; 
   1.52| [1:0xffffb4020000:0]      928 ms: Young generation mutator utilization = 0.756 (mutator_speed=646675, gc_speed=2008946)
   1.62| [1:0xffffb4020000]     1026 ms: Scavenge 468.2 (542.5) -> 462.5 (582.2) MB, pooled: 0 MB, 82.86 / 0.00 ms  (average mu = 0.878, current mu = 0.860) allocation failure; 
   1.62| [1:0xffffb4020000:0]     1026 ms: Young generation mutator utilization = 0.697 (mutator_speed=712265, gc_speed=1641073)
   1.70| [1:0xffffb4020000]     1108 ms: Scavenge 537.6 (606.1) -> 522.5 (619.9) MB, pooled: 0 MB, 53.20 / 0.00 ms  (average mu = 0.878, current mu = 0.860) allocation failure; 
   1.70| [1:0xffffb4020000:0]     1108 ms: Young generation mutator utilization = 0.624 (mutator_speed=921523, gc_speed=1529419)
   1.81| [1:0xffffb4020000]     1217 ms: Scavenge 564.7 (633.4) -> 556.3 (668.9) MB, pooled: 0 MB, 66.99 / 0.00 ms  (average mu = 0.878, current mu = 0.860) allocation failure; 
   1.81| [1:0xffffb4020000:0]     1217 ms: Young generation mutator utilization = 0.620 (mutator_speed=864548, gc_speed=1409800)
   1.87| [1:0xffffb4020000]     1275 ms: Scavenge 621.3 (689.8) -> 608.9 (710.6) MB, pooled: 0 MB, 28.29 / 0.00 ms  (average mu = 0.878, current mu = 0.860) allocation failure; 
   1.87| [1:0xffffb4020000:0]     1275 ms: Young generation mutator utilization = 0.590 (mutator_speed=992324, gc_speed=1427456)
   1.92| [1:0xffffb4020000]     1325 ms: Scavenge 656.5 (725.1) -> 648.2 (757.1) MB, pooled: 0 MB, 33.47 / 0.00 ms  (average mu = 0.878, current mu = 0.860) allocation failure; 
   1.92| [1:0xffffb4020000:0]     1326 ms: Young generation mutator utilization = 0.563 (mutator_speed=1105617, gc_speed=1422292)
   1.97| [1:0xffffb4020000]     1379 ms: Scavenge 706.8 (775.3) -> 696.7 (800.1) MB, pooled: 0 MB, 29.41 / 0.00 ms  (average mu = 0.878, current mu = 0.860) allocation failure; 
   1.97| [1:0xffffb4020000:0]     1380 ms: Young generation mutator utilization = 0.538 (mutator_speed=1198005, gc_speed=1397479)
   2.02| [1:0xffffb4020000]     1433 ms: Scavenge 747.1 (815.8) -> 738.4 (845.8) MB, pooled: 0 MB, 32.49 / 0.00 ms  (average mu = 0.878, current mu = 0.860) allocation failure; 
   2.02| [1:0xffffb4020000:0]     1433 ms: Young generation mutator utilization = 0.521 (mutator_speed=1266021, gc_speed=1374887)
   2.08| [1:0xffffb4020000]     1493 ms: Scavenge 794.8 (863.4) -> 785.1 (889.6) MB, pooled: 0 MB, 31.25 / 0.00 ms  (average mu = 0.878, current mu = 0.860) allocation failure; 
   2.08| [1:0xffffb4020000:0]     1493 ms: Young generation mutator utilization = 0.511 (mutator_speed=1295167, gc_speed=1353288)
   2.13| [1:0xffffb4020000]     1540 ms: Scavenge 837.0 (905.6) -> 828.0 (935.1) MB, pooled: 0 MB, 28.23 / 0.00 ms  (average mu = 0.878, current mu = 0.860) allocation failure; 
   2.13| [1:0xffffb4020000:0]     1540 ms: Young generation mutator utilization = 0.494 (mutator_speed=1376174, gc_speed=1345260)
   2.18| [1:0xffffb4020000]     1595 ms: Scavenge 883.4 (951.9) -> 873.8 (978.9) MB, pooled: 0 MB, 36.14 / 0.00 ms  (average mu = 0.878, current mu = 0.860) allocation failure; 
   2.18| [1:0xffffb4020000:0]     1595 ms: Young generation mutator utilization = 0.484 (mutator_speed=1461945, gc_speed=1371044)
   2.24| [1:0xffffb4020000]     1653 ms: Scavenge 926.6 (995.2) -> 917.5 (1024.0) MB, pooled: 0 MB, 37.43 / 0.00 ms  (average mu = 0.878, current mu = 0.860) allocation failure; 
   2.24| [1:0xffffb4020000:0]     1653 ms: Young generation mutator utilization = 0.503 (mutator_speed=1510922, gc_speed=1527832)
   2.32| [1:0xffffb4020000]     1726 ms: Scavenge 972.1 (1040.7) -> 962.6 (1068.2) MB, pooled: 0 MB, 47.42 / 0.00 ms  (average mu = 0.878, current mu = 0.860) allocation failure; 
   2.32| [1:0xffffb4020000:0]     1726 ms: Young generation mutator utilization = 0.509 (mutator_speed=1509308, gc_speed=1566277)
   2.39| [1:0xffffb4020000]     1801 ms: Scavenge 1015.9 (1084.5) -> 1006.7 (1113.0) MB, pooled: 0 MB, 51.64 / 0.00 ms  (average mu = 0.878, current mu = 0.860) allocation failure; 
   2.39| [1:0xffffb4020000:0]     1801 ms: Young generation mutator utilization = 0.516 (mutator_speed=1528577, gc_speed=1632401)
   2.44| [1:0xffffb4020000]     1853 ms: Scavenge 1061.0 (1129.6) -> 1051.6 (1157.1) MB, pooled: 0 MB, 30.47 / 0.00 ms  (average mu = 0.878, current mu = 0.860) allocation failure; 
   2.44| [1:0xffffb4020000:0]     1853 ms: Young generation mutator utilization = 0.509 (mutator_speed=1570333, gc_speed=1630286)
   2.51| [1:0xffffb4020000]     1917 ms: Scavenge 1105.1 (1173.8) -> 1095.9 (1202.1) MB, pooled: 0 MB, 47.05 / 0.00 ms  (average mu = 0.878, current mu = 0.860) allocation failure; 
   2.51| [1:0xffffb4020000:0]     1917 ms: Young generation mutator utilization = 0.488 (mutator_speed=1647416, gc_speed=1568196)
   2.59| [1:0xffffb4020000]     2000 ms: Scavenge 1150.0 (1218.6) -> 1140.6 (1246.1) MB, pooled: 0 MB, 63.13 / 0.00 ms  (average mu = 0.878, current mu = 0.860) allocation failure; 
   2.59| [1:0xffffb4020000:0]     2000 ms: Young generation mutator utilization = 0.461 (mutator_speed=1686034, gc_speed=1439220)
   2.67| [1:0xffffb4020000]     2081 ms: Scavenge 1194.4 (1263.0) -> 1185.1 (1291.0) MB, pooled: 0 MB, 58.76 / 0.00 ms  (average mu = 0.878, current mu = 0.860) allocation failure; 
   2.67| [1:0xffffb4020000:0]     2081 ms: Young generation mutator utilization = 0.445 (mutator_speed=1686083, gc_speed=1350700)
   2.97| [1:0xffffb4020000]     2383 ms: Mark-Compact 1195.1 (1293.6) -> 328.1 (485.0) MB, pooled: 788 MB, 55.85 / 0.00 ms  (+ 207.1 ms in 38 steps since start of marking, biggest step 24.0 ms, walltime since start of marking 299 ms) (average mu = 0.842, current mu = 0.833) finalize incremental marking via stack guard; GC in old space requested
   3.12| [1:0xffffb4020000]     2525 ms: Scavenge 422.1 (488.7) -> 405.9 (488.7) MB, pooled: 786 MB, 41.22 / 0.00 ms  (average mu = 0.842, current mu = 0.833) allocation failure; 
   3.12| [1:0xffffb4020000:0]     2525 ms: Young generation mutator utilization = 0.724 (mutator_speed=499211, gc_speed=1306457)
   3.16| [1:0xffffb4020000]     2569 ms: Scavenge 429.7 (496.1) -> 425.5 (543.4) MB, pooled: 731 MB, 29.87 / 0.00 ms  (average mu = 0.842, current mu = 0.833) allocation failure; 
   3.16| [1:0xffffb4020000:0]     2569 ms: Young generation mutator utilization = 0.700 (mutator_speed=563331, gc_speed=1312000)
   3.20| [1:0xffffb4020000]     2607 ms: Scavenge 502.0 (567.5) -> 488.8 (579.7) MB, pooled: 696 MB, 19.28 / 0.00 ms  (average mu = 0.842, current mu = 0.833) allocation failure; 
   3.20| [1:0xffffb4020000:0]     2607 ms: Young generation mutator utilization = 0.615 (mutator_speed=850163, gc_speed=1356053)
   3.24| [1:0xffffb4020000]     2648 ms: Scavenge 525.8 (591.3) -> 519.4 (630.3) MB, pooled: 646 MB, 28.88 / 0.00 ms  (average mu = 0.842, current mu = 0.833) allocation failure; 
   3.24| [1:0xffffb4020000:0]     2648 ms: Young generation mutator utilization = 0.592 (mutator_speed=958710, gc_speed=1389504)
   3.28| [1:0xffffb4020000]     2690 ms: Scavenge 585.9 (651.2) -> 574.4 (670.7) MB, pooled: 608 MB, 22.55 / 0.00 ms  (average mu = 0.842, current mu = 0.833) allocation failure; 
   3.28| [1:0xffffb4020000:0]     2690 ms: Young generation mutator utilization = 0.564 (mutator_speed=1139907, gc_speed=1473376)
   3.32| [1:0xffffb4020000]     2732 ms: Scavenge 618.9 (684.3) -> 611.2 (718.3) MB, pooled: 561 MB, 26.54 / 0.00 ms  (average mu = 0.842, current mu = 0.833) allocation failure; 
   3.32| [1:0xffffb4020000:0]     2732 ms: Young generation mutator utilization = 0.560 (mutator_speed=1238284, gc_speed=1577431)
   3.37| [1:0xffffb4020000]     2782 ms: Scavenge 654.9 (731.8) -> 647.3 (755.1) MB, pooled: 525 MB, 25.78 / 0.00 ms  (average mu = 0.842, current mu = 0.833) task; 
   3.37| [1:0xffffb4020000:0]     2782 ms: Young generation mutator utilization = 0.557 (mutator_speed=1245284, gc_speed=1568871)
   3.43| [1:0xffffb4020000]     2837 ms: Scavenge 708.8 (774.3) -> 698.1 (796.8) MB, pooled: 484 MB, 31.78 / 0.00 ms  (average mu = 0.842, current mu = 0.833) allocation failure; 
   3.43| [1:0xffffb4020000:0]     2838 ms: Young generation mutator utilization = 0.550 (mutator_speed=1335105, gc_speed=1634610)
   3.48| [1:0xffffb4020000]     2895 ms: Scavenge 746.5 (812.0) -> 738.1 (843.7) MB, pooled: 438 MB, 32.52 / 0.00 ms  (average mu = 0.842, current mu = 0.833) allocation failure; 
   3.49| [1:0xffffb4020000:0]     2896 ms: Young generation mutator utilization = 0.572 (mutator_speed=1341479, gc_speed=1795258)
   3.54| [1:0xffffb4020000]     2948 ms: Scavenge 796.1 (861.6) -> 786.1 (886.6) MB, pooled: 396 MB, 28.80 / 0.00 ms  (average mu = 0.842, current mu = 0.833) allocation failure; 
   3.54| [1:0xffffb4020000:0]     2948 ms: Young generation mutator utilization = 0.586 (mutator_speed=1399056, gc_speed=1979705)
   3.61| [1:0xffffb4020000]     3013 ms: Scavenge 836.8 (902.3) -> 828.0 (932.3) MB, pooled: 352 MB, 44.24 / 0.00 ms  (average mu = 0.842, current mu = 0.833) allocation failure; 
   3.61| [1:0xffffb4020000:0]     3013 ms: Young generation mutator utilization = 0.579 (mutator_speed=1441776, gc_speed=1983027)
   3.66| [1:0xffffb4020000]     3069 ms: Scavenge 884.2 (949.6) -> 874.5 (975.9) MB, pooled: 309 MB, 33.81 / 0.00 ms  (average mu = 0.842, current mu = 0.833) allocation failure; 
   3.66| [1:0xffffb4020000:0]     3069 ms: Young generation mutator utilization = 0.564 (mutator_speed=1499057, gc_speed=1938737)
   3.72| [1:0xffffb4020000]     3126 ms: Scavenge 926.8 (992.2) -> 917.7 (1021.2) MB, pooled: 265 MB, 30.04 / 0.00 ms  (average mu = 0.842, current mu = 0.833) allocation failure; 
   3.72| [1:0xffffb4020000:0]     3126 ms: Young generation mutator utilization = 0.560 (mutator_speed=1477695, gc_speed=1883140)
   3.80| [1:0xffffb4020000]     3211 ms: Scavenge 972.9 (1038.6) -> 963.3 (1065.1) MB, pooled: 222 MB, 32.82 / 0.00 ms  (average mu = 0.842, current mu = 0.833) allocation failure; 
   3.80| [1:0xffffb4020000:0]     3211 ms: Young generation mutator utilization = 0.595 (mutator_speed=1257772, gc_speed=1850171)
   3.85| [1:0xffffb4020000]     3260 ms: Scavenge 1016.3 (1081.7) -> 1007.1 (1110.5) MB, pooled: 178 MB, 28.39 / 0.00 ms  (average mu = 0.842, current mu = 0.833) allocation failure; 
   3.85| [1:0xffffb4020000:0]     3260 ms: Young generation mutator utilization = 0.578 (mutator_speed=1329444, gc_speed=1822084)
   3.90| [1:0xffffb4020000]     3306 ms: Scavenge 1061.7 (1127.3) -> 1052.3 (1154.6) MB, pooled: 135 MB, 27.55 / 0.00 ms  (average mu = 0.842, current mu = 0.833) allocation failure; 
   3.90| [1:0xffffb4020000:0]     3306 ms: Young generation mutator utilization = 0.560 (mutator_speed=1424050, gc_speed=1811549)
   3.97| [1:0xffffb4020000]     3375 ms: Scavenge 1105.7 (1171.2) -> 1096.4 (1199.4) MB, pooled: 91 MB, 39.53 / 0.00 ms  (average mu = 0.842, current mu = 0.833) allocation failure; 
   3.97| [1:0xffffb4020000:0]     3375 ms: Young generation mutator utilization = 0.558 (mutator_speed=1402394, gc_speed=1768292)
   4.05| [1:0xffffb4020000]     3460 ms: Scavenge 1150.6 (1216.4) -> 1141.2 (1243.6) MB, pooled: 48 MB, 43.12 / 0.00 ms  (average mu = 0.842, current mu = 0.833) allocation failure; 
   4.05| [1:0xffffb4020000:0]     3460 ms: Young generation mutator utilization = 0.572 (mutator_speed=1279440, gc_speed=1712295)
   4.11| [1:0xffffb4020000]     3521 ms: Scavenge 1194.8 (1260.5) -> 1185.5 (1288.7) MB, pooled: 4 MB, 33.04 / 0.00 ms  (average mu = 0.842, current mu = 0.833) allocation failure; 
   4.11| [1:0xffffb4020000:0]     3522 ms: Young generation mutator utilization = 0.569 (mutator_speed=1293464, gc_speed=1707278)
   4.58| [1:0xffffb4020000]     3989 ms: Mark-Compact 1190.7 (1289.6) -> 325.7 (474.7) MB, pooled: 798 MB, 433.35 / 0.00 ms  (+ 2.3 ms in 2 steps since start of marking, biggest step 2.3 ms, walltime since start of marking 461 ms) (average mu = 0.772, current mu = 0.729) finalize incremental marking via stack guard; GC in old space requested
   4.95| [1:0xffffb4020000]     4357 ms: Scavenge 410.8 (476.5) -> 395.0 (476.5) MB, pooled: 798 MB, 70.58 / 0.00 ms  (average mu = 0.772, current mu = 0.729) allocation failure; 
   4.95| [1:0xffffb4020000:0]     4357 ms: Young generation mutator utilization = 0.821 (mutator_speed=328802, gc_speed=1506639)
   5.02| [1:0xffffb4020000]     4425 ms: Scavenge 400.6 (478.0) -> 399.6 (526.3) MB, pooled: 748 MB, 61.77 / 0.00 ms  (average mu = 0.772, current mu = 0.729) task; 
   5.02| [1:0xffffb4020000:0]     4425 ms: Young generation mutator utilization = 0.806 (mutator_speed=344198, gc_speed=1427526)
   5.08| [1:0xffffb4020000]     4485 ms: Scavenge 489.5 (554.6) -> 473.9 (557.6) MB, pooled: 718 MB, 31.86 / 0.00 ms  (average mu = 0.772, current mu = 0.729) allocation failure; 
   5.08| [1:0xffffb4020000:0]     4485 ms: Young generation mutator utilization = 0.675 (mutator_speed=684426, gc_speed=1421113)
   5.14| [1:0xffffb4020000]     4552 ms: Scavenge 501.1 (566.4) -> 496.4 (612.1) MB, pooled: 664 MB, 55.47 / 0.00 ms  (average mu = 0.772, current mu = 0.729) allocation failure; 
   5.14| [1:0xffffb4020000:0]     4552 ms: Young generation mutator utilization = 0.638 (mutator_speed=763377, gc_speed=1345174)
   5.20| [1:0xffffb4020000]     4610 ms: Scavenge 570.1 (635.3) -> 557.4 (649.5) MB, pooled: 628 MB, 31.17 / 0.00 ms  (average mu = 0.772, current mu = 0.729) allocation failure; 
   5.20| [1:0xffffb4020000:0]     4610 ms: Young generation mutator utilization = 0.582 (mutator_speed=963883, gc_speed=1343169)
   5.27| [1:0xffffb4020000]     4678 ms: Scavenge 596.5 (661.6) -> 589.8 (699.6) MB, pooled: 579 MB, 57.94 / 0.00 ms  (average mu = 0.772, current mu = 0.729) allocation failure; 
   5.27| [1:0xffffb4020000:0]     4678 ms: Young generation mutator utilization = 0.537 (mutator_speed=1085228, gc_speed=1260586)
   5.32| [1:0xffffb4020000]     4729 ms: Scavenge 654.6 (719.8) -> 643.3 (740.3) MB, pooled: 540 MB, 20.98 / 0.00 ms  (average mu = 0.772, current mu = 0.729) allocation failure; 
   5.32| [1:0xffffb4020000:0]     4729 ms: Young generation mutator utilization = 0.521 (mutator_speed=1174396, gc_speed=1275233)
   5.37| [1:0xffffb4020000]     4781 ms: Scavenge 689.1 (754.2) -> 681.2 (787.2) MB, pooled: 494 MB, 24.69 / 0.00 ms  (average mu = 0.772, current mu = 0.729) allocation failure; 
   5.37| [1:0xffffb4020000:0]     4781 ms: Young generation mutator utilization = 0.530 (mutator_speed=1173186, gc_speed=1322093)
   5.42| [1:0xffffb4020000]     4825 ms: Scavenge 741.1 (806.3) -> 730.7 (829.8) MB, pooled: 452 MB, 20.92 / 0.00 ms  (average mu = 0.772, current mu = 0.729) allocation failure; 
   5.42| [1:0xffffb4020000:0]     4825 ms: Young generation mutator utilization = 0.522 (mutator_speed=1275729, gc_speed=1391811)
   5.47| [1:0xffffb4020000]     4876 ms: Scavenge 780.1 (845.3) -> 771.5 (876.0) MB, pooled: 407 MB, 23.80 / 0.00 ms  (average mu = 0.772, current mu = 0.729) allocation failure; 
   5.47| [1:0xffffb4020000:0]     4876 ms: Young generation mutator utilization = 0.527 (mutator_speed=1279175, gc_speed=1425549)
   5.51| [1:0xffffb4020000]     4922 ms: Scavenge 828.8 (894.1) -> 818.9 (919.4) MB, pooled: 364 MB, 21.82 / 0.00 ms  (average mu = 0.772, current mu = 0.729) allocation failure; 
   5.51| [1:0xffffb4020000:0]     4922 ms: Young generation mutator utilization = 0.550 (mutator_speed=1343093, gc_speed=1640123)
   5.56| [1:0xffffb4020000]     4965 ms: Scavenge 854.4 (930.2) -> 848.2 (959.5) MB, pooled: 325 MB, 24.55 / 0.00 ms  (average mu = 0.772, current mu = 0.729) task; 
   5.56| [1:0xffffb4020000:0]     4965 ms: Young generation mutator utilization = 0.576 (mutator_speed=1344385, gc_speed=1823783)
   5.62| [1:0xffffb4020000]     5030 ms: Scavenge 915.9 (981.1) -> 904.2 (999.9) MB, pooled: 286 MB, 38.25 / 0.00 ms  (average mu = 0.772, current mu = 0.729) allocation failure; 
   5.62| [1:0xffffb4020000:0]     5030 ms: Young generation mutator utilization = 0.558 (mutator_speed=1423294, gc_speed=1798615)
   5.68| [1:0xffffb4020000]     5091 ms: Scavenge 947.9 (1013.2) -> 940.2 (1047.7) MB, pooled: 239 MB, 43.45 / 0.00 ms  (average mu = 0.772, current mu = 0.729) allocation failure; 
   5.68| [1:0xffffb4020000:0]     5091 ms: Young generation mutator utilization = 0.560 (mutator_speed=1460629, gc_speed=1859980)
   5.75| [1:0xffffb4020000]     5154 ms: Scavenge 1001.8 (1067.2) -> 991.2 (1089.7) MB, pooled: 198 MB, 31.50 / 0.00 ms  (average mu = 0.772, current mu = 0.729) allocation failure; 
   5.75| [1:0xffffb4020000:0]     5154 ms: Young generation mutator utilization = 0.563 (mutator_speed=1447161, gc_speed=1864718)
   5.75| [5.1s] burst done chunks=419 rss=1372.8MB heapTotal=1090.9MB heapUsed=996.5MB
   7.75| [7.1s] idle rss=1372.8MB heapTotal=1090.9MB heapUsed=996.5MB
   8.91| [1:0xffffb4020000:0]     8317 ms: Young generation mutator utilization = 0.999 (mutator_speed=1219, gc_speed=1864718)
   8.91| [1:0xffffb4020000:0]     8318 ms: Old generation mutator utilization = 0.985 (mutator_speed=8345, gc_speed=548761)
   8.91| [1:0xffffb4020000:0]     8318 ms: Memory reducer: high alloc, foreground
   8.91| [1:0xffffb4020000:0]     8318 ms: Memory reducer: waiting for 8000 ms
   9.75| [9.1s] idle rss=1372.8MB heapTotal=1090.9MB heapUsed=996.5MB
  11.76| [11.1s] idle rss=1372.8MB heapTotal=1090.9MB heapUsed=996.5MB
  13.78| [13.1s] idle rss=1372.8MB heapTotal=1091.2MB heapUsed=996.5MB
  15.76| [15.1s] idle rss=1372.8MB heapTotal=1091.2MB heapUsed=996.5MB
  17.01| [1:0xffffb4020000:0]    16419 ms: Young generation mutator utilization = 1.000 (mutator_speed=1, gc_speed=1864718)
  17.01| [1:0xffffb4020000:0]    16420 ms: Old generation mutator utilization = 1.000 (mutator_speed=2, gc_speed=548761)
  17.01| [1:0xffffb4020000:0]    16420 ms: Embedder mutator utilization = 1.000 (mutator_speed=0, gc_speed=1)
  17.01| [1:0xffffb4020000:0]    16420 ms: Memory reducer: low alloc, foreground
  17.01| [1:0xffffb4020000:0]    16420 ms: Memory reducer: started GC #1
  17.26| [1:0xffffb4020000:0]    16670 ms: Memory reducer: finished GC #1 (will do more)
  17.26| [1:0xffffb4020000]    16670 ms: Mark-Compact (reduce) 996.5 (1091.2) -> 4.3 (23.8) MB, pooled: 0 MB, 144.60 / 0.01 ms  (+ 3.9 ms in 4 steps since start of marking, biggest step 1.7 ms, walltime since start of marking 250 ms) (average mu = 0.968, current mu = 0.988) finalize incremental marking via task; GC in old space requested
  17.76| [17.1s] idle rss=88.8MB heapTotal=23.8MB heapUsed=4.3MB
  17.86| [1:0xffffb4020000:0]    17271 ms: Young generation mutator utilization = 1.000 (mutator_speed=10, gc_speed=1864718)
  17.86| [1:0xffffb4020000:0]    17271 ms: Old generation mutator utilization = 0.999 (mutator_speed=513, gc_speed=415903)
  17.86| [1:0xffffb4020000:0]    17271 ms: Embedder mutator utilization = 1.000 (mutator_speed=0, gc_speed=1)
  17.86| [1:0xffffb4020000:0]    17271 ms: Memory reducer: low alloc, foreground
  17.86| [1:0xffffb4020000:0]    17271 ms: Memory reducer: started GC #2
  17.87| [1:0xffffb4020000:0]    17281 ms: Memory reducer: finished GC #2 (done)
  17.87| [1:0xffffb4020000]    17281 ms: Mark-Compact (reduce) 4.3 (23.8) -> 3.1 (5.3) MB, pooled: 0 MB, 3.72 / 0.00 ms  (+ 0.2 ms in 5 steps since start of marking, biggest step 0.1 ms, walltime since start of marking 11 ms) (average mu = 0.970, current mu = 0.994) finalize incremental marking via task; GC in old space requested
  19.76| [19.1s] idle rss=86.1MB heapTotal=5.3MB heapUsed=3.1MB
  21.76| [21.1s] idle rss=86.1MB heapTotal=5.3MB heapUsed=3.1MB
  23.76| [23.1s] idle rss=86.1MB heapTotal=5.3MB heapUsed=3.2MB
  25.78| [25.2s] idle rss=86.1MB heapTotal=5.3MB heapUsed=3.2MB
  27.78| [27.2s] idle rss=86.1MB heapTotal=5.3MB heapUsed=3.2MB
  29.78| [29.2s] idle rss=86.1MB heapTotal=5.3MB heapUsed=3.2MB
  31.78| [31.2s] idle rss=86.1MB heapTotal=5.3MB heapUsed=3.2MB
  33.78| [33.2s] idle rss=86.1MB heapTotal=5.3MB heapUsed=3.2MB
  35.78| [35.2s] idle rss=86.1MB heapTotal=5.3MB heapUsed=3.2MB
  37.78| [37.2s] idle rss=86.1MB heapTotal=5.3MB heapUsed=3.2MB
  39.79| [39.2s] idle rss=86.1MB heapTotal=5.3MB heapUsed=3.2MB
  41.79| [41.2s] idle rss=86.1MB heapTotal=5.3MB heapUsed=3.2MB
  43.79| [43.2s] idle rss=86.1MB heapTotal=5.3MB heapUsed=3.2MB
  45.79| [45.2s] idle rss=86.1MB heapTotal=5.3MB heapUsed=3.2MB
  47.80| [47.2s] idle rss=86.1MB heapTotal=5.3MB heapUsed=3.2MB
  49.80| [49.2s] idle rss=86.1MB heapTotal=5.3MB heapUsed=3.2MB
  51.80| [51.2s] idle rss=86.1MB heapTotal=5.3MB heapUsed=3.2MB
  53.81| [53.2s] idle rss=86.1MB heapTotal=5.3MB heapUsed=3.2MB
  55.81| [55.2s] idle rss=86.1MB heapTotal=5.3MB heapUsed=3.2MB
  57.81| [57.2s] idle rss=86.1MB heapTotal=5.3MB heapUsed=3.2MB
  59.81| [59.2s] idle rss=86.1MB heapTotal=5.3MB heapUsed=3.2MB
  61.81| [61.2s] idle rss=86.1MB heapTotal=5.3MB heapUsed=3.2MB
  63.81| [63.2s] idle rss=86.1MB heapTotal=5.3MB heapUsed=3.2MB
  65.82| [65.2s] idle rss=86.1MB heapTotal=5.3MB heapUsed=3.2MB
  67.82| [67.2s] idle rss=86.1MB heapTotal=5.3MB heapUsed=3.2MB
  69.82| [69.2s] idle rss=86.1MB heapTotal=5.3MB heapUsed=3.2MB
  71.83| [71.2s] idle rss=86.1MB heapTotal=5.3MB heapUsed=3.2MB
  73.83| [73.2s] idle rss=86.1MB heapTotal=5.3MB heapUsed=3.2MB
  75.83| [75.2s] idle rss=86.1MB heapTotal=5.3MB heapUsed=3.2MB
  77.83| [77.2s] idle rss=86.1MB heapTotal=5.3MB heapUsed=3.2MB
  79.84| [79.2s] idle rss=86.1MB heapTotal=5.3MB heapUsed=3.2MB
  81.84| [81.2s] idle rss=71.2MB heapTotal=5.3MB heapUsed=3.2MB
  83.84| [83.2s] idle rss=72.3MB heapTotal=5.3MB heapUsed=3.2MB
  85.85| [85.2s] idle rss=72.3MB heapTotal=5.3MB heapUsed=3.2MB
  87.85| [87.2s] idle rss=72.3MB heapTotal=5.3MB heapUsed=3.2MB
  89.85| [89.2s] idle rss=74.4MB heapTotal=5.3MB heapUsed=3.2MB
  91.85| [91.2s] idle rss=74.4MB heapTotal=5.3MB heapUsed=3.2MB
  93.85| [93.2s] idle rss=74.4MB heapTotal=5.3MB heapUsed=3.3MB
  95.85| [95.2s] idle rss=74.4MB heapTotal=5.3MB heapUsed=3.3MB
  97.86| [97.2s] idle rss=74.4MB heapTotal=5.3MB heapUsed=3.3MB
  99.86| [99.2s] idle rss=74.4MB heapTotal=5.3MB heapUsed=3.3MB
 101.86| [101.2s] idle rss=74.4MB heapTotal=5.3MB heapUsed=3.3MB
 103.86| [103.2s] idle rss=74.4MB heapTotal=5.3MB heapUsed=3.3MB
 105.86| [105.2s] idle rss=74.4MB heapTotal=5.3MB heapUsed=3.3MB
 107.87| [107.3s] idle rss=74.4MB heapTotal=5.3MB heapUsed=3.3MB
 109.87| [109.3s] idle rss=74.4MB heapTotal=5.3MB heapUsed=3.3MB
 111.87| [111.3s] idle rss=74.4MB heapTotal=5.3MB heapUsed=3.3MB
 113.87| [113.3s] idle rss=74.4MB heapTotal=5.3MB heapUsed=3.3MB
 115.88| [115.3s] idle rss=53.4MB heapTotal=5.3MB heapUsed=3.3MB
 117.89| [117.3s] idle rss=20.3MB heapTotal=5.3MB heapUsed=3.3MB
 119.89| [119.3s] idle rss=14.0MB heapTotal=5.3MB heapUsed=3.3MB
 121.89| [121.3s] idle rss=14.0MB heapTotal=5.3MB heapUsed=3.3MB
 123.89| [123.3s] idle rss=14.0MB heapTotal=5.3MB heapUsed=3.3MB
 125.90| [125.3s] idle rss=12.8MB heapTotal=5.3MB heapUsed=3.3MB
 127.90| [127.3s] idle rss=13.2MB heapTotal=5.3MB heapUsed=3.3MB
 129.90| [129.3s] idle rss=13.2MB heapTotal=5.3MB heapUsed=3.3MB
 131.90| [131.3s] idle rss=13.2MB heapTotal=5.3MB heapUsed=3.3MB
 133.91| [133.3s] idle rss=13.2MB heapTotal=5.3MB heapUsed=3.3MB
 135.91| [135.3s] idle rss=13.2MB heapTotal=5.3MB heapUsed=3.3MB
 137.91| [137.3s] idle rss=13.2MB heapTotal=5.3MB heapUsed=3.3MB
 139.91| [139.3s] idle rss=12.8MB heapTotal=5.3MB heapUsed=3.3MB
 141.92| [141.3s] idle rss=12.8MB heapTotal=5.3MB heapUsed=3.3MB
 143.92| [143.3s] idle rss=12.8MB heapTotal=5.3MB heapUsed=3.3MB
 145.92| [145.3s] idle rss=12.6MB heapTotal=5.3MB heapUsed=3.3MB
 147.93| [147.3s] idle rss=13.0MB heapTotal=5.3MB heapUsed=3.3MB
 149.93| [149.3s] idle rss=18.7MB heapTotal=5.3MB heapUsed=3.3MB
 151.93| [151.3s] idle rss=18.7MB heapTotal=5.3MB heapUsed=3.3MB
 153.93| [153.3s] idle rss=15.2MB heapTotal=5.3MB heapUsed=3.3MB
 155.94| [155.3s] idle rss=14.7MB heapTotal=5.3MB heapUsed=3.3MB
 155.95| [155.3s] end rss=18.6MB heapTotal=5.3MB heapUsed=3.3MB
