   0.23| [0.0s] start node=v24.21.0 v8=13.6.233.17-node.53 mode=log rss=41.7MB heapTotal=5.6MB heapUsed=3.6MB
   0.23| [1:0xffff80040000]       14 ms: Scavenge 5.0 (6.0) -> 4.6 (7.0) MB, pooled: 0 MB, 0.39 / 0.00 ms  (average mu = 1.000, current mu = 1.000) allocation failure; 
   0.23| [1:0xffff80040000:0]       14 ms: Young generation mutator utilization = 0.997 (mutator_speed=6988, gc_speed=2127648)
   0.23| [1:0xffff80040000]       14 ms: Scavenge 5.0 (7.0) -> 4.9 (9.5) MB, pooled: 0 MB, 0.36 / 0.00 ms  (average mu = 1.000, current mu = 1.000) allocation failure; 
   0.23| [1:0xffff80040000:0]       14 ms: Young generation mutator utilization = 0.996 (mutator_speed=9558, gc_speed=2376054)
   0.24| [1:0xffff80040000]       15 ms: Scavenge 6.6 (9.5) -> 6.2 (9.7) MB, pooled: 0 MB, 0.53 / 0.00 ms  (average mu = 1.000, current mu = 1.000) allocation failure; 
   0.24| [1:0xffff80040000:0]       15 ms: Young generation mutator utilization = 0.992 (mutator_speed=21981, gc_speed=2711069)
   0.24| [1:0xffff80040000]       16 ms: Scavenge 6.9 (9.7) -> 6.7 (15.0) MB, pooled: 0 MB, 0.88 / 0.00 ms  (average mu = 1.000, current mu = 1.000) allocation failure; 
   0.24| [1:0xffff80040000:0]       16 ms: Young generation mutator utilization = 0.989 (mutator_speed=26671, gc_speed=2488646)
   0.24| [1:0xffff80040000]       18 ms: Scavenge 10.2 (15.0) -> 9.4 (15.7) MB, pooled: 0 MB, 0.95 / 0.00 ms  (average mu = 1.000, current mu = 1.000) allocation failure; 
   0.24| [1:0xffff80040000:0]       18 ms: Young generation mutator utilization = 0.982 (mutator_speed=51915, gc_speed=2806765)
   0.24| [1:0xffff80040000]       19 ms: Scavenge 10.7 (15.7) -> 10.4 (26.2) MB, pooled: 0 MB, 1.15 / 0.00 ms  (average mu = 1.000, current mu = 1.000) allocation failure; 
   0.24| [1:0xffff80040000:0]       19 ms: Young generation mutator utilization = 0.980 (mutator_speed=60941, gc_speed=2954268)
   0.24| [1:0xffff80040000]       22 ms: Scavenge 17.5 (26.4) -> 16.0 (27.4) MB, pooled: 0 MB, 1.38 / 0.00 ms  (average mu = 1.000, current mu = 1.000) allocation failure; 
   0.24| [1:0xffff80040000:0]       22 ms: Young generation mutator utilization = 0.969 (mutator_speed=111139, gc_speed=3440556)
   0.25| [1:0xffff80040000]       26 ms: Scavenge 18.7 (27.5) -> 18.1 (49.5) MB, pooled: 0 MB, 2.98 / 0.00 ms  (average mu = 1.000, current mu = 1.000) allocation failure; 
   0.25| [1:0xffff80040000:0]       26 ms: Young generation mutator utilization = 0.961 (mutator_speed=129318, gc_speed=3162120)
   0.26| [1:0xffff80040000]       35 ms: Scavenge 32.2 (49.7) -> 28.8 (50.9) MB, pooled: 0 MB, 5.66 / 0.00 ms  (average mu = 1.000, current mu = 1.000) allocation failure; 
   0.26| [1:0xffff80040000:0]       35 ms: Young generation mutator utilization = 0.926 (mutator_speed=226559, gc_speed=2839900)
   0.27| [1:0xffff80040000]       46 ms: Scavenge 34.3 (51.1) -> 32.7 (93.8) MB, pooled: 0 MB, 8.07 / 0.00 ms  (average mu = 1.000, current mu = 1.000) allocation failure; 
   0.27| [1:0xffff80040000:0]       46 ms: Young generation mutator utilization = 0.905 (mutator_speed=260922, gc_speed=2496367)
   0.29| [1:0xffff80040000]       67 ms: Scavenge 74.5 (107.4) -> 64.9 (111.9) MB, pooled: 0 MB, 9.56 / 0.00 ms  (average mu = 1.000, current mu = 1.000) allocation failure; 
   0.29| [1:0xffff80040000:0]       67 ms: Young generation mutator utilization = 0.852 (mutator_speed=436984, gc_speed=2512488)
   0.33| [1:0xffff80040000]      114 ms: Mark-Compact 86.4 (119.8) -> 81.7 (212.6) MB, pooled: 0 MB, 25.84 / 0.00 ms  (+ 2.1 ms in 251 steps since start of marking, biggest step 0.2 ms, walltime since start of marking 47 ms) (average mu = 0.752, current mu = 0.752) allocation failure; Incremental marking forced finalization
   0.40| [1:0xffff80040000]      175 ms: Scavenge 176.6 (243.0) -> 157.6 (243.0) MB, pooled: 0 MB, 30.48 / 0.00 ms  (average mu = 0.752, current mu = 0.752) allocation failure; 
   0.40| [1:0xffff80040000:0]      175 ms: Young generation mutator utilization = 0.720 (mutator_speed=803682, gc_speed=2064695)
   0.43| [1:0xffff80040000]      212 ms: Scavenge 185.9 (252.3) -> 180.3 (296.6) MB, pooled: 0 MB, 24.35 / 0.00 ms  (average mu = 0.752, current mu = 0.752) allocation failure; 
   0.43| [1:0xffff80040000:0]      213 ms: Young generation mutator utilization = 0.717 (mutator_speed=865169, gc_speed=2192771)
   0.46| [1:0xffff80040000]      244 ms: Scavenge 255.2 (320.7) -> 240.0 (334.2) MB, pooled: 0 MB, 8.64 / 0.00 ms  (average mu = 0.752, current mu = 0.752) allocation failure; 
   0.46| [1:0xffff80040000:0]      244 ms: Young generation mutator utilization = 0.703 (mutator_speed=1080682, gc_speed=2552991)
   0.49| [1:0xffff80040000]      272 ms: Scavenge 282.5 (348.0) -> 273.9 (384.0) MB, pooled: 0 MB, 18.78 / 0.00 ms  (average mu = 0.752, current mu = 0.752) allocation failure; 
   0.49| [1:0xffff80040000:0]      273 ms: Young generation mutator utilization = 0.686 (mutator_speed=1207906, gc_speed=2643186)
   0.52| [1:0xffff80040000]      301 ms: Scavenge 339.1 (404.4) -> 326.0 (425.2) MB, pooled: 0 MB, 13.32 / 0.00 ms  (average mu = 0.752, current mu = 0.752) allocation failure; 
   0.52| [1:0xffff80040000:0]      301 ms: Young generation mutator utilization = 0.669 (mutator_speed=1386003, gc_speed=2795315)
   0.55| [1:0xffff80040000]      330 ms: Scavenge 375.2 (440.6) -> 365.3 (472.1) MB, pooled: 0 MB, 17.80 / 0.00 ms  (average mu = 0.752, current mu = 0.752) allocation failure; 
   0.55| [1:0xffff80040000:0]      330 ms: Young generation mutator utilization = 0.650 (mutator_speed=1523009, gc_speed=2829931)
   0.83| [1:0xffff80040000]      611 ms: Mark-Compact 586.4 (652.0) -> 480.6 (629.7) MB, pooled: 20 MB, 100.53 / 0.00 ms  (+ 29.2 ms in 2609 steps since start of marking, biggest step 0.2 ms, walltime since start of marking 280 ms) (average mu = 0.746, current mu = 0.745) allocation failure; Incremental marking forced finalization
   0.89| [1:0xffff80040000]      672 ms: Scavenge 560.0 (655.1) -> 544.1 (655.1) MB, pooled: 0 MB, 8.44 / 0.00 ms  (average mu = 0.746, current mu = 0.745) task; 
   0.89| [1:0xffff80040000:0]      672 ms: Young generation mutator utilization = 0.736 (mutator_speed=1059660, gc_speed=2951714)
   0.94| [1:0xffff80040000]      716 ms: Scavenge 583.1 (667.9) -> 575.2 (694.1) MB, pooled: 0 MB, 34.34 / 0.00 ms  (average mu = 0.746, current mu = 0.745) allocation failure; 
   0.94| [1:0xffff80040000:0]      716 ms: Young generation mutator utilization = 0.699 (mutator_speed=1174127, gc_speed=2730765)
   1.00| [1:0xffff80040000]      781 ms: Scavenge 642.4 (715.0) -> 630.7 (733.5) MB, pooled: 0 MB, 17.18 / 0.00 ms  (average mu = 0.746, current mu = 0.745) allocation failure; 
   1.00| [1:0xffff80040000:0]      781 ms: Young generation mutator utilization = 0.715 (mutator_speed=1125681, gc_speed=2819262)
   1.05| [1:0xffff80040000]      821 ms: Scavenge 674.8 (747.6) -> 667.1 (781.8) MB, pooled: 0 MB, 24.71 / 0.00 ms  (average mu = 0.746, current mu = 0.745) allocation failure; 
   1.05| [1:0xffff80040000:0]      821 ms: Young generation mutator utilization = 0.696 (mutator_speed=1215325, gc_speed=2783314)
   1.08| [1:0xffff80040000]      864 ms: Scavenge 728.4 (801.1) -> 717.8 (824.1) MB, pooled: 0 MB, 22.61 / 0.00 ms  (average mu = 0.746, current mu = 0.745) allocation failure; 
   1.08| [1:0xffff80040000:0]      864 ms: Young generation mutator utilization = 0.687 (mutator_speed=1340870, gc_speed=2941515)
   1.13| [1:0xffff80040000]      906 ms: Scavenge 764.8 (838.6) -> 756.6 (870.3) MB, pooled: 0 MB, 29.72 / 0.00 ms  (average mu = 0.746, current mu = 0.745) task; 
   1.13| [1:0xffff80040000:0]      906 ms: Young generation mutator utilization = 0.662 (mutator_speed=1449201, gc_speed=2843005)
   1.16| [1:0xffff80040000]      941 ms: Scavenge 815.7 (888.3) -> 805.4 (912.8) MB, pooled: 0 MB, 17.75 / 0.00 ms  (average mu = 0.746, current mu = 0.745) allocation failure; 
   1.16| [1:0xffff80040000:0]      941 ms: Young generation mutator utilization = 0.637 (mutator_speed=1561076, gc_speed=2741260)
   1.20| [1:0xffff80040000]      978 ms: Scavenge 855.6 (928.3) -> 846.9 (958.5) MB, pooled: 0 MB, 24.07 / 0.00 ms  (average mu = 0.746, current mu = 0.745) allocation failure; 
   1.20| [1:0xffff80040000:0]      978 ms: Young generation mutator utilization = 0.616 (mutator_speed=1662507, gc_speed=2672099)
   1.24| [1:0xffff80040000]     1025 ms: Scavenge 903.6 (976.4) -> 893.7 (1002.6) MB, pooled: 0 MB, 26.62 / 0.00 ms  (average mu = 0.746, current mu = 0.745) allocation failure; 
   1.25| [1:0xffff80040000:0]     1025 ms: Young generation mutator utilization = 0.596 (mutator_speed=1713005, gc_speed=2526656)
   1.30| [1:0xffff80040000]     1077 ms: Scavenge 945.5 (1018.3) -> 936.5 (1047.3) MB, pooled: 0 MB, 27.85 / 0.00 ms  (average mu = 0.746, current mu = 0.745) allocation failure; 
   1.30| [1:0xffff80040000:0]     1077 ms: Young generation mutator utilization = 0.591 (mutator_speed=1676680, gc_speed=2422068)
   1.37| [1:0xffff80040000]     1146 ms: Scavenge 992.0 (1064.9) -> 982.3 (1091.9) MB, pooled: 0 MB, 25.68 / 0.00 ms  (average mu = 0.746, current mu = 0.745) allocation failure; 
   1.37| [1:0xffff80040000:0]     1146 ms: Young generation mutator utilization = 0.611 (mutator_speed=1477988, gc_speed=2323542)
   1.42| [1:0xffff80040000]     1202 ms: Scavenge 1035.2 (1108.0) -> 1026.0 (1136.7) MB, pooled: 0 MB, 26.84 / 0.00 ms  (average mu = 0.746, current mu = 0.745) allocation failure; 
   1.42| [1:0xffff80040000:0]     1202 ms: Young generation mutator utilization = 0.623 (mutator_speed=1447309, gc_speed=2391256)
   1.45| [1:0xffff80040000]     1231 ms: Scavenge 1080.6 (1153.4) -> 1071.2 (1180.9) MB, pooled: 0 MB, 11.62 / 0.00 ms  (average mu = 0.746, current mu = 0.745) allocation failure; 
   1.45| [1:0xffff80040000:0]     1231 ms: Young generation mutator utilization = 0.615 (mutator_speed=1538940, gc_speed=2454741)
   1.49| [1:0xffff80040000]     1266 ms: Scavenge 1124.5 (1197.3) -> 1115.2 (1225.5) MB, pooled: 0 MB, 16.05 / 0.00 ms  (average mu = 0.746, current mu = 0.745) allocation failure; 
   1.49| [1:0xffff80040000:0]     1266 ms: Young generation mutator utilization = 0.615 (mutator_speed=1593362, gc_speed=2541560)
   1.52| [1:0xffff80040000]     1302 ms: Scavenge 1169.7 (1242.6) -> 1160.2 (1270.1) MB, pooled: 0 MB, 17.33 / 0.00 ms  (average mu = 0.746, current mu = 0.745) allocation failure; 
   1.52| [1:0xffff80040000:0]     1302 ms: Young generation mutator utilization = 0.611 (mutator_speed=1658186, gc_speed=2606480)
   1.57| [1:0xffff80040000]     1351 ms: Scavenge 1213.7 (1286.6) -> 1204.5 (1315.1) MB, pooled: 0 MB, 30.79 / 0.00 ms  (average mu = 0.746, current mu = 0.745) allocation failure; 
   1.57| [1:0xffff80040000:0]     1351 ms: Young generation mutator utilization = 0.604 (mutator_speed=1700995, gc_speed=2593850)
   1.61| [1:0xffff80040000]     1390 ms: Scavenge 1258.7 (1331.6) -> 1249.3 (1359.4) MB, pooled: 0 MB, 19.84 / 0.00 ms  (average mu = 0.746, current mu = 0.745) allocation failure; 
   1.61| [1:0xffff80040000:0]     1390 ms: Young generation mutator utilization = 0.596 (mutator_speed=1744351, gc_speed=2573080)
   1.84| [1:0xffff80040000]     1623 ms: Mark-Compact 1296.5 (1373.8) -> 328.2 (506.7) MB, pooled: 844 MB, 16.55 / 0.00 ms  (+ 187.5 ms in 39 steps since start of marking, biggest step 28.5 ms, walltime since start of marking 219 ms) (average mu = 0.786, current mu = 0.799) finalize incremental marking via stack guard; GC in old space requested
   1.91| [1:0xffff80040000]     1687 ms: Scavenge (interleaved) 422.1 (512.7) -> 406.0 (512.7) MB, pooled: 840 MB, 27.02 / 0.00 ms  (average mu = 0.786, current mu = 0.799) allocation failure; 
   1.91| [1:0xffff80040000:0]     1687 ms: Young generation mutator utilization = 0.757 (mutator_speed=804146, gc_speed=2509400)
   1.95| [1:0xffff80040000]     1726 ms: Scavenge 429.8 (513.1) -> 425.6 (545.6) MB, pooled: 807 MB, 31.56 / 0.00 ms  (average mu = 0.786, current mu = 0.799) allocation failure; 
   1.95| [1:0xffff80040000:0]     1726 ms: Young generation mutator utilization = 0.738 (mutator_speed=880909, gc_speed=2479229)
   1.99| [1:0xffff80040000]     1769 ms: Scavenge 502.1 (569.7) -> 488.8 (582.0) MB, pooled: 772 MB, 15.72 / 0.00 ms  (average mu = 0.786, current mu = 0.799) allocation failure; 
   1.99| [1:0xffff80040000:0]     1769 ms: Young generation mutator utilization = 0.708 (mutator_speed=1072704, gc_speed=2597582)
   2.02| [1:0xffff80040000]     1796 ms: Scavenge 525.9 (593.6) -> 519.5 (632.8) MB, pooled: 722 MB, 18.79 / 0.00 ms  (average mu = 0.786, current mu = 0.799) allocation failure; 
   2.02| [1:0xffff80040000:0]     1796 ms: Young generation mutator utilization = 0.693 (mutator_speed=1191537, gc_speed=2694056)
   2.05| [1:0xffff80040000]     1834 ms: Scavenge 586.0 (653.5) -> 574.5 (672.7) MB, pooled: 684 MB, 11.25 / 0.00 ms  (average mu = 0.786, current mu = 0.799) allocation failure; 
   2.05| [1:0xffff80040000:0]     1834 ms: Young generation mutator utilization = 0.691 (mutator_speed=1291108, gc_speed=2893261)
   2.08| [1:0xffff80040000]     1860 ms: Scavenge 619.0 (686.5) -> 611.3 (720.8) MB, pooled: 636 MB, 11.86 / 0.00 ms  (average mu = 0.786, current mu = 0.799) allocation failure; 
   2.08| [1:0xffff80040000:0]     1860 ms: Young generation mutator utilization = 0.677 (mutator_speed=1382067, gc_speed=2898005)
   2.11| [1:0xffff80040000]     1889 ms: Scavenge 672.2 (739.8) -> 661.6 (762.8) MB, pooled: 596 MB, 11.31 / 0.00 ms  (average mu = 0.786, current mu = 0.799) allocation failure; 
   2.11| [1:0xffff80040000:0]     1889 ms: Young generation mutator utilization = 0.663 (mutator_speed=1504123, gc_speed=2962296)
   2.14| [1:0xffff80040000]     1919 ms: Scavenge 710.4 (778.0) -> 701.9 (809.5) MB, pooled: 550 MB, 16.17 / 0.00 ms  (average mu = 0.786, current mu = 0.799) allocation failure; 
   2.14| [1:0xffff80040000:0]     1919 ms: Young generation mutator utilization = 0.652 (mutator_speed=1590491, gc_speed=2984338)
   2.17| [1:0xffff80040000]     1949 ms: Scavenge 759.6 (827.3) -> 749.6 (852.6) MB, pooled: 508 MB, 15.43 / 0.00 ms  (average mu = 0.786, current mu = 0.799) allocation failure; 
   2.17| [1:0xffff80040000:0]     1949 ms: Young generation mutator utilization = 0.655 (mutator_speed=1706599, gc_speed=3236939)
   2.22| [1:0xffff80040000]     1995 ms: Scavenge 800.6 (868.2) -> 791.8 (897.7) MB, pooled: 464 MB, 21.19 / 0.00 ms  (average mu = 0.786, current mu = 0.799) allocation failure; 
   2.22| [1:0xffff80040000:0]     1995 ms: Young generation mutator utilization = 0.658 (mutator_speed=1668461, gc_speed=3214935)
   2.26| [1:0xffff80040000]     2037 ms: Scavenge 847.8 (915.3) -> 838.1 (941.6) MB, pooled: 421 MB, 17.51 / 0.00 ms  (average mu = 0.786, current mu = 0.799) allocation failure; 
   2.26| [1:0xffff80040000:0]     2037 ms: Young generation mutator utilization = 0.673 (mutator_speed=1667303, gc_speed=3429803)
   2.31| [1:0xffff80040000]     2086 ms: Scavenge 890.3 (958.0) -> 881.2 (987.0) MB, pooled: 376 MB, 29.60 / 0.00 ms  (average mu = 0.786, current mu = 0.799) allocation failure; 
   2.31| [1:0xffff80040000:0]     2086 ms: Young generation mutator utilization = 0.669 (mutator_speed=1701124, gc_speed=3441964)
   2.33| [1:0xffff80040000]     2111 ms: Scavenge 930.3 (1002.2) -> 921.9 (1029.0) MB, pooled: 336 MB, 13.02 / 0.00 ms  (average mu = 0.786, current mu = 0.799) task; 
   2.33| [1:0xffff80040000:0]     2111 ms: Young generation mutator utilization = 0.661 (mutator_speed=1795738, gc_speed=3498050)
   2.36| [1:0xffff80040000]     2135 ms: Scavenge 979.4 (1047.2) -> 969.4 (1072.5) MB, pooled: 293 MB, 13.60 / 0.00 ms  (average mu = 0.786, current mu = 0.799) allocation failure; 
   2.36| [1:0xffff80040000:0]     2135 ms: Young generation mutator utilization = 0.648 (mutator_speed=1947988, gc_speed=3591412)
   2.39| [1:0xffff80040000]     2166 ms: Scavenge 1020.7 (1088.4) -> 1011.8 (1117.9) MB, pooled: 249 MB, 17.97 / 0.00 ms  (average mu = 0.786, current mu = 0.799) allocation failure; 
   2.39| [1:0xffff80040000:0]     2166 ms: Young generation mutator utilization = 0.632 (mutator_speed=2016462, gc_speed=3460921)
   2.42| [1:0xffff80040000]     2199 ms: Scavenge 1067.6 (1135.2) -> 1057.9 (1162.0) MB, pooled: 206 MB, 19.89 / 0.00 ms  (average mu = 0.786, current mu = 0.799) allocation failure; 
   2.42| [1:0xffff80040000:0]     2199 ms: Young generation mutator utilization = 0.609 (mutator_speed=2112114, gc_speed=3292879)
   2.45| [1:0xffff80040000]     2226 ms: Scavenge 1110.4 (1178.2) -> 1101.3 (1206.7) MB, pooled: 162 MB, 14.71 / 0.00 ms  (average mu = 0.786, current mu = 0.799) allocation failure; 
   2.45| [1:0xffff80040000:0]     2226 ms: Young generation mutator utilization = 0.597 (mutator_speed=2181623, gc_speed=3237142)
   2.47| [1:0xffff80040000]     2253 ms: Scavenge 1156.3 (1224.0) -> 1146.7 (1251.3) MB, pooled: 118 MB, 12.46 / 0.00 ms  (average mu = 0.786, current mu = 0.799) allocation failure; 
   2.47| [1:0xffff80040000:0]     2253 ms: Young generation mutator utilization = 0.597 (mutator_speed=2227055, gc_speed=3300070)
   2.50| [1:0xffff80040000]     2277 ms: Scavenge 1199.9 (1267.6) -> 1190.7 (1295.9) MB, pooled: 75 MB, 11.80 / 0.00 ms  (average mu = 0.786, current mu = 0.799) allocation failure; 
   2.50| [1:0xffff80040000:0]     2277 ms: Young generation mutator utilization = 0.594 (mutator_speed=2306091, gc_speed=3374783)
   2.66| [1:0xffff80040000]     2435 ms: Mark-Compact 1200.1 (1298.5) -> 327.6 (475.0) MB, pooled: 876 MB, 13.41 / 0.00 ms  (+ 140.0 ms in 30 steps since start of marking, biggest step 13.7 ms, walltime since start of marking 156 ms) (average mu = 0.800, current mu = 0.811) finalize incremental marking via stack guard; GC in old space requested
   2.71| [1:0xffff80040000]     2490 ms: Scavenge (interleaved) 421.6 (487.9) -> 405.4 (487.9) MB, pooled: 864 MB, 19.55 / 0.00 ms  (average mu = 0.800, current mu = 0.811) allocation failure; 
   2.71| [1:0xffff80040000:0]     2490 ms: Young generation mutator utilization = 0.754 (mutator_speed=1097088, gc_speed=3366915)
   2.79| [1:0xffff80040000]     2571 ms: Scavenge 429.2 (495.6) -> 425.1 (542.9) MB, pooled: 810 MB, 69.41 / 0.00 ms  (average mu = 0.800, current mu = 0.811) allocation failure; 
   2.79| [1:0xffff80040000:0]     2571 ms: Young generation mutator utilization = 0.698 (mutator_speed=1124290, gc_speed=2603398)
   2.83| [1:0xffff80040000]     2612 ms: Scavenge 501.4 (567.0) -> 488.2 (579.2) MB, pooled: 775 MB, 10.67 / 0.00 ms  (average mu = 0.800, current mu = 0.811) allocation failure; 
   2.83| [1:0xffff80040000:0]     2612 ms: Young generation mutator utilization = 0.694 (mutator_speed=1248763, gc_speed=2827732)
   2.87| [1:0xffff80040000]     2649 ms: Scavenge 525.3 (590.8) -> 518.9 (630.1) MB, pooled: 725 MB, 27.77 / 0.00 ms  (average mu = 0.800, current mu = 0.811) allocation failure; 
   2.87| [1:0xffff80040000:0]     2650 ms: Young generation mutator utilization = 0.664 (mutator_speed=1347720, gc_speed=2664316)
   2.90| [1:0xffff80040000]     2677 ms: Scavenge 585.4 (650.7) -> 573.9 (670.5) MB, pooled: 686 MB, 12.21 / 0.00 ms  (average mu = 0.800, current mu = 0.811) allocation failure; 
   2.90| [1:0xffff80040000:0]     2677 ms: Young generation mutator utilization = 0.638 (mutator_speed=1518889, gc_speed=2675067)
   2.92| [1:0xffff80040000]     2697 ms: Scavenge 618.4 (683.8) -> 610.6 (718.0) MB, pooled: 639 MB, 8.78 / 0.00 ms  (average mu = 0.800, current mu = 0.811) allocation failure; 
   2.92| [1:0xffff80040000:0]     2697 ms: Young generation mutator utilization = 0.633 (mutator_speed=1625840, gc_speed=2798731)
   2.94| [1:0xffff80040000]     2718 ms: Scavenge 671.6 (737.0) -> 661.1 (760.3) MB, pooled: 598 MB, 10.82 / 0.00 ms  (average mu = 0.800, current mu = 0.811) allocation failure; 
   2.94| [1:0xffff80040000:0]     2718 ms: Young generation mutator utilization = 0.618 (mutator_speed=1803408, gc_speed=2923204)
   2.96| [1:0xffff80040000]     2742 ms: Scavenge 709.7 (775.2) -> 701.3 (806.5) MB, pooled: 553 MB, 16.15 / 0.00 ms  (average mu = 0.800, current mu = 0.811) allocation failure; 
   2.96| [1:0xffff80040000:0]     2742 ms: Young generation mutator utilization = 0.600 (mutator_speed=1934158, gc_speed=2905449)
   2.98| [1:0xffff80040000]     2764 ms: Scavenge 749.4 (821.2) -> 741.1 (846.5) MB, pooled: 514 MB, 11.00 / 0.00 ms  (average mu = 0.800, current mu = 0.811) task; 
   2.98| [1:0xffff80040000:0]     2764 ms: Young generation mutator utilization = 0.589 (mutator_speed=2021917, gc_speed=2897245)
   3.01| [1:0xffff80040000]     2791 ms: Scavenge 799.2 (864.7) -> 789.2 (889.2) MB, pooled: 472 MB, 12.88 / 0.00 ms  (average mu = 0.800, current mu = 0.811) allocation failure; 
   3.01| [1:0xffff80040000:0]     2791 ms: Young generation mutator utilization = 0.577 (mutator_speed=2109608, gc_speed=2877727)
   3.04| [1:0xffff80040000]     2820 ms: Scavenge 839.9 (905.4) -> 831.1 (935.2) MB, pooled: 427 MB, 17.78 / 0.00 ms  (average mu = 0.800, current mu = 0.811) allocation failure; 
   3.04| [1:0xffff80040000:0]     2820 ms: Young generation mutator utilization = 0.572 (mutator_speed=2194634, gc_speed=2938583)
   3.07| [1:0xffff80040000]     2853 ms: Scavenge 887.3 (952.8) -> 877.6 (979.0) MB, pooled: 384 MB, 16.26 / 0.00 ms  (average mu = 0.800, current mu = 0.811) allocation failure; 
   3.07| [1:0xffff80040000:0]     2853 ms: Young generation mutator utilization = 0.642 (mutator_speed=2220340, gc_speed=3984471)
   3.10| [1:0xffff80040000]     2877 ms: Scavenge 929.7 (995.2) -> 920.7 (1024.2) MB, pooled: 340 MB, 14.92 / 0.00 ms  (average mu = 0.800, current mu = 0.811) allocation failure; 
   3.10| [1:0xffff80040000:0]     2877 ms: Young generation mutator utilization = 0.626 (mutator_speed=2327992, gc_speed=3895665)
   3.12| [1:0xffff80040000]     2905 ms: Scavenge 975.9 (1041.3) -> 966.3 (1068.3) MB, pooled: 297 MB, 14.35 / 0.00 ms  (average mu = 0.800, current mu = 0.811) allocation failure; 
   3.12| [1:0xffff80040000:0]     2905 ms: Young generation mutator utilization = 0.641 (mutator_speed=2388191, gc_speed=4261563)
   3.15| [1:0xffff80040000]     2927 ms: Scavenge 1019.3 (1084.9) -> 1010.2 (1113.4) MB, pooled: 253 MB, 11.61 / 0.00 ms  (average mu = 0.800, current mu = 0.811) allocation failure; 
   3.15| [1:0xffff80040000:0]     2927 ms: Young generation mutator utilization = 0.635 (mutator_speed=2472905, gc_speed=4296332)
   3.17| [1:0xffff80040000]     2947 ms: Scavenge 1064.6 (1130.1) -> 1055.2 (1157.8) MB, pooled: 210 MB, 10.90 / 0.00 ms  (average mu = 0.800, current mu = 0.811) allocation failure; 
   3.17| [1:0xffff80040000:0]     2947 ms: Young generation mutator utilization = 0.620 (mutator_speed=2583340, gc_speed=4217482)
   3.19| [1:0xffff80040000]     2972 ms: Scavenge 1108.6 (1174.2) -> 1099.4 (1202.2) MB, pooled: 166 MB, 12.96 / 0.00 ms  (average mu = 0.800, current mu = 0.811) allocation failure; 
   3.19| [1:0xffff80040000:0]     2972 ms: Young generation mutator utilization = 0.613 (mutator_speed=2631636, gc_speed=4160970)
   3.21| [1:0xffff80040000]     2991 ms: Scavenge 1135.7 (1213.3) -> 1129.4 (1240.8) MB, pooled: 128 MB, 11.94 / 0.00 ms  (average mu = 0.800, current mu = 0.811) task; 
   3.21| [1:0xffff80040000:0]     2991 ms: Young generation mutator utilization = 0.611 (mutator_speed=2679523, gc_speed=4211131)
   3.24| [1:0xffff80040000]     3015 ms: Scavenge 1196.4 (1262.0) -> 1184.8 (1281.0) MB, pooled: 90 MB, 10.45 / 0.00 ms  (average mu = 0.800, current mu = 0.811) allocation failure; 
   3.24| [1:0xffff80040000:0]     3015 ms: Young generation mutator utilization = 0.608 (mutator_speed=2743520, gc_speed=4258242)
   3.26| [1:0xffff80040000]     3039 ms: Scavenge 1229.0 (1294.7) -> 1221.4 (1329.2) MB, pooled: 42 MB, 15.20 / 0.00 ms  (average mu = 0.800, current mu = 0.811) allocation failure; 
   3.26| [1:0xffff80040000:0]     3039 ms: Young generation mutator utilization = 0.600 (mutator_speed=2796199, gc_speed=4200503)
   3.42| [1:0xffff80040000]     3203 ms: Mark-Compact 1223.8 (1329.9) -> 332.5 (491.1) MB, pooled: 860 MB, 8.96 / 0.00 ms  (+ 147.7 ms in 30 steps since start of marking, biggest step 16.8 ms, walltime since start of marking 164 ms) (average mu = 0.798, current mu = 0.796) finalize incremental marking via stack guard; GC in old space requested
   3.48| [1:0xffff80040000]     3255 ms: Scavenge (interleaved) 426.4 (492.8) -> 410.2 (492.8) MB, pooled: 860 MB, 29.64 / 0.00 ms  (average mu = 0.798, current mu = 0.796) allocation failure; 
   3.48| [1:0xffff80040000:0]     3255 ms: Young generation mutator utilization = 0.753 (mutator_speed=1254743, gc_speed=3817754)
   3.50| [1:0xffff80040000]     3276 ms: Scavenge 434.0 (499.3) -> 429.8 (546.8) MB, pooled: 806 MB, 14.51 / 0.00 ms  (average mu = 0.798, current mu = 0.796) allocation failure; 
   3.50| [1:0xffff80040000:0]     3276 ms: Young generation mutator utilization = 0.747 (mutator_speed=1318910, gc_speed=3899220)
   3.52| [1:0xffff80040000]     3297 ms: Scavenge 506.2 (571.2) -> 493.0 (583.7) MB, pooled: 771 MB, 9.86 / 0.00 ms  (average mu = 0.798, current mu = 0.796) allocation failure; 
   3.52| [1:0xffff80040000:0]     3297 ms: Young generation mutator utilization = 0.718 (mutator_speed=1575269, gc_speed=4011478)
   3.54| [1:0xffff80040000]     3313 ms: Scavenge 530.2 (595.0) -> 523.7 (634.2) MB, pooled: 721 MB, 10.32 / 0.00 ms  (average mu = 0.798, current mu = 0.796) allocation failure; 
   3.54| [1:0xffff80040000:0]     3314 ms: Young generation mutator utilization = 0.710 (mutator_speed=1694140, gc_speed=4150640)
   3.55| [1:0xffff80040000]     3333 ms: Scavenge 590.1 (655.0) -> 578.6 (674.5) MB, pooled: 682 MB, 8.29 / 0.00 ms  (average mu = 0.798, current mu = 0.796) allocation failure; 
   3.55| [1:0xffff80040000:0]     3333 ms: Young generation mutator utilization = 0.692 (mutator_speed=1881642, gc_speed=4236536)
   3.58| [1:0xffff80040000]     3355 ms: Scavenge 623.2 (688.2) -> 615.6 (721.9) MB, pooled: 636 MB, 11.17 / 0.00 ms  (average mu = 0.798, current mu = 0.796) allocation failure; 
   3.58| [1:0xffff80040000:0]     3355 ms: Young generation mutator utilization = 0.684 (mutator_speed=1960876, gc_speed=4242137)
   3.59| [1:0xffff80040000]     3374 ms: Scavenge 662.1 (736.7) -> 654.0 (759.7) MB, pooled: 598 MB, 8.94 / 0.00 ms  (average mu = 0.798, current mu = 0.796) task; 
   3.59| [1:0xffff80040000:0]     3374 ms: Young generation mutator utilization = 0.677 (mutator_speed=2056211, gc_speed=4302336)
   3.62| [1:0xffff80040000]     3399 ms: Scavenge 713.4 (778.5) -> 703.1 (802.2) MB, pooled: 557 MB, 12.57 / 0.00 ms  (average mu = 0.798, current mu = 0.796) allocation failure; 
   3.62| [1:0xffff80040000:0]     3399 ms: Young generation mutator utilization = 0.668 (mutator_speed=2165730, gc_speed=4351673)
   3.65| [1:0xffff80040000]     3424 ms: Scavenge 753.0 (818.1) -> 744.4 (848.6) MB, pooled: 512 MB, 15.21 / 0.00 ms  (average mu = 0.798, current mu = 0.796) allocation failure; 
   3.65| [1:0xffff80040000:0]     3424 ms: Young generation mutator utilization = 0.652 (mutator_speed=2249794, gc_speed=4218516)
   3.67| [1:0xffff80040000]     3452 ms: Scavenge 801.2 (866.2) -> 791.4 (892.0) MB, pooled: 470 MB, 16.57 / 0.00 ms  (average mu = 0.798, current mu = 0.796) allocation failure; 
   3.67| [1:0xffff80040000:0]     3452 ms: Young generation mutator utilization = 0.639 (mutator_speed=2348908, gc_speed=4162015)
   3.70| [1:0xffff80040000]     3481 ms: Scavenge 843.0 (908.2) -> 834.0 (937.2) MB, pooled: 425 MB, 17.41 / 0.00 ms  (average mu = 0.798, current mu = 0.796) allocation failure; 
   3.70| [1:0xffff80040000:0]     3481 ms: Young generation mutator utilization = 0.656 (mutator_speed=2424530, gc_speed=4623922)
   3.73| [1:0xffff80040000]     3509 ms: Scavenge 889.6 (954.8) -> 880.0 (981.5) MB, pooled: 382 MB, 17.46 / 0.00 ms  (average mu = 0.798, current mu = 0.796) allocation failure; 
   3.73| [1:0xffff80040000:0]     3509 ms: Young generation mutator utilization = 0.641 (mutator_speed=2506234, gc_speed=4477152)
   3.76| [1:0xffff80040000]     3537 ms: Scavenge 932.7 (997.9) -> 923.6 (1026.6) MB, pooled: 338 MB, 15.33 / 0.00 ms  (average mu = 0.798, current mu = 0.796) allocation failure; 
   3.76| [1:0xffff80040000:0]     3537 ms: Young generation mutator utilization = 0.629 (mutator_speed=2552871, gc_speed=4323077)
   3.78| [1:0xffff80040000]     3561 ms: Scavenge 978.4 (1043.7) -> 968.9 (1070.7) MB, pooled: 295 MB, 11.26 / 0.00 ms  (average mu = 0.798, current mu = 0.796) allocation failure; 
   3.78| [1:0xffff80040000:0]     3561 ms: Young generation mutator utilization = 0.622 (mutator_speed=2598036, gc_speed=4271489)
   3.81| [1:0xffff80040000]     3588 ms: Scavenge 1022.1 (1087.4) -> 1012.9 (1115.9) MB, pooled: 251 MB, 13.49 / 0.00 ms  (average mu = 0.798, current mu = 0.796) allocation failure; 
   3.81| [1:0xffff80040000:0]     3588 ms: Young generation mutator utilization = 0.612 (mutator_speed=2614935, gc_speed=4126681)
   3.83| [1:0xffff80040000]     3608 ms: Scavenge 1067.3 (1132.5) -> 1057.8 (1159.7) MB, pooled: 208 MB, 9.40 / 0.00 ms  (average mu = 0.798, current mu = 0.796) allocation failure; 
   3.83| [1:0xffff80040000:0]     3608 ms: Young generation mutator utilization = 0.608 (mutator_speed=2688210, gc_speed=4167442)
   3.86| [1:0xffff80040000]     3639 ms: Scavenge 1111.3 (1176.7) -> 1102.1 (1204.7) MB, pooled: 164 MB, 17.09 / 0.00 ms  (average mu = 0.798, current mu = 0.796) allocation failure; 
   3.86| [1:0xffff80040000:0]     3639 ms: Young generation mutator utilization = 0.598 (mutator_speed=2687620, gc_speed=3996449)
   3.88| [1:0xffff80040000]     3664 ms: Scavenge 1156.2 (1221.5) -> 1146.8 (1249.0) MB, pooled: 121 MB, 13.15 / 0.00 ms  (average mu = 0.798, current mu = 0.796) allocation failure; 
   3.88| [1:0xffff80040000:0]     3664 ms: Young generation mutator utilization = 0.593 (mutator_speed=2734072, gc_speed=3985848)
   3.92| [1:0xffff80040000]     3697 ms: Scavenge 1200.6 (1265.9) -> 1191.3 (1293.6) MB, pooled: 77 MB, 17.49 / 0.00 ms  (average mu = 0.798, current mu = 0.796) allocation failure; 
   3.92| [1:0xffff80040000:0]     3697 ms: Young generation mutator utilization = 0.592 (mutator_speed=2703740, gc_speed=3921090)
   4.11| [1:0xffff80040000]     3888 ms: Mark-Compact 1197.6 (1295.5) -> 324.9 (478.0) MB, pooled: 873 MB, 177.57 / 0.00 ms  (+ 1.2 ms in 2 steps since start of marking, biggest step 1.2 ms, walltime since start of marking 189 ms) (average mu = 0.770, current mu = 0.739) finalize incremental marking via stack guard; GC in old space requested
   4.14| [1:0xffff80040000]     3922 ms: Scavenge 418.8 (485.4) -> 402.6 (485.4) MB, pooled: 867 MB, 15.54 / 0.00 ms  (average mu = 0.770, current mu = 0.739) allocation failure; 
   4.14| [1:0xffff80040000:0]     3922 ms: Young generation mutator utilization = 0.597 (mutator_speed=2640338, gc_speed=3907730)
   4.17| [1:0xffff80040000]     3946 ms: Scavenge 426.5 (492.9) -> 422.3 (540.6) MB, pooled: 812 MB, 19.87 / 0.00 ms  (average mu = 0.770, current mu = 0.739) allocation failure; 
   4.17| [1:0xffff80040000:0]     3946 ms: Young generation mutator utilization = 0.592 (mutator_speed=2674300, gc_speed=3874333)
   4.19| [1:0xffff80040000]     3968 ms: Scavenge 498.6 (564.6) -> 485.4 (577.3) MB, pooled: 777 MB, 9.52 / 0.00 ms  (average mu = 0.770, current mu = 0.739) allocation failure; 
   4.19| [1:0xffff80040000:0]     3968 ms: Young generation mutator utilization = 0.591 (mutator_speed=2812482, gc_speed=4066470)
   4.21| [1:0xffff80040000]     3986 ms: Scavenge 522.6 (588.6) -> 516.1 (627.8) MB, pooled: 727 MB, 11.81 / 0.00 ms  (average mu = 0.770, current mu = 0.739) allocation failure; 
   4.21| [1:0xffff80040000:0]     3986 ms: Young generation mutator utilization = 0.592 (mutator_speed=2886566, gc_speed=4187410)
   4.23| [1:0xffff80040000]     4006 ms: Scavenge 582.5 (648.3) -> 571.0 (667.6) MB, pooled: 689 MB, 9.93 / 0.00 ms  (average mu = 0.770, current mu = 0.739) allocation failure; 
   4.23| [1:0xffff80040000:0]     4006 ms: Young generation mutator utilization = 0.583 (mutator_speed=3008011, gc_speed=4213722)
   4.25| [1:0xffff80040000]     4026 ms: Scavenge 615.6 (681.5) -> 607.9 (715.5) MB, pooled: 642 MB, 13.98 / 0.00 ms  (average mu = 0.770, current mu = 0.739) allocation failure; 
   4.25| [1:0xffff80040000:0]     4026 ms: Young generation mutator utilization = 0.577 (mutator_speed=3087636, gc_speed=4209983)
   4.27| [1:0xffff80040000]     4052 ms: Scavenge 668.7 (734.6) -> 658.2 (757.6) MB, pooled: 601 MB, 13.38 / 0.00 ms  (average mu = 0.770, current mu = 0.739) allocation failure; 
   4.27| [1:0xffff80040000:0]     4052 ms: Young generation mutator utilization = 0.567 (mutator_speed=3123031, gc_speed=4083802)
   4.30| [1:0xffff80040000]     4084 ms: Scavenge 706.9 (772.8) -> 698.4 (804.3) MB, pooled: 555 MB, 16.85 / 0.00 ms  (average mu = 0.770, current mu = 0.739) allocation failure; 
   4.30| [1:0xffff80040000:0]     4084 ms: Young generation mutator utilization = 0.574 (mutator_speed=3043505, gc_speed=4096746)
   4.34| [1:0xffff80040000]     4122 ms: Scavenge 756.2 (822.1) -> 746.2 (847.4) MB, pooled: 513 MB, 21.09 / 0.00 ms  (average mu = 0.770, current mu = 0.739) allocation failure; 
   4.34| [1:0xffff80040000:0]     4122 ms: Young generation mutator utilization = 0.565 (mutator_speed=2978892, gc_speed=3874888)
   4.38| [1:0xffff80040000]     4159 ms: Scavenge 797.3 (863.2) -> 788.4 (893.2) MB, pooled: 468 MB, 23.99 / 0.00 ms  (average mu = 0.770, current mu = 0.739) allocation failure; 
   4.38| [1:0xffff80040000:0]     4159 ms: Young generation mutator utilization = 0.557 (mutator_speed=2959100, gc_speed=3716480)
   4.40| [1:0xffff80040000]     4183 ms: Scavenge 843.6 (910.2) -> 834.0 (936.4) MB, pooled: 426 MB, 10.67 / 0.00 ms  (average mu = 0.770, current mu = 0.739) task; 
   4.40| [1:0xffff80040000:0]     4183 ms: Young generation mutator utilization = 0.567 (mutator_speed=2956931, gc_speed=3873298)
   4.44| [1:0xffff80040000]     4217 ms: Scavenge 886.9 (953.0) -> 877.7 (981.3) MB, pooled: 382 MB, 18.94 / 0.00 ms  (average mu = 0.770, current mu = 0.739) allocation failure; 
   4.44| [1:0xffff80040000:0]     4217 ms: Young generation mutator utilization = 0.570 (mutator_speed=2913138, gc_speed=3865985)
   4.46| [1:0xffff80040000]     4242 ms: Scavenge 932.5 (998.4) -> 923.0 (1025.6) MB, pooled: 339 MB, 15.63 / 0.00 ms  (average mu = 0.770, current mu = 0.739) allocation failure; 
   4.46| [1:0xffff80040000:0]     4242 ms: Young generation mutator utilization = 0.556 (mutator_speed=2987305, gc_speed=3737875)
   4.49| [1:0xffff80040000]     4270 ms: Scavenge 976.2 (1042.3) -> 967.0 (1070.6) MB, pooled: 295 MB, 16.77 / 0.00 ms  (average mu = 0.770, current mu = 0.739) allocation failure; 
   4.49| [1:0xffff80040000:0]     4271 ms: Young generation mutator utilization = 0.545 (mutator_speed=3008716, gc_speed=3606041)
   4.52| [1:0xffff80040000]     4304 ms: Scavenge 1021.4 (1087.4) -> 1011.9 (1114.9) MB, pooled: 252 MB, 19.85 / 0.00 ms  (average mu = 0.770, current mu = 0.739) allocation failure; 
   4.52| [1:0xffff80040000:0]     4304 ms: Young generation mutator utilization = 0.533 (mutator_speed=2984211, gc_speed=3408859)
   4.56| [1:0xffff80040000]     4343 ms: Scavenge 1065.6 (1131.7) -> 1056.3 (1160.0) MB, pooled: 208 MB, 26.03 / 0.00 ms  (average mu = 0.770, current mu = 0.739) allocation failure; 
   4.56| [1:0xffff80040000:0]     4343 ms: Young generation mutator utilization = 0.514 (mutator_speed=2998364, gc_speed=3176791)
   4.60| [1:0xffff80040000]     4377 ms: Scavenge 1110.3 (1176.4) -> 1100.9 (1203.9) MB, pooled: 165 MB, 20.88 / 0.00 ms  (average mu = 0.770, current mu = 0.739) allocation failure; 
   4.60| [1:0xffff80040000:0]     4377 ms: Young generation mutator utilization = 0.506 (mutator_speed=2980740, gc_speed=3057065)
   4.63| [1:0xffff80040000]     4413 ms: Scavenge 1154.7 (1220.8) -> 1145.4 (1248.8) MB, pooled: 121 MB, 21.84 / 0.00 ms  (average mu = 0.770, current mu = 0.739) allocation failure; 
   4.63| [1:0xffff80040000:0]     4413 ms: Young generation mutator utilization = 0.501 (mutator_speed=2961095, gc_speed=2975198)
   4.66| [1:0xffff80040000]     4442 ms: Scavenge 1199.4 (1265.6) -> 1190.1 (1293.4) MB, pooled: 78 MB, 15.06 / 0.00 ms  (average mu = 0.770, current mu = 0.739) allocation failure; 
   4.66| [1:0xffff80040000:0]     4442 ms: Young generation mutator utilization = 0.511 (mutator_speed=2936349, gc_speed=3073427)
   4.85| [1:0xffff80040000]     4622 ms: Mark-Compact 1196.9 (1295.0) -> 324.8 (478.7) MB, pooled: 872 MB, 174.53 / 0.00 ms  (+ 1.3 ms in 2 steps since start of marking, biggest step 1.2 ms, walltime since start of marking 178 ms) (average mu = 0.765, current mu = 0.760) finalize incremental marking via stack guard; GC in old space requested
   4.91| [1:0xffff80040000]     4691 ms: Scavenge 414.1 (483.8) -> 398.7 (483.8) MB, pooled: 868 MB, 15.44 / 0.00 ms  (average mu = 0.765, current mu = 0.760) task; 
   4.91| [1:0xffff80040000:0]     4691 ms: Young generation mutator utilization = 0.574 (mutator_speed=2351377, gc_speed=3165145)
   4.93| [1:0xffff80040000]     4708 ms: Scavenge 426.0 (492.6) -> 421.3 (537.9) MB, pooled: 815 MB, 12.44 / 0.00 ms  (average mu = 0.765, current mu = 0.760) allocation failure; 
   4.93| [1:0xffff80040000:0]     4708 ms: Young generation mutator utilization = 0.569 (mutator_speed=2396334, gc_speed=3163539)
   4.96| [1:0xffff80040000]     4734 ms: Scavenge 495.0 (561.1) -> 482.2 (575.1) MB, pooled: 779 MB, 12.07 / 0.00 ms  (average mu = 0.765, current mu = 0.760) allocation failure; 
   4.96| [1:0xffff80040000:0]     4734 ms: Young generation mutator utilization = 0.564 (mutator_speed=2529195, gc_speed=3267581)
   4.99| [1:0xffff80040000]     4766 ms: Scavenge 510.7 (583.8) -> 505.8 (621.8) MB, pooled: 733 MB, 24.90 / 0.00 ms  (average mu = 0.765, current mu = 0.760) task; 
   4.99| [1:0xffff80040000:0]     4766 ms: Young generation mutator utilization = 0.547 (mutator_speed=2552759, gc_speed=3085986)
   5.02| [1:0xffff80040000]     4800 ms: Scavenge 578.6 (644.4) -> 566.0 (659.2) MB, pooled: 697 MB, 17.25 / 0.00 ms  (average mu = 0.765, current mu = 0.760) allocation failure; 
   5.02| [1:0xffff80040000:0]     4800 ms: Young generation mutator utilization = 0.541 (mutator_speed=2599031, gc_speed=3061311)
   5.05| [1:0xffff80040000]     4828 ms: Scavenge 605.8 (671.7) -> 598.9 (708.7) MB, pooled: 648 MB, 17.99 / 0.00 ms  (average mu = 0.765, current mu = 0.760) allocation failure; 
   5.05| [1:0xffff80040000:0]     4828 ms: Young generation mutator utilization = 0.542 (mutator_speed=2623025, gc_speed=3104738)
   5.07| [1:0xffff80040000]     4852 ms: Scavenge 663.3 (729.2) -> 652.2 (749.7) MB, pooled: 608 MB, 10.36 / 0.00 ms  (average mu = 0.765, current mu = 0.760) allocation failure; 
   5.07| [1:0xffff80040000:0]     4852 ms: Young generation mutator utilization = 0.558 (mutator_speed=2684810, gc_speed=3383252)
   5.10| [1:0xffff80040000]     4875 ms: Scavenge 698.3 (764.1) -> 690.2 (797.1) MB, pooled: 562 MB, 15.20 / 0.00 ms  (average mu = 0.765, current mu = 0.760) allocation failure; 
   5.10| [1:0xffff80040000:0]     4875 ms: Young generation mutator utilization = 0.559 (mutator_speed=2771519, gc_speed=3510712)
   5.12| [1:0xffff80040000]     4898 ms: Scavenge 750.0 (816.0) -> 739.7 (839.5) MB, pooled: 521 MB, 10.22 / 0.00 ms  (average mu = 0.765, current mu = 0.760) allocation failure; 
   5.12| [1:0xffff80040000:0]     4898 ms: Young generation mutator utilization = 0.573 (mutator_speed=2814867, gc_speed=3774104)
   5.14| [1:0xffff80040000]     4923 ms: Scavenge 789.3 (855.3) -> 780.7 (886.3) MB, pooled: 475 MB, 15.07 / 0.00 ms  (average mu = 0.765, current mu = 0.760) allocation failure; 
   5.15| [1:0xffff80040000:0]     4923 ms: Young generation mutator utilization = 0.568 (mutator_speed=2875227, gc_speed=3779019)
   5.17| [1:0xffff80040000]     4947 ms: Scavenge 837.9 (903.9) -> 827.9 (929.4) MB, pooled: 433 MB, 12.56 / 0.00 ms  (average mu = 0.765, current mu = 0.760) allocation failure; 
   5.17| [1:0xffff80040000:0]     4947 ms: Young generation mutator utilization = 0.572 (mutator_speed=2920055, gc_speed=3910300)
   5.19| [1:0xffff80040000]     4973 ms: Scavenge 879.4 (945.4) -> 870.5 (974.6) MB, pooled: 389 MB, 15.63 / 0.00 ms  (average mu = 0.765, current mu = 0.760) allocation failure; 
   5.19| [1:0xffff80040000:0]     4973 ms: Young generation mutator utilization = 0.562 (mutator_speed=2967928, gc_speed=3801281)
   5.21| [1:0xffff80040000]     4990 ms: Scavenge 907.3 (986.0) -> 900.9 (1013.0) MB, pooled: 351 MB, 11.52 / 0.00 ms  (average mu = 0.765, current mu = 0.760) task; 
   5.21| [1:0xffff80040000:0]     4990 ms: Young generation mutator utilization = 0.555 (mutator_speed=3023696, gc_speed=3765387)
   5.24| [1:0xffff80040000]     5019 ms: Scavenge 967.5 (1033.6) -> 956.0 (1052.6) MB, pooled: 313 MB, 13.64 / 0.00 ms  (average mu = 0.765, current mu = 0.760) allocation failure; 
   5.24| [1:0xffff80040000:0]     5019 ms: Young generation mutator utilization = 0.574 (mutator_speed=3033587, gc_speed=4080125)
   5.27| [1:0xffff80040000]     5048 ms: Scavenge 1000.4 (1066.4) -> 992.7 (1100.9) MB, pooled: 265 MB, 19.10 / 0.00 ms  (average mu = 0.765, current mu = 0.760) allocation failure; 
   5.27| [1:0xffff80040000:0]     5048 ms: Young generation mutator utilization = 0.572 (mutator_speed=3039165, gc_speed=4058608)
   5.27| [5.0s] burst done chunks=829 rss=1460.3MB heapTotal=1100.9MB heapUsed=995.0MB
   7.28| [7.0s] idle rss=1460.7MB heapTotal=1100.9MB heapUsed=995.1MB
   8.39| [1:0xffff80040000:0]     8170 ms: Young generation mutator utilization = 1.000 (mutator_speed=543, gc_speed=4058608)
   8.39| [1:0xffff80040000:0]     8170 ms: Old generation mutator utilization = 0.981 (mutator_speed=11859, gc_speed=625405)
   8.39| [1:0xffff80040000:0]     8170 ms: Memory reducer: high alloc, foreground
   8.39| [1:0xffff80040000:0]     8170 ms: Memory reducer: waiting for 8000 ms
   9.28| [9.1s] idle rss=1460.7MB heapTotal=1100.9MB heapUsed=995.1MB
  11.30| [11.1s] idle rss=1426.2MB heapTotal=1100.9MB heapUsed=995.1MB
  13.30| [13.1s] idle rss=1428.6MB heapTotal=1100.9MB heapUsed=995.1MB
  15.30| [15.1s] idle rss=1429.8MB heapTotal=1101.2MB heapUsed=995.1MB
  16.50| [1:0xffff80040000:0]    16275 ms: Young generation mutator utilization = 1.000 (mutator_speed=1, gc_speed=4058608)
  16.50| [1:0xffff80040000:0]    16275 ms: Old generation mutator utilization = 1.000 (mutator_speed=1, gc_speed=625405)
  16.50| [1:0xffff80040000:0]    16275 ms: Memory reducer: low alloc, foreground
  16.50| [1:0xffff80040000:0]    16275 ms: Memory reducer: started GC #1
  16.59| [1:0xffff80040000:0]    16366 ms: Memory reducer: finished GC #1 (will do more)
  16.59| [1:0xffff80040000]    16366 ms: Mark-Compact (reduce) 995.1 (1101.2) -> 3.4 (30.1) MB, pooled: 0 MB, 70.95 / 0.00 ms  (+ 1.3 ms in 2 steps since start of marking, biggest step 1.0 ms, walltime since start of marking 91 ms) (average mu = 0.981, current mu = 0.994) finalize incremental marking via task; GC in old space requested
  17.19| [1:0xffff80040000:0]    16969 ms: Young generation mutator utilization = 1.000 (mutator_speed=1, gc_speed=4058608)
  17.19| [1:0xffff80040000:0]    16969 ms: Old generation mutator utilization = 1.000 (mutator_speed=146, gc_speed=668580)
  17.19| [1:0xffff80040000:0]    16969 ms: Memory reducer: low alloc, foreground
  17.19| [1:0xffff80040000:0]    16969 ms: Memory reducer: started GC #2
  17.19| [1:0xffff80040000:0]    16972 ms: Memory reducer: finished GC #2 (done)
  17.19| [1:0xffff80040000]    16972 ms: Mark-Compact (reduce) 3.4 (30.1) -> 3.0 (5.3) MB, pooled: 0 MB, 2.29 / 0.00 ms  (+ 0.6 ms in 25 steps since start of marking, biggest step 0.1 ms, walltime since start of marking 3 ms) (average mu = 0.982, current mu = 0.995) finalize incremental marking via task; GC in old space requested
  17.30| [17.1s] idle rss=57.3MB heapTotal=5.3MB heapUsed=3.0MB
  19.31| [19.1s] idle rss=57.3MB heapTotal=5.3MB heapUsed=3.0MB
  21.31| [21.1s] idle rss=57.3MB heapTotal=5.3MB heapUsed=3.0MB
  23.31| [23.1s] idle rss=57.3MB heapTotal=5.3MB heapUsed=3.1MB
  25.32| [25.1s] idle rss=57.4MB heapTotal=5.3MB heapUsed=3.1MB
  27.32| [27.1s] idle rss=57.4MB heapTotal=5.3MB heapUsed=3.1MB
  29.33| [29.1s] idle rss=57.4MB heapTotal=5.3MB heapUsed=3.1MB
  31.33| [31.1s] idle rss=57.4MB heapTotal=5.3MB heapUsed=3.1MB
  33.34| [33.1s] idle rss=57.4MB heapTotal=5.3MB heapUsed=3.1MB
  35.34| [35.1s] idle rss=57.4MB heapTotal=5.3MB heapUsed=3.1MB
  37.34| [37.1s] idle rss=57.4MB heapTotal=5.3MB heapUsed=3.1MB
  39.35| [39.1s] idle rss=57.4MB heapTotal=5.3MB heapUsed=3.1MB
  41.35| [41.1s] idle rss=57.4MB heapTotal=5.3MB heapUsed=3.1MB
  43.36| [43.1s] idle rss=57.4MB heapTotal=5.3MB heapUsed=3.1MB
  45.36| [45.1s] idle rss=57.4MB heapTotal=5.3MB heapUsed=3.1MB
  47.37| [47.1s] idle rss=57.4MB heapTotal=5.3MB heapUsed=3.1MB
  49.37| [49.1s] idle rss=57.4MB heapTotal=5.3MB heapUsed=3.1MB
  51.37| [51.1s] idle rss=57.4MB heapTotal=5.3MB heapUsed=3.1MB
  53.37| [53.1s] idle rss=57.4MB heapTotal=5.3MB heapUsed=3.1MB
  55.38| [55.1s] idle rss=57.4MB heapTotal=5.3MB heapUsed=3.1MB
  57.38| [57.2s] idle rss=55.1MB heapTotal=5.3MB heapUsed=3.1MB
  59.38| [59.2s] idle rss=55.8MB heapTotal=5.3MB heapUsed=3.1MB
  61.38| [61.2s] idle rss=55.8MB heapTotal=5.3MB heapUsed=3.1MB
  63.39| [63.2s] idle rss=55.8MB heapTotal=5.3MB heapUsed=3.1MB
  65.39| [65.2s] idle rss=55.8MB heapTotal=5.3MB heapUsed=3.2MB
  67.39| [67.2s] idle rss=55.8MB heapTotal=5.3MB heapUsed=3.2MB
  69.40| [69.2s] idle rss=55.8MB heapTotal=5.3MB heapUsed=3.2MB
  71.40| [71.2s] idle rss=55.8MB heapTotal=5.3MB heapUsed=3.2MB
  73.40| [73.2s] idle rss=55.8MB heapTotal=5.3MB heapUsed=3.2MB
  75.41| [75.2s] idle rss=55.8MB heapTotal=5.3MB heapUsed=3.2MB
  77.42| [77.2s] idle rss=55.8MB heapTotal=5.3MB heapUsed=3.2MB
  79.42| [79.2s] idle rss=55.8MB heapTotal=5.3MB heapUsed=3.2MB
  81.43| [81.2s] idle rss=58.6MB heapTotal=5.3MB heapUsed=3.2MB
  83.43| [83.2s] idle rss=58.6MB heapTotal=5.3MB heapUsed=3.2MB
  85.44| [85.2s] idle rss=58.6MB heapTotal=5.3MB heapUsed=3.2MB
  87.44| [87.2s] idle rss=58.6MB heapTotal=5.3MB heapUsed=3.2MB
  89.44| [89.2s] idle rss=58.6MB heapTotal=5.3MB heapUsed=3.2MB
  91.45| [91.2s] idle rss=58.6MB heapTotal=5.3MB heapUsed=3.2MB
  93.46| [93.2s] idle rss=58.6MB heapTotal=5.3MB heapUsed=3.2MB
  95.46| [95.2s] idle rss=58.6MB heapTotal=5.3MB heapUsed=3.2MB
  97.46| [97.2s] idle rss=58.6MB heapTotal=5.3MB heapUsed=3.2MB
  99.47| [99.2s] idle rss=58.6MB heapTotal=5.3MB heapUsed=3.2MB
 101.47| [101.2s] idle rss=52.9MB heapTotal=5.3MB heapUsed=3.2MB
 103.48| [103.3s] idle rss=53.2MB heapTotal=5.3MB heapUsed=3.2MB
 105.49| [105.3s] idle rss=53.2MB heapTotal=5.3MB heapUsed=3.2MB
 107.50| [107.3s] idle rss=53.2MB heapTotal=5.3MB heapUsed=3.2MB
 109.50| [109.3s] idle rss=53.2MB heapTotal=5.3MB heapUsed=3.2MB
 111.50| [111.3s] idle rss=53.2MB heapTotal=5.3MB heapUsed=3.2MB
 113.51| [113.3s] idle rss=53.2MB heapTotal=5.3MB heapUsed=3.2MB
 115.51| [115.3s] idle rss=53.2MB heapTotal=5.3MB heapUsed=3.2MB
 117.52| [117.3s] idle rss=53.2MB heapTotal=5.3MB heapUsed=3.2MB
 119.52| [119.3s] idle rss=53.2MB heapTotal=5.3MB heapUsed=3.2MB
 121.53| [121.3s] idle rss=53.2MB heapTotal=5.3MB heapUsed=3.2MB
 123.53| [123.3s] idle rss=53.2MB heapTotal=5.3MB heapUsed=3.2MB
 125.53| [125.3s] idle rss=53.2MB heapTotal=5.3MB heapUsed=3.2MB
 127.54| [127.3s] idle rss=53.2MB heapTotal=5.3MB heapUsed=3.2MB
 129.55| [129.3s] idle rss=53.2MB heapTotal=5.3MB heapUsed=3.2MB
 131.55| [131.3s] idle rss=53.2MB heapTotal=5.3MB heapUsed=3.2MB
 133.55| [133.3s] idle rss=53.2MB heapTotal=5.3MB heapUsed=3.2MB
 135.56| [135.3s] idle rss=53.2MB heapTotal=5.3MB heapUsed=3.2MB
 137.56| [137.3s] idle rss=53.2MB heapTotal=5.3MB heapUsed=3.2MB
 139.56| [139.3s] idle rss=53.2MB heapTotal=5.3MB heapUsed=3.2MB
 141.57| [141.3s] idle rss=55.5MB heapTotal=5.3MB heapUsed=3.3MB
 143.57| [143.3s] idle rss=55.5MB heapTotal=5.3MB heapUsed=3.3MB
 145.58| [145.3s] idle rss=55.5MB heapTotal=5.3MB heapUsed=3.3MB
 147.58| [147.4s] idle rss=49.6MB heapTotal=5.3MB heapUsed=3.3MB
 149.59| [149.4s] idle rss=50.4MB heapTotal=5.3MB heapUsed=3.3MB
 151.59| [151.4s] idle rss=50.4MB heapTotal=5.3MB heapUsed=3.3MB
 153.60| [153.4s] idle rss=50.4MB heapTotal=5.3MB heapUsed=3.3MB
 155.60| [155.4s] idle rss=50.4MB heapTotal=5.3MB heapUsed=3.3MB
 155.60| [155.4s] end rss=53.9MB heapTotal=5.3MB heapUsed=3.3MB
