   0.44| [0.0s] start node=v24.21.0 v8=13.6.233.17-node.53 mode=log rss=40.4MB heapTotal=5.6MB heapUsed=3.6MB
   0.44| [1:0xffffb4700000]       24 ms: Scavenge 5.0 (6.0) -> 4.6 (7.0) MB, pooled: 0 MB, 0.88 / 0.00 ms  (average mu = 1.000, current mu = 1.000) allocation failure; 
   0.44| [1:0xffffb4700000:0]       24 ms: Young generation mutator utilization = 0.993 (mutator_speed=6879, gc_speed=933597)
   0.44| [1:0xffffb4700000]       25 ms: Scavenge 5.0 (7.0) -> 4.9 (9.5) MB, pooled: 0 MB, 0.61 / 0.00 ms  (average mu = 1.000, current mu = 1.000) allocation failure; 
   0.44| [1:0xffffb4700000:0]       25 ms: Young generation mutator utilization = 0.992 (mutator_speed=9557, gc_speed=1197075)
   0.44| [1:0xffffb4700000]       26 ms: Scavenge 6.6 (9.5) -> 6.2 (9.7) MB, pooled: 0 MB, 0.82 / 0.00 ms  (average mu = 1.000, current mu = 1.000) allocation failure; 
   0.44| [1:0xffffb4700000:0]       26 ms: Young generation mutator utilization = 0.986 (mutator_speed=21961, gc_speed=1504687)
   0.44| [1:0xffffb4700000]       27 ms: Scavenge 6.9 (9.7) -> 6.8 (15.5) MB, pooled: 0 MB, 0.83 / 0.00 ms  (average mu = 1.000, current mu = 1.000) allocation failure; 
   0.44| [1:0xffffb4700000:0]       27 ms: Young generation mutator utilization = 0.985 (mutator_speed=26816, gc_speed=1724559)
   0.44| [1:0xffffb4700000]       29 ms: Scavenge 10.2 (15.5) -> 9.4 (15.7) MB, pooled: 0 MB, 0.73 / 0.00 ms  (average mu = 1.000, current mu = 1.000) allocation failure; 
   0.44| [1:0xffffb4700000:0]       29 ms: Young generation mutator utilization = 0.978 (mutator_speed=51588, gc_speed=2260013)
   0.44| [1:0xffffb4700000]       31 ms: Scavenge 10.7 (15.7) -> 10.4 (26.5) MB, pooled: 0 MB, 1.04 / 0.00 ms  (average mu = 1.000, current mu = 1.000) allocation failure; 
   0.44| [1:0xffffb4700000:0]       31 ms: Young generation mutator utilization = 0.977 (mutator_speed=60785, gc_speed=2560718)
   0.45| [1:0xffffb4700000]       34 ms: Scavenge 17.5 (26.6) -> 15.9 (27.9) MB, pooled: 0 MB, 1.54 / 0.00 ms  (average mu = 1.000, current mu = 1.000) allocation failure; 
   0.45| [1:0xffffb4700000:0]       34 ms: Young generation mutator utilization = 0.965 (mutator_speed=110534, gc_speed=3003552)
   0.45| [1:0xffffb4700000]       37 ms: Scavenge 18.7 (28.0) -> 18.1 (49.0) MB, pooled: 0 MB, 2.03 / 0.00 ms  (average mu = 1.000, current mu = 1.000) allocation failure; 
   0.45| [1:0xffffb4700000:0]       37 ms: Young generation mutator utilization = 0.961 (mutator_speed=128962, gc_speed=3214983)
   0.46| [1:0xffffb4700000]       44 ms: Scavenge 32.4 (49.3) -> 29.0 (51.3) MB, pooled: 0 MB, 3.79 / 0.00 ms  (average mu = 1.000, current mu = 1.000) allocation failure; 
   0.46| [1:0xffffb4700000:0]       44 ms: Young generation mutator utilization = 0.937 (mutator_speed=225337, gc_speed=3326045)
   0.47| [1:0xffffb4700000]       52 ms: Scavenge 34.4 (51.3) -> 32.8 (94.1) MB, pooled: 0 MB, 4.39 / 0.00 ms  (average mu = 1.000, current mu = 1.000) allocation failure; 
   0.47| [1:0xffffb4700000:0]       52 ms: Young generation mutator utilization = 0.928 (mutator_speed=259585, gc_speed=3354371)
   0.48| [1:0xffffb4700000]       69 ms: Scavenge 73.3 (106.1) -> 63.9 (110.1) MB, pooled: 0 MB, 5.79 / 0.00 ms  (average mu = 1.000, current mu = 1.000) allocation failure; 
   0.48| [1:0xffffb4700000:0]       69 ms: Young generation mutator utilization = 0.894 (mutator_speed=436789, gc_speed=3682572)
   0.49| [1:0xffffb4700000]       80 ms: Scavenge 74.1 (113.0) -> 71.9 (196.3) MB, pooled: 0 MB, 7.64 / 0.00 ms  (average mu = 1.000, current mu = 1.000) task; 
   0.49| [1:0xffffb4700000:0]       80 ms: Young generation mutator utilization = 0.884 (mutator_speed=474504, gc_speed=3610800)
   0.53| [1:0xffffb4700000]      111 ms: Mark-Compact 85.9 (200.3) -> 82.8 (213.1) MB, pooled: 0 MB, 22.10 / 0.00 ms  (+ 1.7 ms in 171 steps since start of marking, biggest step 0.1 ms, walltime since start of marking 30 ms) (average mu = 0.771, current mu = 0.771) allocation failure; GC in old space requested
   0.56| [1:0xffffb4700000]      147 ms: Scavenge 164.4 (239.4) -> 148.1 (239.4) MB, pooled: 0 MB, 14.45 / 0.00 ms  (average mu = 0.771, current mu = 0.771) task; 
   0.56| [1:0xffffb4700000:0]      147 ms: Young generation mutator utilization = 0.807 (mutator_speed=816343, gc_speed=3405055)
   0.59| [1:0xffffb4700000]      176 ms: Scavenge 185.6 (251.7) -> 178.0 (290.2) MB, pooled: 0 MB, 17.52 / 0.00 ms  (average mu = 0.771, current mu = 0.771) allocation failure; 
   0.59| [1:0xffffb4700000:0]      176 ms: Young generation mutator utilization = 0.786 (mutator_speed=930118, gc_speed=3423499)
   0.62| [1:0xffffb4700000]      201 ms: Scavenge 246.8 (312.1) -> 232.9 (330.1) MB, pooled: 0 MB, 9.47 / 0.00 ms  (average mu = 0.771, current mu = 0.771) allocation failure; 
   0.62| [1:0xffffb4700000:0]      201 ms: Young generation mutator utilization = 0.764 (mutator_speed=1152166, gc_speed=3729290)
   0.64| [1:0xffffb4700000]      221 ms: Scavenge 279.6 (345.0) -> 270.2 (377.8) MB, pooled: 0 MB, 9.96 / 0.00 ms  (average mu = 0.771, current mu = 0.771) allocation failure; 
   0.64| [1:0xffffb4700000:0]      221 ms: Young generation mutator utilization = 0.756 (mutator_speed=1293330, gc_speed=4004594)
   0.66| [1:0xffffb4700000]      243 ms: Scavenge 332.5 (397.8) -> 320.0 (420.5) MB, pooled: 0 MB, 9.22 / 0.00 ms  (average mu = 0.771, current mu = 0.771) allocation failure; 
   0.66| [1:0xffffb4700000:0]      243 ms: Young generation mutator utilization = 0.740 (mutator_speed=1480212, gc_speed=4214358)
   0.69| [1:0xffffb4700000]      276 ms: Scavenge 371.2 (436.5) -> 360.8 (466.5) MB, pooled: 0 MB, 23.27 / 0.00 ms  (average mu = 0.771, current mu = 0.771) allocation failure; 
   0.69| [1:0xffffb4700000:0]      276 ms: Young generation mutator utilization = 0.702 (mutator_speed=1626251, gc_speed=3832159)
   1.00| [1:0xffffb4700000]      591 ms: Mark-Compact 592.9 (658.2) -> 491.0 (641.1) MB, pooled: 16 MB, 163.00 / 0.00 ms  (+ 45.0 ms in 2771 steps since start of marking, biggest step 20.0 ms, walltime since start of marking 314 ms) (average mu = 0.606, current mu = 0.570) allocation failure; Incremental marking forced finalization
   1.04| [1:0xffffb4700000]      621 ms: Scavenge 585.9 (671.5) -> 566.9 (671.5) MB, pooled: 0 MB, 7.85 / 0.00 ms  (average mu = 0.606, current mu = 0.570) allocation failure; 
   1.04| [1:0xffffb4700000:0]      621 ms: Young generation mutator utilization = 0.726 (mutator_speed=1515435, gc_speed=4013784)
   1.11| [1:0xffffb4700000]      691 ms: Scavenge 595.1 (680.8) -> 589.7 (713.3) MB, pooled: 0 MB, 63.55 / 0.00 ms  (average mu = 0.606, current mu = 0.570) allocation failure; 
   1.11| [1:0xffffb4700000:0]      691 ms: Young generation mutator utilization = 0.646 (mutator_speed=1582953, gc_speed=2884896)
   1.13| [1:0xffffb4700000]      715 ms: Scavenge 663.6 (736.7) -> 650.8 (750.7) MB, pooled: 0 MB, 8.10 / 0.00 ms  (average mu = 0.606, current mu = 0.570) allocation failure; 
   1.13| [1:0xffffb4700000:0]      715 ms: Young generation mutator utilization = 0.632 (mutator_speed=1763335, gc_speed=3025323)
   1.15| [1:0xffffb4700000]      736 ms: Scavenge 689.8 (762.8) -> 683.0 (800.8) MB, pooled: 0 MB, 12.36 / 0.00 ms  (average mu = 0.606, current mu = 0.570) allocation failure; 
   1.15| [1:0xffffb4700000:0]      736 ms: Young generation mutator utilization = 0.629 (mutator_speed=1853375, gc_speed=3148785)
   1.19| [1:0xffffb4700000]      779 ms: Scavenge 748.1 (821.3) -> 736.9 (841.3) MB, pooled: 0 MB, 30.25 / 0.00 ms  (average mu = 0.606, current mu = 0.570) allocation failure; 
   1.19| [1:0xffffb4700000:0]      779 ms: Young generation mutator utilization = 0.597 (mutator_speed=2003972, gc_speed=2963845)
   1.22| [1:0xffffb4700000]      801 ms: Scavenge 782.4 (855.6) -> 774.5 (888.8) MB, pooled: 0 MB, 13.69 / 0.00 ms  (average mu = 0.606, current mu = 0.570) allocation failure; 
   1.22| [1:0xffffb4700000:0]      801 ms: Young generation mutator utilization = 0.589 (mutator_speed=2105806, gc_speed=3022903)
   1.24| [1:0xffffb4700000]      824 ms: Scavenge 834.7 (907.8) -> 824.3 (931.6) MB, pooled: 0 MB, 9.80 / 0.00 ms  (average mu = 0.606, current mu = 0.570) allocation failure; 
   1.24| [1:0xffffb4700000:0]      824 ms: Young generation mutator utilization = 0.578 (mutator_speed=2215094, gc_speed=3036082)
   1.26| [1:0xffffb4700000]      847 ms: Scavenge 873.5 (946.5) -> 865.0 (977.7) MB, pooled: 0 MB, 12.02 / 0.00 ms  (average mu = 0.606, current mu = 0.570) allocation failure; 
   1.26| [1:0xffffb4700000:0]      847 ms: Young generation mutator utilization = 0.569 (mutator_speed=2279873, gc_speed=3007758)
   1.29| [1:0xffffb4700000]      877 ms: Scavenge 922.3 (995.3) -> 912.3 (1020.6) MB, pooled: 0 MB, 17.85 / 0.00 ms  (average mu = 0.606, current mu = 0.570) allocation failure; 
   1.29| [1:0xffffb4700000:0]      878 ms: Young generation mutator utilization = 0.550 (mutator_speed=2359840, gc_speed=2889750)
   1.31| [1:0xffffb4700000]      898 ms: Scavenge 963.7 (1036.8) -> 954.8 (1066.3) MB, pooled: 0 MB, 10.36 / 0.00 ms  (average mu = 0.606, current mu = 0.570) allocation failure; 
   1.31| [1:0xffffb4700000:0]      898 ms: Young generation mutator utilization = 0.559 (mutator_speed=2440529, gc_speed=3099174)
   1.34| [1:0xffffb4700000]      922 ms: Scavenge 1010.6 (1083.6) -> 1000.9 (1110.4) MB, pooled: 0 MB, 12.16 / 0.00 ms  (average mu = 0.606, current mu = 0.570) allocation failure; 
   1.34| [1:0xffffb4700000:0]      922 ms: Young generation mutator utilization = 0.550 (mutator_speed=2515394, gc_speed=3076270)
   1.36| [1:0xffffb4700000]      943 ms: Scavenge 1053.5 (1126.5) -> 1044.4 (1155.2) MB, pooled: 0 MB, 10.50 / 0.00 ms  (average mu = 0.606, current mu = 0.570) allocation failure; 
   1.36| [1:0xffffb4700000:0]      943 ms: Young generation mutator utilization = 0.621 (mutator_speed=2585641, gc_speed=4241669)
   1.40| [1:0xffffb4700000]      990 ms: Scavenge 1099.2 (1172.4) -> 1089.7 (1199.4) MB, pooled: 0 MB, 10.48 / 0.00 ms  (average mu = 0.606, current mu = 0.570) allocation failure; 
   1.40| [1:0xffffb4700000:0]      990 ms: Young generation mutator utilization = 0.650 (mutator_speed=2257387, gc_speed=4190481)
   1.43| [1:0xffffb4700000]     1011 ms: Scavenge 1142.9 (1216.0) -> 1133.7 (1244.5) MB, pooled: 0 MB, 11.14 / 0.00 ms  (average mu = 0.606, current mu = 0.570) allocation failure; 
   1.43| [1:0xffffb4700000:0]     1011 ms: Young generation mutator utilization = 0.642 (mutator_speed=2353035, gc_speed=4211118)
   1.45| [1:0xffffb4700000]     1032 ms: Scavenge 1187.2 (1260.9) -> 1177.9 (1288.4) MB, pooled: 0 MB, 9.90 / 0.00 ms  (average mu = 0.606, current mu = 0.570) task; 
   1.45| [1:0xffffb4700000:0]     1032 ms: Young generation mutator utilization = 0.670 (mutator_speed=2436950, gc_speed=4947256)
   1.49| [1:0xffffb4700000]     1076 ms: Scavenge 1232.1 (1305.3) -> 1222.7 (1333.0) MB, pooled: 0 MB, 32.43 / 0.00 ms  (average mu = 0.606, current mu = 0.570) allocation failure; 
   1.49| [1:0xffffb4700000:0]     1076 ms: Young generation mutator utilization = 0.629 (mutator_speed=2507924, gc_speed=4259196)
   1.69| [1:0xffffb4700000]     1275 ms: Mark-Compact 1257.8 (1343.8) -> 325.7 (482.7) MB, pooled: 839 MB, 188.43 / 0.00 ms  (+ 0.2 ms in 2 steps since start of marking, biggest step 0.1 ms, walltime since start of marking 192 ms) (average mu = 0.689, current mu = 0.724) finalize incremental marking via stack guard; GC in old space requested
   1.72| [1:0xffffb4700000]     1302 ms: Scavenge 419.6 (490.4) -> 403.5 (490.4) MB, pooled: 833 MB, 9.38 / 0.00 ms  (average mu = 0.689, current mu = 0.724) allocation failure; 
   1.72| [1:0xffffb4700000:0]     1302 ms: Young generation mutator utilization = 0.616 (mutator_speed=2639857, gc_speed=4231117)
   1.73| [1:0xffffb4700000]     1316 ms: Scavenge 427.3 (498.1) -> 423.1 (542.6) MB, pooled: 781 MB, 9.13 / 0.00 ms  (average mu = 0.689, current mu = 0.724) allocation failure; 
   1.73| [1:0xffffb4700000:0]     1316 ms: Young generation mutator utilization = 0.620 (mutator_speed=2667892, gc_speed=4353704)
   1.79| [1:0xffffb4700000]     1372 ms: Scavenge 499.4 (566.6) -> 486.2 (578.8) MB, pooled: 746 MB, 43.84 / 0.00 ms  (average mu = 0.689, current mu = 0.724) allocation failure; 
   1.79| [1:0xffffb4700000:0]     1372 ms: Young generation mutator utilization = 0.562 (mutator_speed=2823903, gc_speed=3624197)
   1.80| [1:0xffffb4700000]     1384 ms: Scavenge 523.4 (590.6) -> 516.9 (629.6) MB, pooled: 696 MB, 6.69 / 0.00 ms  (average mu = 0.689, current mu = 0.724) allocation failure; 
   1.80| [1:0xffffb4700000:0]     1384 ms: Young generation mutator utilization = 0.563 (mutator_speed=2891234, gc_speed=3725075)
   1.81| [1:0xffffb4700000]     1400 ms: Scavenge 583.3 (650.6) -> 571.8 (669.8) MB, pooled: 657 MB, 5.57 / 0.00 ms  (average mu = 0.689, current mu = 0.724) allocation failure; 
   1.81| [1:0xffffb4700000:0]     1400 ms: Young generation mutator utilization = 0.563 (mutator_speed=3013167, gc_speed=3878125)
   1.83| [1:0xffffb4700000]     1413 ms: Scavenge 616.5 (683.5) -> 608.8 (718.0) MB, pooled: 610 MB, 6.08 / 0.00 ms  (average mu = 0.689, current mu = 0.724) allocation failure; 
   1.83| [1:0xffffb4700000:0]     1413 ms: Young generation mutator utilization = 0.564 (mutator_speed=3095149, gc_speed=4005505)
   1.84| [1:0xffffb4700000]     1428 ms: Scavenge 669.5 (736.6) -> 659.0 (759.6) MB, pooled: 570 MB, 5.31 / 0.00 ms  (average mu = 0.689, current mu = 0.724) allocation failure; 
   1.84| [1:0xffffb4700000:0]     1428 ms: Young generation mutator utilization = 0.566 (mutator_speed=3181658, gc_speed=4147292)
   1.85| [1:0xffffb4700000]     1440 ms: Scavenge 707.7 (774.8) -> 699.2 (806.3) MB, pooled: 524 MB, 5.44 / 0.00 ms  (average mu = 0.689, current mu = 0.724) allocation failure; 
   1.85| [1:0xffffb4700000:0]     1440 ms: Young generation mutator utilization = 0.570 (mutator_speed=3269202, gc_speed=4328453)
   1.89| [1:0xffffb4700000]     1475 ms: Scavenge 757.0 (824.1) -> 747.0 (849.4) MB, pooled: 482 MB, 26.72 / 0.00 ms  (average mu = 0.689, current mu = 0.724) allocation failure; 
   1.89| [1:0xffffb4700000:0]     1475 ms: Young generation mutator utilization = 0.534 (mutator_speed=3359122, gc_speed=3845224)
   1.90| [1:0xffffb4700000]     1488 ms: Scavenge 798.0 (865.2) -> 789.2 (895.0) MB, pooled: 437 MB, 5.63 / 0.00 ms  (average mu = 0.689, current mu = 0.724) allocation failure; 
   1.90| [1:0xffffb4700000:0]     1488 ms: Young generation mutator utilization = 0.576 (mutator_speed=3449942, gc_speed=4682207)
   1.92| [1:0xffffb4700000]     1501 ms: Scavenge 845.3 (912.6) -> 835.6 (938.8) MB, pooled: 394 MB, 5.03 / 0.00 ms  (average mu = 0.689, current mu = 0.724) allocation failure; 
   1.92| [1:0xffffb4700000:0]     1501 ms: Young generation mutator utilization = 0.581 (mutator_speed=3529838, gc_speed=4904326)
   1.93| [1:0xffffb4700000]     1513 ms: Scavenge 887.8 (955.0) -> 878.7 (983.8) MB, pooled: 350 MB, 5.03 / 0.00 ms  (average mu = 0.689, current mu = 0.724) allocation failure; 
   1.93| [1:0xffffb4700000:0]     1513 ms: Young generation mutator utilization = 0.583 (mutator_speed=3609808, gc_speed=5038348)
   1.94| [1:0xffffb4700000]     1526 ms: Scavenge 933.9 (1001.1) -> 924.3 (1027.9) MB, pooled: 308 MB, 5.18 / 0.00 ms  (average mu = 0.689, current mu = 0.724) allocation failure; 
   1.94| [1:0xffffb4700000:0]     1526 ms: Young generation mutator utilization = 0.673 (mutator_speed=3697860, gc_speed=7624148)
   1.95| [1:0xffffb4700000]     1537 ms: Scavenge 977.2 (1044.6) -> 968.1 (1073.1) MB, pooled: 263 MB, 5.02 / 0.00 ms  (average mu = 0.689, current mu = 0.724) allocation failure; 
   1.95| [1:0xffffb4700000:0]     1537 ms: Young generation mutator utilization = 0.672 (mutator_speed=3785099, gc_speed=7757844)
   1.97| [1:0xffffb4700000]     1551 ms: Scavenge 1022.7 (1089.9) -> 1013.2 (1117.4) MB, pooled: 220 MB, 6.48 / 0.00 ms  (average mu = 0.689, current mu = 0.724) allocation failure; 
   1.97| [1:0xffffb4700000:0]     1551 ms: Young generation mutator utilization = 0.666 (mutator_speed=3859415, gc_speed=7690205)
   2.00| [1:0xffffb4700000]     1583 ms: Scavenge 1066.7 (1134.0) -> 1057.4 (1162.0) MB, pooled: 176 MB, 7.25 / 0.00 ms  (average mu = 0.689, current mu = 0.724) allocation failure; 
   2.00| [1:0xffffb4700000:0]     1583 ms: Young generation mutator utilization = 0.684 (mutator_speed=3497430, gc_speed=7554946)
   2.01| [1:0xffffb4700000]     1597 ms: Scavenge 1111.6 (1178.9) -> 1102.3 (1206.4) MB, pooled: 133 MB, 6.83 / 0.00 ms  (average mu = 0.689, current mu = 0.724) allocation failure; 
   2.01| [1:0xffffb4700000:0]     1597 ms: Young generation mutator utilization = 0.675 (mutator_speed=3581162, gc_speed=7423034)
   2.03| [1:0xffffb4700000]     1611 ms: Scavenge 1155.9 (1223.3) -> 1146.6 (1251.3) MB, pooled: 89 MB, 6.50 / 0.00 ms  (average mu = 0.689, current mu = 0.724) allocation failure; 
   2.03| [1:0xffffb4700000:0]     1611 ms: Young generation mutator utilization = 0.666 (mutator_speed=3666320, gc_speed=7315274)
   2.04| [1:0xffffb4700000]     1627 ms: Scavenge 1200.8 (1268.1) -> 1191.5 (1295.6) MB, pooled: 46 MB, 7.46 / 0.00 ms  (average mu = 0.689, current mu = 0.724) allocation failure; 
   2.04| [1:0xffffb4700000:0]     1627 ms: Young generation mutator utilization = 0.722 (mutator_speed=3715959, gc_speed=9658961)
   2.05| [1:0xffffb4700000]     1641 ms: Scavenge 1245.0 (1312.3) -> 1235.7 (1340.1) MB, pooled: 2 MB, 6.21 / 0.00 ms  (average mu = 0.689, current mu = 0.724) allocation failure; 
   2.05| [1:0xffffb4700000:0]     1641 ms: Young generation mutator utilization = 0.717 (mutator_speed=3780723, gc_speed=9557116)
   2.22| [1:0xffffb4700000]     1802 ms: Mark-Compact 1235.8 (1340.1) -> 331.5 (488.2) MB, pooled: 833 MB, 159.34 / 0.00 ms  (+ 0.2 ms in 1 steps since start of marking, biggest step 0.2 ms, walltime since start of marking 161 ms) (average mu = 0.693, current mu = 0.697) finalize incremental marking via stack guard; GC in old space requested
   2.24| [1:0xffffb4700000]     1821 ms: Scavenge (interleaved) 425.5 (490.8) -> 409.3 (490.8) MB, pooled: 832 MB, 5.70 / 0.00 ms  (average mu = 0.693, current mu = 0.697) allocation failure; 
   2.24| [1:0xffffb4700000:0]     1821 ms: Young generation mutator utilization = 0.709 (mutator_speed=3839550, gc_speed=9356016)
   2.29| [1:0xffffb4700000]     1878 ms: Scavenge 421.8 (494.5) -> 419.7 (542.2) MB, pooled: 781 MB, 6.14 / 0.00 ms  (average mu = 0.693, current mu = 0.697) task; 
   2.29| [1:0xffffb4700000:0]     1878 ms: Young generation mutator utilization = 0.769 (mutator_speed=2758806, gc_speed=9164700)
   2.31| [1:0xffffb4700000]     1895 ms: Scavenge 504.4 (569.2) -> 489.7 (576.2) MB, pooled: 749 MB, 4.71 / 0.00 ms  (average mu = 0.693, current mu = 0.697) allocation failure; 
   2.31| [1:0xffffb4700000:0]     1895 ms: Young generation mutator utilization = 0.758 (mutator_speed=2926801, gc_speed=9157021)
   2.32| [1:0xffffb4700000]     1905 ms: Scavenge 520.7 (585.6) -> 515.4 (628.8) MB, pooled: 697 MB, 5.40 / 0.00 ms  (average mu = 0.693, current mu = 0.697) allocation failure; 
   2.32| [1:0xffffb4700000:0]     1905 ms: Young generation mutator utilization = 0.754 (mutator_speed=2994121, gc_speed=9159837)
   2.33| [1:0xffffb4700000]     1919 ms: Scavenge 586.4 (651.2) -> 574.1 (667.5) MB, pooled: 660 MB, 4.73 / 0.00 ms  (average mu = 0.693, current mu = 0.697) allocation failure; 
   2.33| [1:0xffffb4700000:0]     1919 ms: Young generation mutator utilization = 0.749 (mutator_speed=3146339, gc_speed=9380104)
   2.34| [1:0xffffb4700000]     1930 ms: Scavenge 615.3 (680.3) -> 608.2 (716.8) MB, pooled: 611 MB, 5.28 / 0.00 ms  (average mu = 0.693, current mu = 0.697) allocation failure; 
   2.34| [1:0xffffb4700000:0]     1930 ms: Young generation mutator utilization = 0.751 (mutator_speed=3233050, gc_speed=9726646)
   2.36| [1:0xffffb4700000]     1942 ms: Scavenge 671.4 (736.4) -> 660.4 (757.6) MB, pooled: 572 MB, 4.71 / 0.00 ms  (average mu = 0.693, current mu = 0.697) allocation failure; 
   2.36| [1:0xffffb4700000:0]     1942 ms: Young generation mutator utilization = 0.750 (mutator_speed=3360359, gc_speed=10061688)
   2.39| [1:0xffffb4700000]     1975 ms: Scavenge 707.3 (772.3) -> 699.2 (804.8) MB, pooled: 525 MB, 26.27 / 0.00 ms  (average mu = 0.693, current mu = 0.697) allocation failure; 
   2.39| [1:0xffffb4700000:0]     1975 ms: Young generation mutator utilization = 0.684 (mutator_speed=3451475, gc_speed=7479917)
   2.40| [1:0xffffb4700000]     1985 ms: Scavenge 741.7 (818.1) -> 734.4 (842.1) MB, pooled: 489 MB, 4.33 / 0.00 ms  (average mu = 0.693, current mu = 0.697) task; 
   2.40| [1:0xffffb4700000:0]     1985 ms: Young generation mutator utilization = 0.685 (mutator_speed=3520733, gc_speed=7661315)
   2.41| [1:0xffffb4700000]     1998 ms: Scavenge 796.7 (861.8) -> 786.0 (883.8) MB, pooled: 448 MB, 5.01 / 0.00 ms  (average mu = 0.693, current mu = 0.697) allocation failure; 
   2.41| [1:0xffffb4700000:0]     1998 ms: Young generation mutator utilization = 0.682 (mutator_speed=3624745, gc_speed=7771866)
   2.42| [1:0xffffb4700000]     2009 ms: Scavenge 833.6 (898.5) -> 825.3 (930.5) MB, pooled: 402 MB, 5.06 / 0.00 ms  (average mu = 0.693, current mu = 0.697) allocation failure; 
   2.42| [1:0xffffb4700000:0]     2009 ms: Young generation mutator utilization = 0.682 (mutator_speed=3700953, gc_speed=7943976)
   2.44| [1:0xffffb4700000]     2022 ms: Scavenge 883.9 (948.9) -> 873.8 (973.6) MB, pooled: 360 MB, 5.12 / 0.00 ms  (average mu = 0.693, current mu = 0.697) allocation failure; 
   2.44| [1:0xffffb4700000:0]     2022 ms: Young generation mutator utilization = 0.680 (mutator_speed=3795751, gc_speed=8067281)
   2.45| [1:0xffffb4700000]     2034 ms: Scavenge 924.2 (989.2) -> 915.5 (1019.7) MB, pooled: 316 MB, 5.21 / 0.00 ms  (average mu = 0.693, current mu = 0.697) allocation failure; 
   2.45| [1:0xffffb4700000:0]     2034 ms: Young generation mutator utilization = 0.677 (mutator_speed=3861577, gc_speed=8089473)
   2.46| [1:0xffffb4700000]     2046 ms: Scavenge 971.8 (1036.9) -> 962.0 (1063.1) MB, pooled: 273 MB, 5.00 / 0.00 ms  (average mu = 0.693, current mu = 0.697) allocation failure; 
   2.46| [1:0xffffb4700000:0]     2047 ms: Young generation mutator utilization = 0.672 (mutator_speed=3941523, gc_speed=8074148)
   2.49| [1:0xffffb4700000]     2074 ms: Scavenge 1014.1 (1079.2) -> 1005.0 (1108.2) MB, pooled: 229 MB, 20.82 / 0.00 ms  (average mu = 0.693, current mu = 0.697) allocation failure; 
   2.49| [1:0xffffb4700000:0]     2074 ms: Young generation mutator utilization = 0.623 (mutator_speed=4005304, gc_speed=6613379)
   2.50| [1:0xffffb4700000]     2087 ms: Scavenge 1060.4 (1125.6) -> 1050.8 (1152.6) MB, pooled: 186 MB, 5.14 / 0.00 ms  (average mu = 0.693, current mu = 0.697) allocation failure; 
   2.50| [1:0xffffb4700000:0]     2087 ms: Young generation mutator utilization = 0.618 (mutator_speed=4070805, gc_speed=6597347)
   2.51| [1:0xffffb4700000]     2099 ms: Scavenge 1103.6 (1168.8) -> 1094.5 (1197.3) MB, pooled: 142 MB, 5.13 / 0.00 ms  (average mu = 0.693, current mu = 0.697) allocation failure; 
   2.51| [1:0xffffb4700000:0]     2099 ms: Young generation mutator utilization = 0.614 (mutator_speed=4134986, gc_speed=6585514)
   2.53| [1:0xffffb4700000]     2111 ms: Scavenge 1149.2 (1214.4) -> 1139.7 (1241.6) MB, pooled: 99 MB, 5.28 / 0.00 ms  (average mu = 0.693, current mu = 0.697) allocation failure; 
   2.53| [1:0xffffb4700000:0]     2111 ms: Young generation mutator utilization = 0.674 (mutator_speed=4195912, gc_speed=8656720)
   2.54| [1:0xffffb4700000]     2124 ms: Scavenge 1193.0 (1258.2) -> 1183.8 (1286.5) MB, pooled: 55 MB, 5.39 / 0.00 ms  (average mu = 0.693, current mu = 0.697) allocation failure; 
   2.54| [1:0xffffb4700000:0]     2124 ms: Young generation mutator utilization = 0.671 (mutator_speed=4257290, gc_speed=8670540)
   2.55| [1:0xffffb4700000]     2136 ms: Scavenge 1238.1 (1303.4) -> 1228.6 (1330.9) MB, pooled: 12 MB, 5.07 / 0.00 ms  (average mu = 0.693, current mu = 0.697) allocation failure; 
   2.55| [1:0xffffb4700000:0]     2136 ms: Young generation mutator utilization = 0.669 (mutator_speed=4301389, gc_speed=8679567)
   2.79| [1:0xffffb4700000]     2380 ms: Mark-Compact 1254.6 (1339.0) -> 352.5 (519.8) MB, pooled: 802 MB, 53.86 / 0.00 ms  (+ 158.3 ms in 318 steps since start of marking, biggest step 54.6 ms, walltime since start of marking 244 ms) (average mu = 0.662, current mu = 0.634) finalize incremental marking via stack guard; GC in old space requested
   2.82| [1:0xffffb4700000]     2402 ms: Scavenge (interleaved) 446.4 (523.3) -> 430.2 (523.3) MB, pooled: 800 MB, 6.72 / 0.00 ms  (average mu = 0.662, current mu = 0.634) allocation failure; 
   2.82| [1:0xffffb4700000:0]     2402 ms: Young generation mutator utilization = 0.844 (mutator_speed=1546469, gc_speed=8361922)
   2.83| [1:0xffffb4700000]     2413 ms: Scavenge 454.1 (523.8) -> 449.9 (568.5) MB, pooled: 756 MB, 7.66 / 0.00 ms  (average mu = 0.662, current mu = 0.634) allocation failure; 
   2.83| [1:0xffffb4700000:0]     2413 ms: Young generation mutator utilization = 0.833 (mutator_speed=1627207, gc_speed=8143633)
   2.84| [1:0xffffb4700000]     2427 ms: Scavenge 526.2 (592.4) -> 513.0 (604.9) MB, pooled: 721 MB, 4.60 / 0.00 ms  (average mu = 0.662, current mu = 0.634) allocation failure; 
   2.84| [1:0xffffb4700000:0]     2427 ms: Young generation mutator utilization = 0.812 (mutator_speed=1884079, gc_speed=8152390)
   2.89| [1:0xffffb4700000]     2477 ms: Scavenge 550.2 (616.5) -> 543.7 (655.7) MB, pooled: 671 MB, 44.91 / 0.00 ms  (average mu = 0.662, current mu = 0.634) allocation failure; 
   2.89| [1:0xffffb4700000:0]     2477 ms: Young generation mutator utilization = 0.724 (mutator_speed=2001043, gc_speed=5243934)
   2.91| [1:0xffffb4700000]     2492 ms: Scavenge 610.1 (676.5) -> 598.6 (695.7) MB, pooled: 632 MB, 5.04 / 0.00 ms  (average mu = 0.662, current mu = 0.634) allocation failure; 
   2.91| [1:0xffffb4700000:0]     2492 ms: Young generation mutator utilization = 0.736 (mutator_speed=2187196, gc_speed=6089557)
   2.92| [1:0xffffb4700000]     2503 ms: Scavenge 643.2 (709.6) -> 635.5 (743.6) MB, pooled: 585 MB, 5.10 / 0.00 ms  (average mu = 0.662, current mu = 0.634) allocation failure; 
   2.92| [1:0xffffb4700000:0]     2503 ms: Young generation mutator utilization = 0.725 (mutator_speed=2313287, gc_speed=6111239)
   2.93| [1:0xffffb4700000]     2516 ms: Scavenge 696.3 (762.7) -> 685.7 (785.7) MB, pooled: 544 MB, 4.92 / 0.00 ms  (average mu = 0.662, current mu = 0.634) allocation failure; 
   2.93| [1:0xffffb4700000:0]     2516 ms: Young generation mutator utilization = 0.712 (mutator_speed=2475682, gc_speed=6111496)
   2.94| [1:0xffffb4700000]     2528 ms: Scavenge 734.5 (800.9) -> 726.0 (832.2) MB, pooled: 498 MB, 5.36 / 0.00 ms  (average mu = 0.662, current mu = 0.634) allocation failure; 
   2.94| [1:0xffffb4700000:0]     2528 ms: Young generation mutator utilization = 0.702 (mutator_speed=2599990, gc_speed=6116757)
   2.95| [1:0xffffb4700000]     2541 ms: Scavenge 783.8 (850.0) -> 773.8 (875.5) MB, pooled: 456 MB, 4.79 / 0.00 ms  (average mu = 0.662, current mu = 0.634) allocation failure; 
   2.95| [1:0xffffb4700000:0]     2541 ms: Young generation mutator utilization = 0.691 (mutator_speed=2743380, gc_speed=6147714)
   2.99| [1:0xffffb4700000]     2572 ms: Scavenge 824.8 (891.1) -> 816.0 (920.9) MB, pooled: 412 MB, 23.89 / 0.00 ms  (average mu = 0.662, current mu = 0.634) allocation failure; 
   2.99| [1:0xffffb4700000:0]     2572 ms: Young generation mutator utilization = 0.642 (mutator_speed=2859926, gc_speed=5130329)
   3.00| [1:0xffffb4700000]     2585 ms: Scavenge 863.1 (935.4) -> 854.9 (961.6) MB, pooled: 372 MB, 5.83 / 0.00 ms  (average mu = 0.662, current mu = 0.634) task; 
   3.00| [1:0xffffb4700000:0]     2585 ms: Young generation mutator utilization = 0.638 (mutator_speed=2942349, gc_speed=5180912)
   3.01| [1:0xffffb4700000]     2599 ms: Scavenge 913.9 (980.1) -> 903.7 (1004.6) MB, pooled: 330 MB, 6.00 / 0.00 ms  (average mu = 0.662, current mu = 0.634) allocation failure; 
   3.01| [1:0xffffb4700000:0]     2599 ms: Young generation mutator utilization = 0.629 (mutator_speed=3069450, gc_speed=5208548)
   3.02| [1:0xffffb4700000]     2611 ms: Scavenge 953.8 (1020.3) -> 945.1 (1050.3) MB, pooled: 286 MB, 5.21 / 0.00 ms  (average mu = 0.662, current mu = 0.634) allocation failure; 
   3.02| [1:0xffffb4700000:0]     2611 ms: Young generation mutator utilization = 0.622 (mutator_speed=3167839, gc_speed=5217909)
   3.04| [1:0xffffb4700000]     2624 ms: Scavenge 1001.8 (1068.2) -> 992.0 (1094.2) MB, pooled: 243 MB, 5.14 / 0.00 ms  (average mu = 0.662, current mu = 0.634) allocation failure; 
   3.04| [1:0xffffb4700000:0]     2624 ms: Young generation mutator utilization = 0.712 (mutator_speed=3276515, gc_speed=8085043)
   3.05| [1:0xffffb4700000]     2637 ms: Scavenge 1043.8 (1110.1) -> 1034.8 (1139.4) MB, pooled: 198 MB, 6.34 / 0.00 ms  (average mu = 0.662, current mu = 0.634) allocation failure; 
   3.05| [1:0xffffb4700000:0]     2637 ms: Young generation mutator utilization = 0.702 (mutator_speed=3376851, gc_speed=7972833)
   3.07| [1:0xffffb4700000]     2654 ms: Scavenge 1090.3 (1156.7) -> 1080.7 (1183.7) MB, pooled: 155 MB, 9.05 / 0.00 ms  (average mu = 0.662, current mu = 0.634) allocation failure; 
   3.07| [1:0xffffb4700000:0]     2654 ms: Young generation mutator utilization = 0.686 (mutator_speed=3456641, gc_speed=7537870)
   3.09| [1:0xffffb4700000]     2676 ms: Scavenge 1133.5 (1199.8) -> 1124.3 (1228.6) MB, pooled: 112 MB, 13.98 / 0.00 ms  (average mu = 0.662, current mu = 0.634) allocation failure; 
   3.09| [1:0xffffb4700000:0]     2676 ms: Young generation mutator utilization = 0.657 (mutator_speed=3532109, gc_speed=6756851)
   3.10| [1:0xffffb4700000]     2691 ms: Scavenge 1179.0 (1245.5) -> 1169.5 (1272.5) MB, pooled: 68 MB, 6.53 / 0.00 ms  (average mu = 0.662, current mu = 0.634) allocation failure; 
   3.10| [1:0xffffb4700000:0]     2691 ms: Young generation mutator utilization = 0.649 (mutator_speed=3590453, gc_speed=6653195)
   3.30| [1:0xffffb4700000]     2882 ms: Mark-Compact 1173.9 (1273.6) -> 328.2 (487.5) MB, pooled: 834 MB, 6.94 / 0.00 ms  (+ 182.0 ms in 52 steps since start of marking, biggest step 43.9 ms, walltime since start of marking 191 ms) (average mu = 0.643, current mu = 0.624) finalize incremental marking via stack guard; GC in old space requested
   3.32| [1:0xffffb4700000]     2903 ms: Scavenge (interleaved) 422.3 (490.6) -> 406.1 (490.6) MB, pooled: 833 MB, 6.02 / 0.00 ms  (average mu = 0.643, current mu = 0.624) allocation failure; 
   3.32| [1:0xffffb4700000:0]     2903 ms: Young generation mutator utilization = 0.827 (mutator_speed=1355516, gc_speed=6495795)
   3.33| [1:0xffffb4700000]     2915 ms: Scavenge 429.9 (496.6) -> 425.8 (543.8) MB, pooled: 780 MB, 7.90 / 0.00 ms  (average mu = 0.643, current mu = 0.624) allocation failure; 
   3.33| [1:0xffffb4700000:0]     2915 ms: Young generation mutator utilization = 0.848 (mutator_speed=1432392, gc_speed=7998596)
   3.39| [1:0xffffb4700000]     2973 ms: Scavenge 502.0 (567.7) -> 488.8 (580.2) MB, pooled: 745 MB, 48.07 / 0.00 ms  (average mu = 0.643, current mu = 0.624) allocation failure; 
   3.39| [1:0xffffb4700000:0]     2973 ms: Young generation mutator utilization = 0.748 (mutator_speed=1705138, gc_speed=5055379)
   3.40| [1:0xffffb4700000]     2984 ms: Scavenge 526.1 (591.7) -> 519.6 (630.7) MB, pooled: 695 MB, 5.70 / 0.00 ms  (average mu = 0.643, current mu = 0.624) allocation failure; 
   3.40| [1:0xffffb4700000:0]     2984 ms: Young generation mutator utilization = 0.737 (mutator_speed=1816317, gc_speed=5099207)
   3.41| [1:0xffffb4700000]     2999 ms: Scavenge 585.9 (651.7) -> 574.4 (671.2) MB, pooled: 656 MB, 4.84 / 0.00 ms  (average mu = 0.643, current mu = 0.624) allocation failure; 
   3.41| [1:0xffffb4700000:0]     2999 ms: Young generation mutator utilization = 0.716 (mutator_speed=2015618, gc_speed=5093120)
   3.42| [1:0xffffb4700000]     3010 ms: Scavenge 619.0 (684.8) -> 611.3 (718.8) MB, pooled: 609 MB, 5.25 / 0.00 ms  (average mu = 0.643, current mu = 0.624) allocation failure; 
   3.42| [1:0xffffb4700000:0]     3010 ms: Young generation mutator utilization = 0.703 (mutator_speed=2151701, gc_speed=5104067)
   3.44| [1:0xffffb4700000]     3023 ms: Scavenge 672.1 (737.8) -> 661.6 (761.0) MB, pooled: 568 MB, 5.29 / 0.00 ms  (average mu = 0.643, current mu = 0.624) allocation failure; 
   3.44| [1:0xffffb4700000:0]     3024 ms: Young generation mutator utilization = 0.689 (mutator_speed=2323774, gc_speed=5139909)
   3.45| [1:0xffffb4700000]     3036 ms: Scavenge 710.3 (776.2) -> 701.9 (807.5) MB, pooled: 523 MB, 5.61 / 0.00 ms  (average mu = 0.643, current mu = 0.624) allocation failure; 
   3.45| [1:0xffffb4700000:0]     3036 ms: Young generation mutator utilization = 0.684 (mutator_speed=2449708, gc_speed=5311249)
   3.47| [1:0xffffb4700000]     3051 ms: Scavenge 759.6 (825.3) -> 749.6 (850.6) MB, pooled: 481 MB, 7.29 / 0.00 ms  (average mu = 0.643, current mu = 0.624) allocation failure; 
   3.47| [1:0xffffb4700000:0]     3051 ms: Young generation mutator utilization = 0.685 (mutator_speed=2593309, gc_speed=5649021)
   3.49| [1:0xffffb4700000]     3075 ms: Scavenge 800.6 (866.5) -> 791.8 (896.2) MB, pooled: 436 MB, 15.41 / 0.00 ms  (average mu = 0.643, current mu = 0.624) allocation failure; 
   3.49| [1:0xffffb4700000:0]     3075 ms: Young generation mutator utilization = 0.659 (mutator_speed=2695537, gc_speed=5204452)
   3.50| [1:0xffffb4700000]     3088 ms: Scavenge 847.8 (913.6) -> 838.0 (940.1) MB, pooled: 393 MB, 5.14 / 0.00 ms  (average mu = 0.643, current mu = 0.624) allocation failure; 
   3.50| [1:0xffffb4700000:0]     3088 ms: Young generation mutator utilization = 0.652 (mutator_speed=2829566, gc_speed=5299868)
   3.51| [1:0xffffb4700000]     3099 ms: Scavenge 890.5 (956.4) -> 881.4 (985.7) MB, pooled: 349 MB, 4.92 / 0.00 ms  (average mu = 0.643, current mu = 0.624) allocation failure; 
   3.51| [1:0xffffb4700000:0]     3099 ms: Young generation mutator utilization = 0.647 (mutator_speed=2950113, gc_speed=5404319)
   3.53| [1:0xffffb4700000]     3112 ms: Scavenge 936.3 (1002.4) -> 926.8 (1028.9) MB, pooled: 306 MB, 4.89 / 0.00 ms  (average mu = 0.643, current mu = 0.624) allocation failure; 
   3.53| [1:0xffffb4700000:0]     3112 ms: Young generation mutator utilization = 0.747 (mutator_speed=3071572, gc_speed=9084595)
   3.54| [1:0xffffb4700000]     3123 ms: Scavenge 979.9 (1045.7) -> 970.7 (1074.2) MB, pooled: 262 MB, 5.25 / 0.00 ms  (average mu = 0.643, current mu = 0.624) allocation failure; 
   3.54| [1:0xffffb4700000:0]     3124 ms: Young generation mutator utilization = 0.741 (mutator_speed=3187496, gc_speed=9108039)
   3.55| [1:0xffffb4700000]     3136 ms: Scavenge 1025.3 (1091.3) -> 1015.8 (1118.6) MB, pooled: 219 MB, 5.05 / 0.00 ms  (average mu = 0.643, current mu = 0.624) allocation failure; 
   3.55| [1:0xffffb4700000:0]     3136 ms: Young generation mutator utilization = 0.735 (mutator_speed=3287378, gc_speed=9109613)
   3.59| [1:0xffffb4700000]     3172 ms: Scavenge 1069.2 (1135.2) -> 1059.9 (1163.0) MB, pooled: 176 MB, 29.35 / 0.00 ms  (average mu = 0.643, current mu = 0.624) allocation failure; 
   3.59| [1:0xffffb4700000:0]     3172 ms: Young generation mutator utilization = 0.661 (mutator_speed=3392271, gc_speed=6604485)
   3.60| [1:0xffffb4700000]     3185 ms: Scavenge 1114.2 (1180.3) -> 1104.8 (1208.1) MB, pooled: 132 MB, 5.41 / 0.00 ms  (average mu = 0.643, current mu = 0.624) allocation failure; 
   3.60| [1:0xffffb4700000:0]     3185 ms: Young generation mutator utilization = 0.655 (mutator_speed=3475968, gc_speed=6607392)
   3.61| [1:0xffffb4700000]     3198 ms: Scavenge 1158.5 (1224.4) -> 1149.2 (1252.4) MB, pooled: 88 MB, 5.18 / 0.00 ms  (average mu = 0.643, current mu = 0.624) allocation failure; 
   3.61| [1:0xffffb4700000:0]     3198 ms: Young generation mutator utilization = 0.650 (mutator_speed=3571407, gc_speed=6631565)
   3.62| [1:0xffffb4700000]     3210 ms: Scavenge 1203.2 (1269.4) -> 1193.8 (1296.9) MB, pooled: 45 MB, 5.39 / 0.00 ms  (average mu = 0.643, current mu = 0.624) allocation failure; 
   3.62| [1:0xffffb4700000:0]     3210 ms: Young generation mutator utilization = 0.649 (mutator_speed=3662563, gc_speed=6783868)
   3.64| [1:0xffffb4700000]     3222 ms: Scavenge 1247.6 (1313.7) -> 1238.3 (1341.7) MB, pooled: 1 MB, 5.55 / 0.00 ms  (average mu = 0.643, current mu = 0.624) allocation failure; 
   3.64| [1:0xffffb4700000:0]     3222 ms: Young generation mutator utilization = 0.671 (mutator_speed=3758092, gc_speed=7658078)
   3.80| [1:0xffffb4700000]     3384 ms: Mark-Compact 1238.4 (1341.7) -> 327.3 (480.7) MB, pooled: 841 MB, 160.59 / 0.00 ms  (+ 0.1 ms in 1 steps since start of marking, biggest step 0.1 ms, walltime since start of marking 162 ms) (average mu = 0.661, current mu = 0.680) finalize incremental marking via stack guard; GC in old space requested
   3.82| [1:0xffffb4700000]     3407 ms: Scavenge (interleaved) 421.2 (486.7) -> 405.1 (486.7) MB, pooled: 836 MB, 7.89 / 0.00 ms  (average mu = 0.661, current mu = 0.680) allocation failure; 
   3.82| [1:0xffffb4700000:0]     3407 ms: Young generation mutator utilization = 0.658 (mutator_speed=3805987, gc_speed=7313074)
   3.83| [1:0xffffb4700000]     3418 ms: Scavenge 428.8 (494.4) -> 424.7 (542.6) MB, pooled: 781 MB, 7.43 / 0.00 ms  (average mu = 0.661, current mu = 0.680) allocation failure; 
   3.83| [1:0xffffb4700000:0]     3418 ms: Young generation mutator utilization = 0.651 (mutator_speed=3824505, gc_speed=7143145)
   3.85| [1:0xffffb4700000]     3433 ms: Scavenge 501.1 (566.7) -> 487.9 (578.7) MB, pooled: 746 MB, 4.62 / 0.00 ms  (average mu = 0.661, current mu = 0.680) allocation failure; 
   3.85| [1:0xffffb4700000:0]     3433 ms: Young generation mutator utilization = 0.645 (mutator_speed=3923766, gc_speed=7126422)
   3.86| [1:0xffffb4700000]     3440 ms: Scavenge 509.6 (585.5) -> 505.8 (624.8) MB, pooled: 701 MB, 4.55 / 0.00 ms  (average mu = 0.661, current mu = 0.680) task; 
   3.86| [1:0xffffb4700000:0]     3440 ms: Young generation mutator utilization = 0.643 (mutator_speed=3945356, gc_speed=7113383)
   3.90| [1:0xffffb4700000]     3489 ms: Scavenge 583.7 (649.3) -> 570.2 (660.6) MB, pooled: 666 MB, 4.88 / 0.00 ms  (average mu = 0.661, current mu = 0.680) allocation failure; 
   3.90| [1:0xffffb4700000:0]     3489 ms: Young generation mutator utilization = 0.686 (mutator_speed=3245297, gc_speed=7081463)
   3.91| [1:0xffffb4700000]     3499 ms: Scavenge 606.4 (671.9) -> 600.1 (711.9) MB, pooled: 616 MB, 5.15 / 0.00 ms  (average mu = 0.661, current mu = 0.680) allocation failure; 
   3.91| [1:0xffffb4700000:0]     3499 ms: Young generation mutator utilization = 0.755 (mutator_speed=3312832, gc_speed=10192058)
   3.93| [1:0xffffb4700000]     3513 ms: Scavenge 667.2 (732.9) -> 655.6 (751.1) MB, pooled: 578 MB, 4.90 / 0.00 ms  (average mu = 0.661, current mu = 0.680) allocation failure; 
   3.93| [1:0xffffb4700000:0]     3513 ms: Young generation mutator utilization = 0.749 (mutator_speed=3437144, gc_speed=10245649)
   3.94| [1:0xffffb4700000]     3524 ms: Scavenge 699.6 (765.1) -> 691.9 (799.6) MB, pooled: 530 MB, 5.30 / 0.00 ms  (average mu = 0.661, current mu = 0.680) allocation failure; 
   3.94| [1:0xffffb4700000:0]     3524 ms: Young generation mutator utilization = 0.745 (mutator_speed=3509304, gc_speed=10249372)
   3.95| [1:0xffffb4700000]     3537 ms: Scavenge 753.3 (818.9) -> 742.7 (841.6) MB, pooled: 490 MB, 4.84 / 0.00 ms  (average mu = 0.661, current mu = 0.680) allocation failure; 
   3.95| [1:0xffffb4700000:0]     3537 ms: Young generation mutator utilization = 0.741 (mutator_speed=3615087, gc_speed=10333852)
   3.96| [1:0xffffb4700000]     3549 ms: Scavenge 791.0 (856.8) -> 782.6 (888.3) MB, pooled: 444 MB, 4.99 / 0.00 ms  (average mu = 0.661, current mu = 0.680) allocation failure; 
   3.96| [1:0xffffb4700000:0]     3549 ms: Young generation mutator utilization = 0.739 (mutator_speed=3687363, gc_speed=10454847)
   3.99| [1:0xffffb4700000]     3573 ms: Scavenge 840.6 (906.4) -> 830.6 (931.4) MB, pooled: 402 MB, 17.07 / 0.00 ms  (average mu = 0.661, current mu = 0.680) allocation failure; 
   3.99| [1:0xffffb4700000:0]     3573 ms: Young generation mutator utilization = 0.705 (mutator_speed=3781232, gc_speed=9040180)
   4.00| [1:0xffffb4700000]     3586 ms: Scavenge 881.4 (947.1) -> 872.6 (977.1) MB, pooled: 357 MB, 5.97 / 0.00 ms  (average mu = 0.661, current mu = 0.680) allocation failure; 
   4.00| [1:0xffffb4700000:0]     3586 ms: Young generation mutator utilization = 0.705 (mutator_speed=3849039, gc_speed=9181413)
   4.01| [1:0xffffb4700000]     3600 ms: Scavenge 928.8 (994.5) -> 919.0 (1021.0) MB, pooled: 314 MB, 5.90 / 0.00 ms  (average mu = 0.661, current mu = 0.680) allocation failure; 
   4.01| [1:0xffffb4700000:0]     3600 ms: Young generation mutator utilization = 0.699 (mutator_speed=3903852, gc_speed=9047149)
   4.03| [1:0xffffb4700000]     3613 ms: Scavenge 971.3 (1037.1) -> 962.3 (1066.3) MB, pooled: 270 MB, 5.89 / 0.00 ms  (average mu = 0.661, current mu = 0.680) allocation failure; 
   4.03| [1:0xffffb4700000:0]     3613 ms: Young generation mutator utilization = 0.693 (mutator_speed=3964294, gc_speed=8956842)
   4.04| [1:0xffffb4700000]     3627 ms: Scavenge 1017.3 (1083.2) -> 1007.8 (1110.5) MB, pooled: 227 MB, 6.44 / 0.00 ms  (average mu = 0.661, current mu = 0.680) allocation failure; 
   4.04| [1:0xffffb4700000:0]     3627 ms: Young generation mutator utilization = 0.686 (mutator_speed=4033314, gc_speed=8798793)
   4.05| [1:0xffffb4700000]     3640 ms: Scavenge 1060.8 (1126.6) -> 1051.6 (1155.1) MB, pooled: 183 MB, 5.99 / 0.00 ms  (average mu = 0.661, current mu = 0.680) allocation failure; 
   4.05| [1:0xffffb4700000:0]     3640 ms: Young generation mutator utilization = 0.678 (mutator_speed=4108508, gc_speed=8648699)
   4.07| [1:0xffffb4700000]     3653 ms: Scavenge 1106.2 (1172.2) -> 1096.7 (1199.4) MB, pooled: 140 MB, 5.94 / 0.00 ms  (average mu = 0.661, current mu = 0.680) allocation failure; 
   4.07| [1:0xffffb4700000:0]     3653 ms: Young generation mutator utilization = 0.672 (mutator_speed=4177318, gc_speed=8547474)
   4.09| [1:0xffffb4700000]     3676 ms: Scavenge 1150.1 (1216.1) -> 1140.8 (1244.1) MB, pooled: 96 MB, 15.72 / 0.00 ms  (average mu = 0.661, current mu = 0.680) allocation failure; 
   4.09| [1:0xffffb4700000:0]     3676 ms: Young generation mutator utilization = 0.636 (mutator_speed=4224682, gc_speed=7396874)
   4.10| [1:0xffffb4700000]     3690 ms: Scavenge 1195.2 (1261.2) -> 1185.8 (1288.5) MB, pooled: 53 MB, 7.12 / 0.00 ms  (average mu = 0.661, current mu = 0.680) allocation failure; 
   4.10| [1:0xffffb4700000:0]     3690 ms: Young generation mutator utilization = 0.627 (mutator_speed=4279593, gc_speed=7202860)
   4.24| [1:0xffffb4700000]     3824 ms: Mark-Compact 1197.8 (1292.0) -> 324.8 (482.0) MB, pooled: 840 MB, 131.30 / 0.00 ms  (+ 0.1 ms in 2 steps since start of marking, biggest step 0.1 ms, walltime since start of marking 132 ms) (average mu = 0.680, current mu = 0.701) finalize incremental marking via stack guard; GC in old space requested
   4.30| [1:0xffffb4700000]     3886 ms: Scavenge (interleaved) 418.8 (486.2) -> 402.6 (486.2) MB, pooled: 837 MB, 6.16 / 0.00 ms  (average mu = 0.680, current mu = 0.701) allocation failure; 
   4.30| [1:0xffffb4700000:0]     3886 ms: Young generation mutator utilization = 0.681 (mutator_speed=3281894, gc_speed=7010633)
   4.31| [1:0xffffb4700000]     3896 ms: Scavenge 426.4 (493.9) -> 422.2 (540.9) MB, pooled: 783 MB, 6.76 / 0.00 ms  (average mu = 0.680, current mu = 0.701) allocation failure; 
   4.31| [1:0xffffb4700000:0]     3896 ms: Young generation mutator utilization = 0.709 (mutator_speed=3315253, gc_speed=8093404)
   4.33| [1:0xffffb4700000]     3911 ms: Scavenge 498.5 (564.8) -> 485.3 (577.1) MB, pooled: 748 MB, 4.49 / 0.00 ms  (average mu = 0.680, current mu = 0.701) allocation failure; 
   4.33| [1:0xffffb4700000:0]     3911 ms: Young generation mutator utilization = 0.703 (mutator_speed=3464681, gc_speed=8204803)
   4.34| [1:0xffffb4700000]     3921 ms: Scavenge 522.5 (588.6) -> 516.0 (627.8) MB, pooled: 698 MB, 5.44 / 0.00 ms  (average mu = 0.680, current mu = 0.701) allocation failure; 
   4.34| [1:0xffffb4700000:0]     3921 ms: Young generation mutator utilization = 0.702 (mutator_speed=3525031, gc_speed=8303577)
   4.35| [1:0xffffb4700000]     3935 ms: Scavenge 582.4 (648.6) -> 571.0 (667.8) MB, pooled: 659 MB, 4.79 / 0.00 ms  (average mu = 0.680, current mu = 0.701) allocation failure; 
   4.35| [1:0xffffb4700000:0]     3935 ms: Young generation mutator utilization = 0.698 (mutator_speed=3633691, gc_speed=8400508)
   4.39| [1:0xffffb4700000]     3977 ms: Scavenge 615.5 (681.8) -> 607.8 (715.8) MB, pooled: 612 MB, 36.86 / 0.00 ms  (average mu = 0.680, current mu = 0.701) allocation failure; 
   4.39| [1:0xffffb4700000:0]     3977 ms: Young generation mutator utilization = 0.612 (mutator_speed=3711051, gc_speed=5844909)
   4.40| [1:0xffffb4700000]     3991 ms: Scavenge 668.6 (734.9) -> 658.1 (757.9) MB, pooled: 571 MB, 4.96 / 0.00 ms  (average mu = 0.680, current mu = 0.701) allocation failure; 
   4.41| [1:0xffffb4700000:0]     3991 ms: Young generation mutator utilization = 0.609 (mutator_speed=3782295, gc_speed=5891669)
   4.42| [1:0xffffb4700000]     4002 ms: Scavenge 706.8 (773.1) -> 698.4 (804.1) MB, pooled: 526 MB, 5.03 / 0.00 ms  (average mu = 0.680, current mu = 0.701) allocation failure; 
   4.42| [1:0xffffb4700000:0]     4002 ms: Young generation mutator utilization = 0.607 (mutator_speed=3856720, gc_speed=5956212)
   4.43| [1:0xffffb4700000]     4015 ms: Scavenge 756.1 (822.4) -> 746.1 (847.6) MB, pooled: 484 MB, 4.81 / 0.00 ms  (average mu = 0.680, current mu = 0.701) allocation failure; 
   4.43| [1:0xffffb4700000:0]     4015 ms: Young generation mutator utilization = 0.630 (mutator_speed=3937968, gc_speed=6700286)
   4.44| [1:0xffffb4700000]     4026 ms: Scavenge 797.2 (863.5) -> 788.3 (893.5) MB, pooled: 439 MB, 5.22 / 0.00 ms  (average mu = 0.680, current mu = 0.701) allocation failure; 
   4.44| [1:0xffffb4700000:0]     4026 ms: Young generation mutator utilization = 0.631 (mutator_speed=4012469, gc_speed=6857144)
   4.45| [1:0xffffb4700000]     4039 ms: Scavenge 844.4 (910.6) -> 834.7 (936.8) MB, pooled: 396 MB, 5.14 / 0.00 ms  (average mu = 0.680, current mu = 0.701) allocation failure; 
   4.45| [1:0xffffb4700000:0]     4039 ms: Young generation mutator utilization = 0.633 (mutator_speed=4074930, gc_speed=7014827)
   4.47| [1:0xffffb4700000]     4051 ms: Scavenge 887.0 (953.3) -> 877.9 (982.0) MB, pooled: 352 MB, 5.26 / 0.00 ms  (average mu = 0.680, current mu = 0.701) allocation failure; 
   4.47| [1:0xffffb4700000:0]     4051 ms: Young generation mutator utilization = 0.631 (mutator_speed=4135207, gc_speed=7086252)
   4.50| [1:0xffffb4700000]     4084 ms: Scavenge 930.0 (998.2) -> 921.0 (1025.2) MB, pooled: 310 MB, 5.26 / 0.00 ms  (average mu = 0.680, current mu = 0.701) task; 
   4.50| [1:0xffffb4700000:0]     4084 ms: Young generation mutator utilization = 0.659 (mutator_speed=3652070, gc_speed=7042851)
   4.51| [1:0xffffb4700000]     4096 ms: Scavenge 976.2 (1042.6) -> 966.6 (1069.6) MB, pooled: 267 MB, 5.20 / 0.00 ms  (average mu = 0.680, current mu = 0.701) allocation failure; 
   4.51| [1:0xffffb4700000:0]     4096 ms: Young generation mutator utilization = 0.653 (mutator_speed=3740034, gc_speed=7027609)
   4.52| [1:0xffffb4700000]     4108 ms: Scavenge 1019.6 (1085.9) -> 1010.5 (1114.4) MB, pooled: 223 MB, 5.13 / 0.00 ms  (average mu = 0.680, current mu = 0.701) allocation failure; 
   4.52| [1:0xffffb4700000:0]     4108 ms: Young generation mutator utilization = 0.648 (mutator_speed=3823501, gc_speed=7026485)
   4.54| [1:0xffffb4700000]     4121 ms: Scavenge 1065.0 (1131.5) -> 1055.6 (1158.7) MB, pooled: 180 MB, 5.13 / 0.00 ms  (average mu = 0.680, current mu = 0.701) allocation failure; 
   4.54| [1:0xffffb4700000:0]     4121 ms: Young generation mutator utilization = 0.745 (mutator_speed=3893909, gc_speed=11354308)
   4.55| [1:0xffffb4700000]     4133 ms: Scavenge 1109.0 (1175.2) -> 1099.7 (1203.4) MB, pooled: 136 MB, 5.05 / 0.00 ms  (average mu = 0.680, current mu = 0.701) allocation failure; 
   4.55| [1:0xffffb4700000:0]     4133 ms: Young generation mutator utilization = 0.741 (mutator_speed=3964211, gc_speed=11357595)
   4.56| [1:0xffffb4700000]     4145 ms: Scavenge 1154.0 (1220.3) -> 1144.6 (1247.5) MB, pooled: 93 MB, 5.03 / 0.00 ms  (average mu = 0.680, current mu = 0.701) allocation failure; 
   4.56| [1:0xffffb4700000:0]     4145 ms: Young generation mutator utilization = 0.738 (mutator_speed=4031497, gc_speed=11341754)
   4.59| [1:0xffffb4700000]     4174 ms: Scavenge 1198.1 (1264.5) -> 1188.8 (1292.5) MB, pooled: 49 MB, 21.96 / 0.00 ms  (average mu = 0.680, current mu = 0.701) allocation failure; 
   4.59| [1:0xffffb4700000:0]     4174 ms: Young generation mutator utilization = 0.674 (mutator_speed=4106741, gc_speed=8506432)
   4.60| [1:0xffffb4700000]     4186 ms: Scavenge 1243.0 (1309.3) -> 1233.5 (1336.8) MB, pooled: 6 MB, 5.28 / 0.00 ms  (average mu = 0.680, current mu = 0.701) allocation failure; 
   4.60| [1:0xffffb4700000:0]     4186 ms: Young generation mutator utilization = 0.670 (mutator_speed=4174509, gc_speed=8490527)
   4.81| [1:0xffffb4700000]     4397 ms: Mark-Compact 1263.1 (1345.9) -> 353.7 (519.8) MB, pooled: 805 MB, 9.84 / 0.00 ms  (+ 191.3 ms in 362 steps since start of marking, biggest step 55.5 ms, walltime since start of marking 211 ms) (average mu = 0.663, current mu = 0.649) finalize incremental marking via stack guard; GC in old space requested
   4.84| [1:0xffffb4700000]     4424 ms: Scavenge (interleaved) 446.9 (522.1) -> 429.7 (522.1) MB, pooled: 804 MB, 10.10 / 0.00 ms  (average mu = 0.663, current mu = 0.649) allocation failure; 
   4.84| [1:0xffffb4700000:0]     4424 ms: Young generation mutator utilization = 0.845 (mutator_speed=1428969, gc_speed=7818574)
   4.89| [1:0xffffb4700000]     4476 ms: Scavenge 454.7 (525.3) -> 450.1 (568.8) MB, pooled: 758 MB, 46.94 / 0.00 ms  (average mu = 0.663, current mu = 0.649) allocation failure; 
   4.89| [1:0xffffb4700000:0]     4476 ms: Young generation mutator utilization = 0.769 (mutator_speed=1506372, gc_speed=5022729)
   4.90| [1:0xffffb4700000]     4490 ms: Scavenge 525.1 (592.2) -> 511.1 (604.9) MB, pooled: 724 MB, 4.70 / 0.00 ms  (average mu = 0.663, current mu = 0.649) allocation failure; 
   4.90| [1:0xffffb4700000:0]     4490 ms: Young generation mutator utilization = 0.739 (mutator_speed=1773354, gc_speed=5024481)
   4.91| [1:0xffffb4700000]     4500 ms: Scavenge 549.7 (616.7) -> 542.6 (654.7) MB, pooled: 674 MB, 5.16 / 0.00 ms  (average mu = 0.663, current mu = 0.649) allocation failure; 
   4.91| [1:0xffffb4700000:0]     4500 ms: Young generation mutator utilization = 0.726 (mutator_speed=1904184, gc_speed=5045968)
   4.93| [1:0xffffb4700000]     4513 ms: Scavenge 607.7 (674.7) -> 595.7 (694.5) MB, pooled: 636 MB, 4.83 / 0.00 ms  (average mu = 0.663, current mu = 0.649) allocation failure; 
   4.93| [1:0xffffb4700000:0]     4513 ms: Young generation mutator utilization = 0.705 (mutator_speed=2108404, gc_speed=5034397)
   4.94| [1:0xffffb4700000]     4524 ms: Scavenge 641.4 (708.5) -> 632.8 (741.7) MB, pooled: 590 MB, 5.12 / 0.00 ms  (average mu = 0.663, current mu = 0.649) allocation failure; 
   4.94| [1:0xffffb4700000:0]     4524 ms: Young generation mutator utilization = 0.691 (mutator_speed=2249482, gc_speed=5040753)
   4.95| [1:0xffffb4700000]     4537 ms: Scavenge 692.8 (760.0) -> 681.8 (783.0) MB, pooled: 550 MB, 4.78 / 0.00 ms  (average mu = 0.663, current mu = 0.649) allocation failure; 
   4.95| [1:0xffffb4700000:0]     4537 ms: Young generation mutator utilization = 0.676 (mutator_speed=2416673, gc_speed=5038668)
   4.96| [1:0xffffb4700000]     4548 ms: Scavenge 731.3 (798.4) -> 722.1 (829.2) MB, pooled: 504 MB, 4.97 / 0.00 ms  (average mu = 0.663, current mu = 0.649) allocation failure; 
   4.96| [1:0xffffb4700000:0]     4548 ms: Young generation mutator utilization = 0.663 (mutator_speed=2557738, gc_speed=5042107)
   4.99| [1:0xffffb4700000]     4580 ms: Scavenge 779.1 (846.1) -> 768.5 (871.4) MB, pooled: 463 MB, 5.11 / 0.00 ms  (average mu = 0.663, current mu = 0.649) allocation failure; 
   4.99| [1:0xffffb4700000:0]     4580 ms: Young generation mutator utilization = 0.713 (mutator_speed=2381631, gc_speed=5904216)
   5.01| [1:0xffffb4700000]     4592 ms: Scavenge 820.2 (887.2) -> 810.6 (916.5) MB, pooled: 419 MB, 5.45 / 0.00 ms  (average mu = 0.663, current mu = 0.649) allocation failure; 
   5.01| [1:0xffffb4700000:0]     4592 ms: Young generation mutator utilization = 0.700 (mutator_speed=2527231, gc_speed=5893030)
   5.03| [1:0xffffb4700000]     4613 ms: Scavenge 866.2 (933.1) -> 855.9 (959.9) MB, pooled: 376 MB, 10.14 / 0.00 ms  (average mu = 0.663, current mu = 0.649) allocation failure; 
   5.03| [1:0xffffb4700000:0]     4613 ms: Young generation mutator utilization = 0.695 (mutator_speed=2618611, gc_speed=5956056)
   5.04| [1:0xffffb4700000]     4630 ms: Scavenge 908.6 (975.7) -> 898.8 (1004.0) MB, pooled: 334 MB, 8.61 / 0.00 ms  (average mu = 0.663, current mu = 0.649) allocation failure; 
   5.04| [1:0xffffb4700000:0]     4630 ms: Young generation mutator utilization = 0.782 (mutator_speed=2717266, gc_speed=9753881)
   5.06| [1:0xffffb4700000]     4644 ms: Scavenge 953.6 (1020.7) -> 943.4 (1047.4) MB, pooled: 291 MB, 6.17 / 0.00 ms  (average mu = 0.663, current mu = 0.649) allocation failure; 
   5.06| [1:0xffffb4700000:0]     4644 ms: Young generation mutator utilization = 0.771 (mutator_speed=2846223, gc_speed=9573976)
   5.07| [1:0xffffb4700000]     4658 ms: Scavenge 996.7 (1063.8) -> 986.9 (1091.5) MB, pooled: 248 MB, 7.21 / 0.00 ms  (average mu = 0.663, current mu = 0.649) allocation failure; 
   5.07| [1:0xffffb4700000:0]     4658 ms: Young generation mutator utilization = 0.756 (mutator_speed=2967785, gc_speed=9217985)
   5.09| [1:0xffffb4700000]     4675 ms: Scavenge 1041.3 (1108.4) -> 1031.2 (1135.4) MB, pooled: 205 MB, 9.14 / 0.00 ms  (average mu = 0.663, current mu = 0.649) allocation failure; 
   5.09| [1:0xffffb4700000:0]     4675 ms: Young generation mutator utilization = 0.737 (mutator_speed=3082452, gc_speed=8650259)
   5.11| [1:0xffffb4700000]     4688 ms: Scavenge 1080.4 (1150.4) -> 1071.2 (1177.9) MB, pooled: 164 MB, 6.31 / 0.00 ms  (average mu = 0.663, current mu = 0.649) task; 
   5.11| [1:0xffffb4700000:0]     4688 ms: Young generation mutator utilization = 0.727 (mutator_speed=3174801, gc_speed=8444126)
   5.12| [1:0xffffb4700000]     4703 ms: Scavenge 1128.5 (1195.7) -> 1117.9 (1220.7) MB, pooled: 122 MB, 7.24 / 0.00 ms  (average mu = 0.663, current mu = 0.649) allocation failure; 
   5.12| [1:0xffffb4700000:0]     4704 ms: Young generation mutator utilization = 0.713 (mutator_speed=3284090, gc_speed=8153020)
   5.13| [1:0xffffb4700000]     4717 ms: Scavenge 1169.5 (1236.6) -> 1159.9 (1265.8) MB, pooled: 78 MB, 6.02 / 0.00 ms  (average mu = 0.663, current mu = 0.649) allocation failure; 
   5.13| [1:0xffffb4700000:0]     4717 ms: Young generation mutator utilization = 0.704 (mutator_speed=3371127, gc_speed=8029802)
   5.14| [1:0xffffb4700000]     4730 ms: Scavenge 1215.5 (1282.8) -> 1205.2 (1309.0) MB, pooled: 36 MB, 5.25 / 0.00 ms  (average mu = 0.663, current mu = 0.649) allocation failure; 
   5.14| [1:0xffffb4700000:0]     4730 ms: Young generation mutator utilization = 0.698 (mutator_speed=3465292, gc_speed=8017152)
   5.16| [1:0xffffb4700000]     4743 ms: Scavenge 1257.9 (1325.1) -> 1248.2 (1353.6) MB, pooled: 0 MB, 5.45 / 0.00 ms  (average mu = 0.663, current mu = 0.649) allocation failure; 
   5.16| [1:0xffffb4700000:0]     4743 ms: Young generation mutator utilization = 0.693 (mutator_speed=3548067, gc_speed=8013034)
   5.32| [1:0xffffb4700000]     4910 ms: Mark-Compact 1269.0 (1360.2) -> 345.0 (521.5) MB, pooled: 817 MB, 7.69 / 0.00 ms  (+ 151.2 ms in 256 steps since start of marking, biggest step 32.6 ms, walltime since start of marking 167 ms) (average mu = 0.677, current mu = 0.690) finalize incremental marking via stack guard; GC in old space requested
   5.39| [1:0xffffb4700000]     4976 ms: Scavenge (interleaved) 438.3 (524.4) -> 421.2 (524.4) MB, pooled: 816 MB, 52.67 / 0.00 ms  (average mu = 0.677, current mu = 0.690) allocation failure; 
   5.39| [1:0xffffb4700000:0]     4976 ms: Young generation mutator utilization = 0.760 (mutator_speed=1573414, gc_speed=4971494)
   5.40| [1:0xffffb4700000]     4985 ms: Scavenge 428.6 (524.4) -> 427.2 (553.9) MB, pooled: 787 MB, 7.55 / 0.00 ms  (average mu = 0.677, current mu = 0.690) task; 
   5.40| [1:0xffffb4700000:0]     4985 ms: Young generation mutator utilization = 0.757 (mutator_speed=1597231, gc_speed=4974918)
   5.42| [1:0xffffb4700000]     5003 ms: Scavenge 515.0 (581.4) -> 498.8 (585.6) MB, pooled: 757 MB, 4.41 / 0.00 ms  (average mu = 0.677, current mu = 0.690) allocation failure; 
   5.42| [1:0xffffb4700000:0]     5003 ms: Young generation mutator utilization = 0.728 (mutator_speed=1864774, gc_speed=5003355)
   5.43| [1:0xffffb4700000]     5012 ms: Scavenge 528.0 (594.5) -> 522.6 (639.0) MB, pooled: 704 MB, 5.34 / 0.00 ms  (average mu = 0.677, current mu = 0.690) allocation failure; 
   5.43| [1:0xffffb4700000:0]     5012 ms: Young generation mutator utilization = 0.723 (mutator_speed=1960069, gc_speed=5127441)
   5.44| [1:0xffffb4700000]     5026 ms: Scavenge 594.4 (661.0) -> 581.1 (676.0) MB, pooled: 668 MB, 4.77 / 0.00 ms  (average mu = 0.677, current mu = 0.690) allocation failure; 
   5.44| [1:0xffffb4700000:0]     5026 ms: Young generation mutator utilization = 0.708 (mutator_speed=2192309, gc_speed=5309296)
   5.45| [1:0xffffb4700000]     5036 ms: Scavenge 621.9 (688.3) -> 614.4 (724.8) MB, pooled: 620 MB, 5.07 / 0.00 ms  (average mu = 0.677, current mu = 0.690) allocation failure; 
   5.45| [1:0xffffb4700000:0]     5036 ms: Young generation mutator utilization = 0.701 (mutator_speed=2315695, gc_speed=5418146)
   5.45| [5.0s] burst done chunks=1176 rss=1429.9MB heapTotal=724.8MB heapUsed=615.8MB
   7.46| [7.0s] idle rss=1430.3MB heapTotal=724.8MB heapUsed=615.8MB
   8.59| [1:0xffffb4700000:0]     8174 ms: Young generation mutator utilization = 1.000 (mutator_speed=332, gc_speed=5418146)
   8.59| [1:0xffffb4700000:0]     8174 ms: Old generation mutator utilization = 0.988 (mutator_speed=12472, gc_speed=998419)
   8.59| [1:0xffffb4700000:0]     8174 ms: Memory reducer: high alloc, foreground
   8.59| [1:0xffffb4700000:0]     8174 ms: Memory reducer: waiting for 8000 ms
   9.46| [9.0s] idle rss=1430.3MB heapTotal=724.8MB heapUsed=615.8MB
  11.47| [11.0s] idle rss=1430.3MB heapTotal=724.8MB heapUsed=615.8MB
  13.47| [13.0s] idle rss=1430.3MB heapTotal=724.8MB heapUsed=615.8MB
  15.47| [15.0s] idle rss=1430.3MB heapTotal=725.0MB heapUsed=615.8MB
  16.69| [1:0xffffb4700000:0]    16276 ms: Young generation mutator utilization = 1.000 (mutator_speed=1, gc_speed=5418146)
  16.69| [1:0xffffb4700000:0]    16276 ms: Old generation mutator utilization = 1.000 (mutator_speed=0, gc_speed=998419)
  16.69| [1:0xffffb4700000:0]    16276 ms: Embedder mutator utilization = 0.000 (mutator_speed=0, gc_speed=1)
  16.69| [1:0xffffb4700000:0]    16276 ms: Memory reducer: high alloc, foreground
  16.69| [1:0xffffb4700000:0]    16276 ms: Memory reducer: waiting for 8000 ms
  17.48| [17.0s] idle rss=1430.3MB heapTotal=725.0MB heapUsed=615.8MB
  19.48| [19.1s] idle rss=1430.3MB heapTotal=725.0MB heapUsed=615.8MB
  21.48| [21.1s] idle rss=1430.3MB heapTotal=725.0MB heapUsed=615.8MB
  23.49| [23.1s] idle rss=1430.3MB heapTotal=725.0MB heapUsed=615.9MB
  24.79| [1:0xffffb4700000:0]    24379 ms: Young generation mutator utilization = 1.000 (mutator_speed=1, gc_speed=5418146)
  24.79| [1:0xffffb4700000:0]    24379 ms: Old generation mutator utilization = 1.000 (mutator_speed=7, gc_speed=998419)
  24.79| [1:0xffffb4700000:0]    24379 ms: Embedder mutator utilization = 0.000 (mutator_speed=0, gc_speed=1)
  24.79| [1:0xffffb4700000:0]    24379 ms: Memory reducer: high alloc, foreground
  24.79| [1:0xffffb4700000:0]    24379 ms: Memory reducer: waiting for 8000 ms
  25.49| [25.1s] idle rss=1430.3MB heapTotal=725.0MB heapUsed=615.9MB
  27.49| [27.1s] idle rss=1430.3MB heapTotal=725.0MB heapUsed=615.9MB
  29.49| [29.1s] idle rss=1430.3MB heapTotal=725.0MB heapUsed=615.9MB
  31.50| [31.1s] idle rss=1430.3MB heapTotal=725.0MB heapUsed=615.9MB
  32.90| [1:0xffffb4700000:0]    32481 ms: Young generation mutator utilization = 1.000 (mutator_speed=1, gc_speed=5418146)
  32.90| [1:0xffffb4700000:0]    32481 ms: Old generation mutator utilization = 1.000 (mutator_speed=1, gc_speed=998419)
  32.90| [1:0xffffb4700000:0]    32481 ms: Embedder mutator utilization = 0.000 (mutator_speed=0, gc_speed=1)
  32.90| [1:0xffffb4700000:0]    32481 ms: Memory reducer: high alloc, foreground
  32.90| [1:0xffffb4700000:0]    32481 ms: Memory reducer: waiting for 8000 ms
  33.51| [33.1s] idle rss=1430.3MB heapTotal=725.0MB heapUsed=615.9MB
  35.51| [35.1s] idle rss=1430.3MB heapTotal=725.0MB heapUsed=615.9MB
  37.51| [37.1s] idle rss=1430.3MB heapTotal=725.0MB heapUsed=615.9MB
  39.51| [39.1s] idle rss=1430.3MB heapTotal=725.0MB heapUsed=615.9MB
  41.00| [1:0xffffb4700000:0]    40584 ms: Young generation mutator utilization = 1.000 (mutator_speed=1, gc_speed=5418146)
  41.00| [1:0xffffb4700000:0]    40584 ms: Old generation mutator utilization = 1.000 (mutator_speed=0, gc_speed=998419)
  41.00| [1:0xffffb4700000:0]    40584 ms: Embedder mutator utilization = 0.000 (mutator_speed=0, gc_speed=1)
  41.00| [1:0xffffb4700000:0]    40584 ms: Memory reducer: high alloc, foreground
  41.00| [1:0xffffb4700000:0]    40584 ms: Memory reducer: waiting for 8000 ms
  41.51| [41.1s] idle rss=1430.3MB heapTotal=725.0MB heapUsed=615.9MB
  43.52| [43.1s] idle rss=1430.3MB heapTotal=725.0MB heapUsed=615.9MB
  45.52| [45.1s] idle rss=1430.3MB heapTotal=725.0MB heapUsed=615.9MB
  47.52| [47.1s] idle rss=1430.3MB heapTotal=725.0MB heapUsed=615.9MB
  49.10| [1:0xffffb4700000:0]    48685 ms: Young generation mutator utilization = 1.000 (mutator_speed=1, gc_speed=5418146)
  49.10| [1:0xffffb4700000:0]    48685 ms: Old generation mutator utilization = 1.000 (mutator_speed=0, gc_speed=998419)
  49.10| [1:0xffffb4700000:0]    48685 ms: Embedder mutator utilization = 0.000 (mutator_speed=0, gc_speed=1)
  49.10| [1:0xffffb4700000:0]    48685 ms: Memory reducer: high alloc, foreground
  49.10| [1:0xffffb4700000:0]    48685 ms: Memory reducer: waiting for 8000 ms
  49.52| [49.1s] idle rss=1430.3MB heapTotal=725.0MB heapUsed=615.9MB
  51.53| [51.1s] idle rss=1430.3MB heapTotal=725.0MB heapUsed=615.9MB
  53.53| [53.1s] idle rss=1430.3MB heapTotal=725.0MB heapUsed=615.9MB
  55.54| [55.1s] idle rss=1430.3MB heapTotal=725.0MB heapUsed=615.9MB
  57.21| [1:0xffffb4700000:0]    56789 ms: Young generation mutator utilization = 1.000 (mutator_speed=1, gc_speed=5418146)
  57.21| [1:0xffffb4700000:0]    56789 ms: Old generation mutator utilization = 1.000 (mutator_speed=0, gc_speed=998419)
  57.21| [1:0xffffb4700000:0]    56789 ms: Embedder mutator utilization = 0.000 (mutator_speed=0, gc_speed=1)
  57.21| [1:0xffffb4700000:0]    56789 ms: Memory reducer: high alloc, foreground
  57.21| [1:0xffffb4700000:0]    56789 ms: Memory reducer: waiting for 8000 ms
  57.54| [57.1s] idle rss=1430.3MB heapTotal=725.0MB heapUsed=616.0MB
  59.54| [59.1s] idle rss=1430.3MB heapTotal=725.0MB heapUsed=616.0MB
  61.54| [61.1s] idle rss=1430.3MB heapTotal=725.0MB heapUsed=616.0MB
  63.55| [63.1s] idle rss=1430.3MB heapTotal=725.0MB heapUsed=616.0MB
  65.31| [1:0xffffb4700000:0]    64894 ms: Young generation mutator utilization = 1.000 (mutator_speed=1, gc_speed=5418146)
  65.31| [1:0xffffb4700000:0]    64894 ms: Old generation mutator utilization = 1.000 (mutator_speed=0, gc_speed=998419)
  65.31| [1:0xffffb4700000:0]    64894 ms: Embedder mutator utilization = 0.000 (mutator_speed=0, gc_speed=1)
  65.31| [1:0xffffb4700000:0]    64894 ms: Memory reducer: high alloc, foreground
  65.31| [1:0xffffb4700000:0]    64894 ms: Memory reducer: waiting for 8000 ms
  65.55| [65.1s] idle rss=1430.3MB heapTotal=725.0MB heapUsed=616.0MB
  67.55| [67.1s] idle rss=1430.3MB heapTotal=725.0MB heapUsed=616.0MB
  69.56| [69.1s] idle rss=1413.5MB heapTotal=725.0MB heapUsed=616.0MB
  71.56| [71.1s] idle rss=1414.8MB heapTotal=725.0MB heapUsed=616.0MB
  73.41| [1:0xffffb4700000:0]    72997 ms: Young generation mutator utilization = 1.000 (mutator_speed=1, gc_speed=5418146)
  73.41| [1:0xffffb4700000:0]    72997 ms: Old generation mutator utilization = 1.000 (mutator_speed=0, gc_speed=998419)
  73.41| [1:0xffffb4700000:0]    72997 ms: Embedder mutator utilization = 0.000 (mutator_speed=0, gc_speed=1)
  73.41| [1:0xffffb4700000:0]    72997 ms: Memory reducer: high alloc, foreground
  73.41| [1:0xffffb4700000:0]    72997 ms: Memory reducer: waiting for 8000 ms
  73.56| [73.1s] idle rss=1414.8MB heapTotal=725.0MB heapUsed=616.0MB
  75.56| [75.1s] idle rss=1414.8MB heapTotal=725.0MB heapUsed=616.0MB
  77.56| [77.1s] idle rss=1414.8MB heapTotal=725.0MB heapUsed=616.0MB
  79.56| [79.1s] idle rss=1414.8MB heapTotal=725.0MB heapUsed=616.0MB
  81.51| [1:0xffffb4700000:0]    81099 ms: Young generation mutator utilization = 1.000 (mutator_speed=1, gc_speed=5418146)
  81.51| [1:0xffffb4700000:0]    81099 ms: Old generation mutator utilization = 1.000 (mutator_speed=0, gc_speed=998419)
  81.51| [1:0xffffb4700000:0]    81099 ms: Embedder mutator utilization = 0.000 (mutator_speed=0, gc_speed=1)
  81.51| [1:0xffffb4700000:0]    81099 ms: Memory reducer: high alloc, foreground
  81.51| [1:0xffffb4700000:0]    81099 ms: Memory reducer: waiting for 8000 ms
  81.57| [81.1s] idle rss=1414.8MB heapTotal=725.0MB heapUsed=616.0MB
  83.57| [83.1s] idle rss=1414.8MB heapTotal=725.0MB heapUsed=616.0MB
  85.58| [85.1s] idle rss=1414.8MB heapTotal=725.0MB heapUsed=616.0MB
  87.58| [87.1s] idle rss=1415.0MB heapTotal=725.0MB heapUsed=616.0MB
  89.58| [89.2s] idle rss=1416.8MB heapTotal=725.0MB heapUsed=616.0MB
  89.61| [1:0xffffb4700000:0]    89199 ms: Young generation mutator utilization = 1.000 (mutator_speed=2, gc_speed=5418146)
  89.61| [1:0xffffb4700000:0]    89199 ms: Old generation mutator utilization = 1.000 (mutator_speed=0, gc_speed=998419)
  89.61| [1:0xffffb4700000:0]    89199 ms: Embedder mutator utilization = 0.000 (mutator_speed=0, gc_speed=1)
  89.61| [1:0xffffb4700000:0]    89199 ms: Memory reducer: high alloc, foreground
  89.61| [1:0xffffb4700000:0]    89199 ms: Memory reducer: waiting for 8000 ms
  91.59| [91.2s] idle rss=1416.8MB heapTotal=725.0MB heapUsed=616.0MB
  93.59| [93.2s] idle rss=1416.8MB heapTotal=725.0MB heapUsed=616.0MB
  95.59| [95.2s] idle rss=1416.8MB heapTotal=725.0MB heapUsed=616.0MB
  97.59| [97.2s] idle rss=1416.8MB heapTotal=725.0MB heapUsed=616.0MB
  97.71| [1:0xffffb4700000:0]    97299 ms: Young generation mutator utilization = 1.000 (mutator_speed=1, gc_speed=5418146)
  97.71| [1:0xffffb4700000:0]    97299 ms: Old generation mutator utilization = 1.000 (mutator_speed=0, gc_speed=998419)
  97.71| [1:0xffffb4700000:0]    97299 ms: Embedder mutator utilization = 0.000 (mutator_speed=0, gc_speed=1)
  97.71| [1:0xffffb4700000:0]    97299 ms: Memory reducer: high alloc, foreground
  97.71| [1:0xffffb4700000:0]    97300 ms: Memory reducer: waiting for 8000 ms
  99.60| [99.2s] idle rss=1416.8MB heapTotal=725.0MB heapUsed=616.0MB
 101.60| [101.2s] idle rss=1416.8MB heapTotal=725.0MB heapUsed=616.0MB
 103.60| [103.2s] idle rss=1416.8MB heapTotal=725.0MB heapUsed=616.0MB
 105.60| [105.2s] idle rss=1416.8MB heapTotal=725.0MB heapUsed=616.0MB
 105.82| [1:0xffffb4700000:0]   105401 ms: Young generation mutator utilization = 1.000 (mutator_speed=1, gc_speed=5418146)
 105.82| [1:0xffffb4700000:0]   105401 ms: Old generation mutator utilization = 1.000 (mutator_speed=0, gc_speed=998419)
 105.82| [1:0xffffb4700000:0]   105401 ms: Embedder mutator utilization = 0.000 (mutator_speed=0, gc_speed=1)
 105.82| [1:0xffffb4700000:0]   105401 ms: Memory reducer: high alloc, foreground
 105.82| [1:0xffffb4700000:0]   105401 ms: Memory reducer: started GC #1
 105.92| [1:0xffffb4700000:0]   105503 ms: Memory reducer: finished GC #1 (will do more)
 105.92| [1:0xffffb4700000]   105503 ms: Mark-Compact (reduce) 616.0 (725.0) -> 3.5 (30.6) MB, pooled: 0 MB, 64.78 / 0.00 ms  (+ 2.2 ms in 3 steps since start of marking, biggest step 1.0 ms, walltime since start of marking 102 ms) (average mu = 0.998, current mu = 0.999) finalize incremental marking via task; GC in old space requested
 106.52| [1:0xffffb4700000:0]   106104 ms: Young generation mutator utilization = 1.000 (mutator_speed=1, gc_speed=5418146)
 106.52| [1:0xffffb4700000:0]   106104 ms: Old generation mutator utilization = 1.000 (mutator_speed=150, gc_speed=725706)
 106.52| [1:0xffffb4700000:0]   106104 ms: Embedder mutator utilization = 0.000 (mutator_speed=0, gc_speed=1)
 106.52| [1:0xffffb4700000:0]   106104 ms: Memory reducer: high alloc, foreground
 106.52| [1:0xffffb4700000:0]   106104 ms: Memory reducer: waiting for 8000 ms
 107.60| [107.2s] idle rss=78.7MB heapTotal=30.6MB heapUsed=3.5MB
 109.60| [109.2s] idle rss=78.7MB heapTotal=30.6MB heapUsed=3.5MB
 111.61| [111.2s] idle rss=78.7MB heapTotal=30.6MB heapUsed=3.5MB
 113.62| [113.2s] idle rss=60.5MB heapTotal=30.6MB heapUsed=3.5MB
 114.62| [1:0xffffb4700000:0]   114206 ms: Young generation mutator utilization = 1.000 (mutator_speed=2, gc_speed=5418146)
 114.62| [1:0xffffb4700000:0]   114206 ms: Old generation mutator utilization = 1.000 (mutator_speed=0, gc_speed=725706)
 114.62| [1:0xffffb4700000:0]   114206 ms: Embedder mutator utilization = 0.000 (mutator_speed=0, gc_speed=1)
 114.62| [1:0xffffb4700000:0]   114206 ms: Memory reducer: high alloc, foreground
 114.62| [1:0xffffb4700000:0]   114206 ms: Memory reducer: waiting for 8000 ms
 115.61| [115.2s] idle rss=60.9MB heapTotal=30.6MB heapUsed=3.5MB
 117.62| [117.2s] idle rss=60.9MB heapTotal=30.6MB heapUsed=3.5MB
 119.62| [119.2s] idle rss=60.9MB heapTotal=30.6MB heapUsed=3.5MB
 121.62| [121.2s] idle rss=60.9MB heapTotal=30.6MB heapUsed=3.5MB
 122.72| [1:0xffffb4700000:0]   122310 ms: Young generation mutator utilization = 1.000 (mutator_speed=1, gc_speed=5418146)
 122.72| [1:0xffffb4700000:0]   122310 ms: Old generation mutator utilization = 1.000 (mutator_speed=0, gc_speed=725706)
 122.72| [1:0xffffb4700000:0]   122310 ms: Embedder mutator utilization = 0.000 (mutator_speed=0, gc_speed=1)
 122.72| [1:0xffffb4700000:0]   122310 ms: Memory reducer: high alloc, foreground
 122.72| [1:0xffffb4700000:0]   122310 ms: Memory reducer: waiting for 8000 ms
 123.62| [123.2s] idle rss=60.9MB heapTotal=30.6MB heapUsed=3.5MB
 125.63| [125.2s] idle rss=60.9MB heapTotal=30.6MB heapUsed=3.5MB
 127.63| [127.2s] idle rss=60.9MB heapTotal=30.6MB heapUsed=3.5MB
 129.62| [129.2s] idle rss=60.9MB heapTotal=30.6MB heapUsed=3.5MB
 130.83| [1:0xffffb4700000:0]   130413 ms: Young generation mutator utilization = 1.000 (mutator_speed=1, gc_speed=5418146)
 130.83| [1:0xffffb4700000:0]   130413 ms: Old generation mutator utilization = 1.000 (mutator_speed=0, gc_speed=725706)
 130.83| [1:0xffffb4700000:0]   130413 ms: Embedder mutator utilization = 0.000 (mutator_speed=0, gc_speed=1)
 130.83| [1:0xffffb4700000:0]   130413 ms: Memory reducer: high alloc, foreground
 130.83| [1:0xffffb4700000:0]   130413 ms: Memory reducer: waiting for 8000 ms
 131.63| [131.2s] idle rss=60.9MB heapTotal=30.6MB heapUsed=3.5MB
 133.63| [133.2s] idle rss=60.9MB heapTotal=30.6MB heapUsed=3.5MB
 135.63| [135.2s] idle rss=60.9MB heapTotal=30.6MB heapUsed=3.5MB
 137.63| [137.2s] idle rss=60.9MB heapTotal=30.6MB heapUsed=3.5MB
 138.93| [1:0xffffb4700000:0]   138515 ms: Young generation mutator utilization = 1.000 (mutator_speed=1, gc_speed=5418146)
 138.93| [1:0xffffb4700000:0]   138515 ms: Old generation mutator utilization = 1.000 (mutator_speed=0, gc_speed=725706)
 138.93| [1:0xffffb4700000:0]   138515 ms: Embedder mutator utilization = 0.000 (mutator_speed=0, gc_speed=1)
 138.93| [1:0xffffb4700000:0]   138515 ms: Memory reducer: high alloc, foreground
 138.93| [1:0xffffb4700000:0]   138515 ms: Memory reducer: waiting for 8000 ms
 139.64| [139.2s] idle rss=60.9MB heapTotal=30.6MB heapUsed=3.5MB
 141.64| [141.2s] idle rss=60.9MB heapTotal=30.6MB heapUsed=3.5MB
 143.64| [143.2s] idle rss=60.9MB heapTotal=30.6MB heapUsed=3.5MB
 145.64| [145.2s] idle rss=60.9MB heapTotal=30.6MB heapUsed=3.5MB
 147.03| [1:0xffffb4700000:0]   146619 ms: Young generation mutator utilization = 1.000 (mutator_speed=1, gc_speed=5418146)
 147.03| [1:0xffffb4700000:0]   146619 ms: Old generation mutator utilization = 1.000 (mutator_speed=0, gc_speed=725706)
 147.03| [1:0xffffb4700000:0]   146619 ms: Embedder mutator utilization = 0.000 (mutator_speed=0, gc_speed=1)
 147.03| [1:0xffffb4700000:0]   146619 ms: Memory reducer: high alloc, foreground
 147.03| [1:0xffffb4700000:0]   146619 ms: Memory reducer: waiting for 8000 ms
 147.64| [147.2s] idle rss=61.7MB heapTotal=30.6MB heapUsed=3.5MB
 149.65| [149.2s] idle rss=61.7MB heapTotal=30.6MB heapUsed=3.5MB
 151.65| [151.2s] idle rss=61.7MB heapTotal=30.6MB heapUsed=3.5MB
 153.66| [153.2s] idle rss=61.7MB heapTotal=30.6MB heapUsed=3.5MB
 155.13| [1:0xffffb4700000:0]   154720 ms: Young generation mutator utilization = 1.000 (mutator_speed=1, gc_speed=5418146)
 155.13| [1:0xffffb4700000:0]   154720 ms: Old generation mutator utilization = 1.000 (mutator_speed=0, gc_speed=725706)
 155.13| [1:0xffffb4700000:0]   154720 ms: Embedder mutator utilization = 0.000 (mutator_speed=0, gc_speed=1)
 155.13| [1:0xffffb4700000:0]   154720 ms: Memory reducer: high alloc, foreground
 155.13| [1:0xffffb4700000:0]   154720 ms: Memory reducer: waiting for 8000 ms
 155.66| [155.2s] idle rss=61.7MB heapTotal=30.6MB heapUsed=3.5MB
 155.67| [155.2s] end rss=64.4MB heapTotal=30.6MB heapUsed=3.5MB
