   1.33| [0.0s] start node=v24.21.0 v8=13.6.233.17-node.53 mode=log rss=40.1MB heapTotal=5.6MB heapUsed=3.6MB
   1.33| [1:0xffffac510000]       60 ms: Scavenge 4.9 (6.0) -> 4.6 (7.0) MB, pooled: 0 MB, 0.95 / 0.00 ms  (average mu = 1.000, current mu = 1.000) allocation failure; 
   1.33| [1:0xffffac510000:0]       60 ms: Young generation mutator utilization = 0.993 (mutator_speed=6203, gc_speed=845863)
   1.33| [1:0xffffac510000]       65 ms: Scavenge 4.9 (7.0) -> 4.8 (9.5) MB, pooled: 0 MB, 3.89 / 0.00 ms  (average mu = 1.000, current mu = 1.000) allocation failure; 
   1.33| [1:0xffffac510000:0]       65 ms: Young generation mutator utilization = 0.976 (mutator_speed=8788, gc_speed=355257)
   1.33| [1:0xffffac510000]       67 ms: Scavenge 6.6 (9.5) -> 6.1 (9.7) MB, pooled: 0 MB, 0.97 / 0.00 ms  (average mu = 1.000, current mu = 1.000) allocation failure; 
   1.34| [1:0xffffac510000:0]       67 ms: Young generation mutator utilization = 0.964 (mutator_speed=21094, gc_speed=564511)
   1.34| [1:0xffffac510000]       70 ms: Scavenge 6.8 (9.7) -> 6.6 (15.2) MB, pooled: 0 MB, 2.41 / 0.00 ms  (average mu = 1.000, current mu = 1.000) allocation failure; 
   1.34| [1:0xffffac510000:0]       70 ms: Young generation mutator utilization = 0.959 (mutator_speed=26528, gc_speed=626302)
   1.35| [1:0xffffac510000]       83 ms: Scavenge 10.1 (15.2) -> 9.3 (15.5) MB, pooled: 0 MB, 7.28 / 0.00 ms  (average mu = 1.000, current mu = 1.000) allocation failure; 
   1.35| [1:0xffffac510000:0]       83 ms: Young generation mutator utilization = 0.917 (mutator_speed=49872, gc_speed=548581)
   1.36| [1:0xffffac510000]       87 ms: Scavenge 10.6 (15.5) -> 10.3 (26.5) MB, pooled: 0 MB, 3.09 / 0.00 ms  (average mu = 1.000, current mu = 1.000) allocation failure; 
   1.36| [1:0xffffac510000:0]       87 ms: Young generation mutator utilization = 0.918 (mutator_speed=58891, gc_speed=662916)
   1.36| [1:0xffffac510000]       96 ms: Scavenge 17.4 (26.6) -> 15.7 (27.1) MB, pooled: 0 MB, 5.49 / 0.00 ms  (average mu = 1.000, current mu = 1.000) allocation failure; 
   1.36| [1:0xffffac510000:0]       96 ms: Young generation mutator utilization = 0.881 (mutator_speed=107447, gc_speed=793104)
   1.37| [1:0xffffac510000]      103 ms: Scavenge 18.6 (27.3) -> 18.0 (48.8) MB, pooled: 0 MB, 5.10 / 0.00 ms  (average mu = 1.000, current mu = 1.000) allocation failure; 
   1.37| [1:0xffffac510000:0]      103 ms: Young generation mutator utilization = 0.881 (mutator_speed=125281, gc_speed=924785)
   1.39| [1:0xffffac510000]      125 ms: Scavenge 32.0 (48.9) -> 28.5 (50.9) MB, pooled: 0 MB, 9.28 / 0.00 ms  (average mu = 1.000, current mu = 1.000) allocation failure; 
   1.39| [1:0xffffac510000:0]      125 ms: Young generation mutator utilization = 0.831 (mutator_speed=211865, gc_speed=1044638)
   1.42| [1:0xffffac510000]      147 ms: Scavenge 36.2 (53.1) -> 34.3 (95.8) MB, pooled: 0 MB, 15.00 / 0.00 ms  (average mu = 1.000, current mu = 1.000) allocation failure; 
   1.42| [1:0xffffac510000:0]      147 ms: Young generation mutator utilization = 0.811 (mutator_speed=240972, gc_speed=1030770)
   1.59| [1:0xffffac510000]      317 ms: Mark-Compact (reduce) 69.1 (107.6) -> 60.9 (62.9) MB, pooled: 0 MB, 92.76 / 0.00 ms  (+ 8.3 ms in 422 steps since start of marking, biggest step 0.8 ms, walltime since start of marking 170 ms) (average mu = 0.673, current mu = 0.673) finalize incremental marking via stack guard; GC in old space requested
   1.60| [1:0xffffac510000]      336 ms: Scavenge 62.4 (62.9) -> 62.1 (65.9) MB, pooled: 0 MB, 16.96 / 0.00 ms  (average mu = 0.673, current mu = 0.673) allocation failure; 
   1.61| [1:0xffffac510000:0]      339 ms: Young generation mutator utilization = 0.741 (mutator_speed=276704, gc_speed=791827)
   1.61| [1:0xffffac510000]      343 ms: Scavenge 64.0 (66.4) -> 63.5 (67.1) MB, pooled: 0 MB, 2.40 / 0.00 ms  (average mu = 0.673, current mu = 0.673) allocation failure; 
   1.61| [1:0xffffac510000:0]      343 ms: Young generation mutator utilization = 0.748 (mutator_speed=276136, gc_speed=819932)
   1.62| [1:0xffffac510000]      347 ms: Scavenge 65.1 (67.6) -> 64.7 (72.6) MB, pooled: 0 MB, 2.38 / 0.00 ms  (average mu = 0.673, current mu = 0.673) allocation failure; 
   1.62| [1:0xffffac510000:0]      347 ms: Young generation mutator utilization = 0.741 (mutator_speed=281390, gc_speed=805606)
   1.63| [1:0xffffac510000]      360 ms: Scavenge 69.6 (74.0) -> 68.5 (75.0) MB, pooled: 0 MB, 6.10 / 0.00 ms  (average mu = 0.673, current mu = 0.673) allocation failure; 
   1.63| [1:0xffffac510000:0]      360 ms: Young generation mutator utilization = 0.728 (mutator_speed=291940, gc_speed=783321)
   1.74| [1:0xffffac510000]      467 ms: Mark-Compact (reduce) 80.6 (85.4) -> 78.2 (80.4) MB, pooled: 0 MB, 71.81 / 0.00 ms  (+ 6.3 ms in 146 steps since start of marking, biggest step 2.2 ms, walltime since start of marking 107 ms) (average mu = 0.613, current mu = 0.491) allocation failure; GC in old space requested
   1.76| [1:0xffffac510000]      486 ms: Scavenge (interleaved) 79.8 (80.6) -> 79.5 (83.6) MB, pooled: 0 MB, 18.46 / 0.00 ms  (average mu = 0.613, current mu = 0.491) allocation failure; 
   1.76| [1:0xffffac510000:0]      487 ms: Young generation mutator utilization = 0.694 (mutator_speed=286656, gc_speed=649871)
   1.77| [1:0xffffac510000]      507 ms: Scavenge 81.4 (83.8) -> 81.0 (84.8) MB, pooled: 0 MB, 13.28 / 0.00 ms  (average mu = 0.613, current mu = 0.491) allocation failure; 
   1.78| [1:0xffffac510000:0]      507 ms: Young generation mutator utilization = 0.664 (mutator_speed=282087, gc_speed=556543)
   1.80| [1:0xffffac510000]      525 ms: Scavenge 82.5 (85.1) -> 82.2 (90.3) MB, pooled: 0 MB, 17.01 / 0.00 ms  (average mu = 0.613, current mu = 0.491) allocation failure; 
   1.80| [1:0xffffac510000:0]      525 ms: Young generation mutator utilization = 0.610 (mutator_speed=287175, gc_speed=448581)
   1.81| [1:0xffffac510000]      539 ms: Scavenge 86.9 (91.5) -> 86.1 (92.5) MB, pooled: 0 MB, 5.71 / 0.00 ms  (average mu = 0.613, current mu = 0.491) allocation failure; 
   1.81| [1:0xffffac510000:0]      539 ms: Young generation mutator utilization = 0.579 (mutator_speed=294332, gc_speed=404176)
   1.97| [1:0xffffac510000]      696 ms: Mark-Compact (reduce) 98.1 (102.9) -> 95.6 (97.6) MB, pooled: 0 MB, 46.23 / 0.00 ms  (+ 35.0 ms in 146 steps since start of marking, biggest step 11.7 ms, walltime since start of marking 157 ms) (average mu = 0.631, current mu = 0.648) allocation failure; GC in old space requested
   1.98| [1:0xffffac510000]      708 ms: Scavenge (interleaved) 97.0 (97.6) -> 96.8 (100.6) MB, pooled: 0 MB, 1.12 / 0.00 ms  (average mu = 0.631, current mu = 0.648) allocation failure; 
   1.98| [1:0xffffac510000:0]      708 ms: Young generation mutator utilization = 0.645 (mutator_speed=171535, gc_speed=311721)
   1.99| [1:0xffffac510000]      719 ms: Scavenge (interleaved) 98.7 (101.3) -> 98.4 (102.3) MB, pooled: 0 MB, 9.66 / 0.00 ms  (average mu = 0.631, current mu = 0.648) allocation failure; 
   1.99| [1:0xffffac510000:0]      719 ms: Young generation mutator utilization = 0.515 (mutator_speed=178768, gc_speed=189596)
   2.00| [1:0xffffac510000]      735 ms: Scavenge 99.9 (102.6) -> 99.6 (107.8) MB, pooled: 0 MB, 14.07 / 0.00 ms  (average mu = 0.631, current mu = 0.648) allocation failure; 
   2.01| [1:0xffffac510000:0]      735 ms: Young generation mutator utilization = 0.529 (mutator_speed=184426, gc_speed=206844)
   2.02| [1:0xffffac510000]      748 ms: Scavenge 104.3 (108.8) -> 103.3 (109.8) MB, pooled: 0 MB, 5.81 / 0.00 ms  (average mu = 0.631, current mu = 0.648) allocation failure; 
   2.02| [1:0xffffac510000:0]      748 ms: Young generation mutator utilization = 0.521 (mutator_speed=198406, gc_speed=216077)
   2.04| [1:0xffffac510000]      764 ms: Scavenge 105.9 (110.5) -> 105.4 (121.2) MB, pooled: 0 MB, 11.56 / 0.00 ms  (average mu = 0.631, current mu = 0.648) allocation failure; 
   2.04| [1:0xffffac510000:0]      764 ms: Young generation mutator utilization = 0.515 (mutator_speed=205059, gc_speed=217422)
   2.14| [1:0xffffac510000]      870 ms: Mark-Compact (reduce) 111.8 (123.2) -> 110.4 (112.5) MB, pooled: 0 MB, 69.57 / 0.00 ms  (+ 12.4 ms in 77 steps since start of marking, biggest step 8.6 ms, walltime since start of marking 106 ms) (average mu = 0.587, current mu = 0.530) allocation failure; GC in old space requested
   2.15| [1:0xffffac510000]      880 ms: Scavenge (interleaved) 112.0 (112.6) -> 111.7 (115.6) MB, pooled: 0 MB, 9.16 / 0.00 ms  (average mu = 0.587, current mu = 0.530) allocation failure; 
   2.15| [1:0xffffac510000:0]      880 ms: Young generation mutator utilization = 0.495 (mutator_speed=192674, gc_speed=189051)
   2.15| [1:0xffffac510000]      883 ms: Scavenge 113.6 (116.1) -> 113.2 (116.9) MB, pooled: 0 MB, 1.50 / 0.00 ms  (average mu = 0.587, current mu = 0.530) allocation failure; 
   2.15| [1:0xffffac510000:0]      883 ms: Young generation mutator utilization = 0.538 (mutator_speed=200474, gc_speed=233920)
   2.16| [1:0xffffac510000]      889 ms: Scavenge 114.8 (117.4) -> 114.4 (122.6) MB, pooled: 0 MB, 4.17 / 0.00 ms  (average mu = 0.587, current mu = 0.530) allocation failure; 
   2.16| [1:0xffffac510000:0]      889 ms: Young generation mutator utilization = 0.561 (mutator_speed=205232, gc_speed=262111)
   2.17| [1:0xffffac510000]      898 ms: Scavenge 119.2 (123.8) -> 118.4 (124.5) MB, pooled: 0 MB, 4.66 / 0.00 ms  (average mu = 0.587, current mu = 0.530) allocation failure; 
   2.17| [1:0xffffac510000:0]      898 ms: Young generation mutator utilization = 0.601 (mutator_speed=222759, gc_speed=335433)
   2.17| [1:0xffffac510000]      903 ms: Scavenge 120.7 (125.3) -> 120.1 (136.0) MB, pooled: 0 MB, 4.14 / 0.00 ms  (average mu = 0.587, current mu = 0.530) allocation failure; 
   2.17| [1:0xffffac510000:0]      903 ms: Young generation mutator utilization = 0.598 (mutator_speed=232400, gc_speed=345300)
   2.27| [1:0xffffac510000]     1001 ms: Mark-Compact (reduce) 131.6 (140.7) -> 129.3 (131.2) MB, pooled: 0 MB, 60.38 / 0.01 ms  (+ 5.8 ms in 139 steps since start of marking, biggest step 1.8 ms, walltime since start of marking 98 ms) (average mu = 0.552, current mu = 0.497) allocation failure; GC in old space requested
   2.27| [1:0xffffac510000]     1005 ms: Scavenge (interleaved) 130.9 (131.6) -> 130.6 (134.6) MB, pooled: 0 MB, 2.13 / 0.00 ms  (average mu = 0.552, current mu = 0.497) allocation failure; 
   2.28| [1:0xffffac510000:0]     1007 ms: Young generation mutator utilization = 0.594 (mutator_speed=233599, gc_speed=341874)
   2.28| [1:0xffffac510000]     1011 ms: Scavenge (interleaved) 132.4 (135.1) -> 132.0 (135.8) MB, pooled: 0 MB, 3.26 / 0.00 ms  (average mu = 0.552, current mu = 0.497) allocation failure; 
   2.28| [1:0xffffac510000:0]     1013 ms: Young generation mutator utilization = 0.612 (mutator_speed=237246, gc_speed=374190)
   2.28| [1:0xffffac510000]     1016 ms: Scavenge (interleaved) 133.6 (136.3) -> 133.3 (141.1) MB, pooled: 0 MB, 1.84 / 0.00 ms  (average mu = 0.552, current mu = 0.497) allocation failure; 
   2.28| [1:0xffffac510000:0]     1016 ms: Young generation mutator utilization = 0.660 (mutator_speed=241484, gc_speed=469149)
   2.29| [1:0xffffac510000]     1019 ms: Scavenge 138.1 (142.7) -> 137.3 (143.7) MB, pooled: 0 MB, 1.88 / 0.00 ms  (average mu = 0.552, current mu = 0.497) allocation failure; 
   2.29| [1:0xffffac510000:0]     1019 ms: Young generation mutator utilization = 0.664 (mutator_speed=261875, gc_speed=516962)
   2.29| [1:0xffffac510000]     1023 ms: Scavenge 139.5 (144.2) -> 139.0 (154.7) MB, pooled: 0 MB, 2.23 / 0.00 ms  (average mu = 0.552, current mu = 0.497) allocation failure; 
   2.29| [1:0xffffac510000:0]     1023 ms: Young generation mutator utilization = 0.705 (mutator_speed=270559, gc_speed=647169)
   2.39| [1:0xffffac510000]     1125 ms: Mark-Compact (reduce) 156.8 (165.8) -> 152.3 (155.3) MB, pooled: 0 MB, 65.78 / 0.00 ms  (+ 7.2 ms in 215 steps since start of marking, biggest step 2.3 ms, walltime since start of marking 102 ms) (average mu = 0.501, current mu = 0.433) allocation failure; GC in old space requested
   2.39| [1:0xffffac510000]     1126 ms: Scavenge (interleaved) 153.8 (155.3) -> 153.5 (158.3) MB, pooled: 0 MB, 0.75 / 0.00 ms  (average mu = 0.501, current mu = 0.433) allocation failure; 
   2.39| [1:0xffffac510000:0]     1126 ms: Young generation mutator utilization = 0.743 (mutator_speed=293419, gc_speed=848866)
   2.40| [1:0xffffac510000]     1131 ms: Scavenge (interleaved) 155.1 (158.6) -> 154.9 (159.3) MB, pooled: 0 MB, 3.93 / 0.00 ms  (average mu = 0.501, current mu = 0.433) task; 
   2.40| [1:0xffffac510000:0]     1131 ms: Young generation mutator utilization = 0.722 (mutator_speed=299873, gc_speed=778644)
   2.40| [1:0xffffac510000]     1135 ms: Scavenge (interleaved) 156.7 (160.0) -> 156.3 (164.7) MB, pooled: 0 MB, 2.47 / 0.00 ms  (average mu = 0.501, current mu = 0.433) allocation failure; 
   2.40| [1:0xffffac510000:0]     1135 ms: Young generation mutator utilization = 0.731 (mutator_speed=306035, gc_speed=831141)
   2.41| [1:0xffffac510000]     1143 ms: Scavenge (interleaved) 160.9 (166.2) -> 160.0 (167.0) MB, pooled: 0 MB, 6.60 / 0.00 ms  (average mu = 0.501, current mu = 0.433) allocation failure; 
   2.41| [1:0xffffac510000:0]     1143 ms: Young generation mutator utilization = 0.702 (mutator_speed=325303, gc_speed=767888)
   2.42| [1:0xffffac510000]     1147 ms: Scavenge 162.6 (167.9) -> 162.1 (178.4) MB, pooled: 0 MB, 2.70 / 0.00 ms  (average mu = 0.501, current mu = 0.433) allocation failure; 
   2.42| [1:0xffffac510000:0]     1147 ms: Young generation mutator utilization = 0.709 (mutator_speed=335109, gc_speed=818261)
   2.56| [1:0xffffac510000]     1295 ms: Mark-Compact (reduce) 187.3 (197.1) -> 182.1 (185.1) MB, pooled: 0 MB, 78.24 / 0.00 ms  (+ 13.5 ms in 307 steps since start of marking, biggest step 4.9 ms, walltime since start of marking 147 ms) (average mu = 0.482, current mu = 0.466) allocation failure; GC in old space requested
   2.57| [1:0xffffac510000]     1298 ms: Scavenge (interleaved) 183.6 (185.1) -> 183.2 (188.1) MB, pooled: 0 MB, 1.74 / 0.00 ms  (average mu = 0.482, current mu = 0.466) allocation failure; 
   2.57| [1:0xffffac510000:0]     1298 ms: Young generation mutator utilization = 0.727 (mutator_speed=308573, gc_speed=822542)
   2.57| [1:0xffffac510000]     1305 ms: Scavenge (interleaved) 185.1 (188.6) -> 184.8 (189.1) MB, pooled: 0 MB, 5.11 / 0.00 ms  (average mu = 0.482, current mu = 0.466) allocation failure; 
   2.58| [1:0xffffac510000:0]     1307 ms: Young generation mutator utilization = 0.710 (mutator_speed=315525, gc_speed=772817)
   2.58| [1:0xffffac510000]     1312 ms: Scavenge (interleaved) 186.3 (189.6) -> 186.0 (194.6) MB, pooled: 0 MB, 3.99 / 0.00 ms  (average mu = 0.482, current mu = 0.466) allocation failure; 
   2.58| [1:0xffffac510000:0]     1313 ms: Young generation mutator utilization = 0.696 (mutator_speed=315541, gc_speed=723613)
   2.59| [1:0xffffac510000]     1325 ms: Scavenge (interleaved) 190.8 (196.2) -> 189.8 (197.2) MB, pooled: 0 MB, 6.16 / 0.00 ms  (average mu = 0.482, current mu = 0.466) allocation failure; 
   2.59| [1:0xffffac510000:0]     1326 ms: Young generation mutator utilization = 0.662 (mutator_speed=322763, gc_speed=631585)
   2.60| [1:0xffffac510000]     1331 ms: Scavenge 192.4 (197.7) -> 191.9 (208.0) MB, pooled: 0 MB, 4.12 / 0.00 ms  (average mu = 0.482, current mu = 0.466) allocation failure; 
   2.60| [1:0xffffac510000:0]     1331 ms: Young generation mutator utilization = 0.645 (mutator_speed=331711, gc_speed=601640)
   2.78| [1:0xffffac510000]     1512 ms: Mark-Compact (reduce) 227.5 (237.0) -> 220.4 (223.5) MB, pooled: 0 MB, 81.62 / 0.00 ms  (+ 13.0 ms in 318 steps since start of marking, biggest step 3.6 ms, walltime since start of marking 176 ms) (average mu = 0.536, current mu = 0.575) allocation failure; GC in old space requested
   2.78| [1:0xffffac510000]     1514 ms: Scavenge (interleaved) 221.8 (223.5) -> 221.5 (226.5) MB, pooled: 0 MB, 1.08 / 0.00 ms  (average mu = 0.536, current mu = 0.575) allocation failure; 
   2.78| [1:0xffffac510000:0]     1514 ms: Young generation mutator utilization = 0.666 (mutator_speed=298490, gc_speed=594234)
   2.81| [1:0xffffac510000]     1545 ms: Scavenge (interleaved) 223.4 (226.8) -> 223.1 (227.8) MB, pooled: 0 MB, 14.79 / 0.00 ms  (average mu = 0.536, current mu = 0.575) allocation failure; 
   2.82| [1:0xffffac510000:0]     1546 ms: Young generation mutator utilization = 0.627 (mutator_speed=274895, gc_speed=462588)
   2.82| [1:0xffffac510000]     1548 ms: Scavenge (interleaved) 224.5 (227.8) -> 224.2 (232.8) MB, pooled: 0 MB, 1.88 / 0.00 ms  (average mu = 0.536, current mu = 0.575) allocation failure; 
   2.82| [1:0xffffac510000:0]     1549 ms: Young generation mutator utilization = 0.625 (mutator_speed=280003, gc_speed=467293)
   2.83| [1:0xffffac510000]     1557 ms: Scavenge 229.1 (234.4) -> 228.1 (235.2) MB, pooled: 0 MB, 5.20 / 0.00 ms  (average mu = 0.536, current mu = 0.575) allocation failure; 
   2.83| [1:0xffffac510000:0]     1559 ms: Young generation mutator utilization = 0.619 (mutator_speed=297317, gc_speed=483323)
   2.84| [1:0xffffac510000]     1569 ms: Scavenge 230.6 (235.9) -> 230.2 (246.4) MB, pooled: 0 MB, 8.69 / 0.00 ms  (average mu = 0.536, current mu = 0.575) allocation failure; 
   2.84| [1:0xffffac510000:0]     1569 ms: Young generation mutator utilization = 0.584 (mutator_speed=302566, gc_speed=425064)
   2.85| [1:0xffffac510000]     1581 ms: Scavenge 240.2 (249.5) -> 238.3 (250.7) MB, pooled: 0 MB, 7.41 / 0.00 ms  (average mu = 0.536, current mu = 0.575) allocation failure; 
   2.85| [1:0xffffac510000:0]     1581 ms: Young generation mutator utilization = 0.587 (mutator_speed=341081, gc_speed=485569)
   2.86| [1:0xffffac510000]     1593 ms: Scavenge 242.9 (252.2) -> 241.9 (273.7) MB, pooled: 0 MB, 9.31 / 0.00 ms  (average mu = 0.536, current mu = 0.575) allocation failure; 
   2.86| [1:0xffffac510000:0]     1594 ms: Young generation mutator utilization = 0.602 (mutator_speed=356985, gc_speed=541074)
   3.08| [1:0xffffac510000]     1813 ms: Mark-Compact (reduce) 254.2 (277.8) -> 251.8 (254.6) MB, pooled: 0 MB, 169.58 / 0.00 ms  (+ 22.6 ms in 149 steps since start of marking, biggest step 8.8 ms, walltime since start of marking 219 ms) (average mu = 0.428, current mu = 0.361) allocation failure; GC in old space requested
   3.08| [1:0xffffac510000]     1816 ms: Scavenge (interleaved) 253.2 (254.6) -> 252.9 (257.6) MB, pooled: 0 MB, 1.50 / 0.00 ms  (average mu = 0.428, current mu = 0.361) allocation failure; 
   3.09| [1:0xffffac510000:0]     1819 ms: Young generation mutator utilization = 0.639 (mutator_speed=308109, gc_speed=544747)
   3.10| [1:0xffffac510000]     1834 ms: Scavenge (interleaved) 254.8 (258.1) -> 254.4 (258.8) MB, pooled: 0 MB, 12.19 / 0.00 ms  (average mu = 0.428, current mu = 0.361) allocation failure; 
   3.10| [1:0xffffac510000:0]     1834 ms: Young generation mutator utilization = 0.607 (mutator_speed=304701, gc_speed=470485)
   3.11| [1:0xffffac510000]     1843 ms: Scavenge (interleaved) 255.9 (259.3) -> 255.7 (264.3) MB, pooled: 0 MB, 1.82 / 0.00 ms  (average mu = 0.428, current mu = 0.361) allocation failure; 
   3.11| [1:0xffffac510000:0]     1843 ms: Young generation mutator utilization = 0.607 (mutator_speed=297419, gc_speed=458945)
   3.12| [1:0xffffac510000]     1847 ms: Scavenge 260.4 (265.7) -> 259.5 (267.0) MB, pooled: 0 MB, 1.96 / 0.00 ms  (average mu = 0.428, current mu = 0.361) allocation failure; 
   3.12| [1:0xffffac510000:0]     1847 ms: Young generation mutator utilization = 0.610 (mutator_speed=315279, gc_speed=493481)
   3.12| [1:0xffffac510000]     1852 ms: Scavenge 262.0 (267.5) -> 261.4 (278.0) MB, pooled: 0 MB, 3.20 / 0.00 ms  (average mu = 0.428, current mu = 0.361) allocation failure; 
   3.12| [1:0xffffac510000:0]     1852 ms: Young generation mutator utilization = 0.662 (mutator_speed=324439, gc_speed=635643)
   3.13| [1:0xffffac510000]     1862 ms: Scavenge 271.5 (280.9) -> 269.6 (282.9) MB, pooled: 0 MB, 4.54 / 0.00 ms  (average mu = 0.428, current mu = 0.361) allocation failure; 
   3.13| [1:0xffffac510000:0]     1862 ms: Young generation mutator utilization = 0.656 (mutator_speed=360495, gc_speed=688794)
   3.14| [1:0xffffac510000]     1870 ms: Scavenge 274.2 (283.5) -> 273.1 (305.0) MB, pooled: 0 MB, 5.52 / 0.00 ms  (average mu = 0.428, current mu = 0.361) allocation failure; 
   3.14| [1:0xffffac510000:0]     1870 ms: Young generation mutator utilization = 0.668 (mutator_speed=376375, gc_speed=757907)
   3.35| [1:0xffffac510000]     2080 ms: Mark-Compact (reduce) 296.0 (314.0) -> 291.4 (294.5) MB, pooled: 0 MB, 128.86 / 0.00 ms  (+ 8.8 ms in 276 steps since start of marking, biggest step 5.1 ms, walltime since start of marking 210 ms) (average mu = 0.459, current mu = 0.488) allocation failure; GC in old space requested
   3.36| [1:0xffffac510000]     2090 ms: Scavenge (interleaved) 292.8 (294.5) -> 292.5 (297.5) MB, pooled: 0 MB, 2.48 / 0.00 ms  (average mu = 0.459, current mu = 0.488) allocation failure; 
   3.36| [1:0xffffac510000:0]     2090 ms: Young generation mutator utilization = 0.730 (mutator_speed=292749, gc_speed=793090)
   3.37| [1:0xffffac510000]     2100 ms: Scavenge (interleaved) 294.4 (297.7) -> 294.1 (298.5) MB, pooled: 0 MB, 8.63 / 0.00 ms  (average mu = 0.459, current mu = 0.488) allocation failure; 
   3.37| [1:0xffffac510000:0]     2100 ms: Young generation mutator utilization = 0.695 (mutator_speed=297969, gc_speed=678419)
   3.38| [1:0xffffac510000]     2111 ms: Scavenge (interleaved) 295.5 (299.0) -> 295.3 (304.0) MB, pooled: 0 MB, 6.36 / 0.00 ms  (average mu = 0.459, current mu = 0.488) allocation failure; 
   3.38| [1:0xffffac510000:0]     2111 ms: Young generation mutator utilization = 0.672 (mutator_speed=297195, gc_speed=607828)
   3.41| [1:0xffffac510000]     2143 ms: Scavenge (interleaved) 300.1 (305.4) -> 299.1 (306.4) MB, pooled: 0 MB, 18.29 / 0.00 ms  (average mu = 0.459, current mu = 0.488) allocation failure; 
   3.41| [1:0xffffac510000:0]     2143 ms: Young generation mutator utilization = 0.626 (mutator_speed=292730, gc_speed=490172)
   3.42| [1:0xffffac510000]     2147 ms: Scavenge 301.7 (307.1) -> 301.2 (317.4) MB, pooled: 0 MB, 3.11 / 0.00 ms  (average mu = 0.459, current mu = 0.488) allocation failure; 
   3.42| [1:0xffffac510000:0]     2147 ms: Young generation mutator utilization = 0.666 (mutator_speed=303177, gc_speed=605778)
   3.43| [1:0xffffac510000]     2158 ms: Scavenge 311.2 (320.7) -> 309.3 (322.2) MB, pooled: 0 MB, 6.26 / 0.00 ms  (average mu = 0.459, current mu = 0.488) allocation failure; 
   3.43| [1:0xffffac510000:0]     2158 ms: Young generation mutator utilization = 0.653 (mutator_speed=340914, gc_speed=641066)
   3.44| [1:0xffffac510000]     2168 ms: Scavenge 314.0 (323.5) -> 313.0 (344.7) MB, pooled: 0 MB, 7.92 / 0.00 ms  (average mu = 0.459, current mu = 0.488) allocation failure; 
   3.44| [1:0xffffac510000:0]     2169 ms: Young generation mutator utilization = 0.642 (mutator_speed=358742, gc_speed=642515)
   3.72| [1:0xffffac510000]     2451 ms: Mark-Compact (reduce) 349.0 (367.2) -> 341.8 (344.5) MB, pooled: 0 MB, 170.87 / 0.00 ms  (+ 17.6 ms in 439 steps since start of marking, biggest step 4.1 ms, walltime since start of marking 282 ms) (average mu = 0.480, current mu = 0.494) allocation failure; GC in old space requested
   3.73| [1:0xffffac510000]     2462 ms: Scavenge (interleaved) 343.2 (344.7) -> 342.9 (347.7) MB, pooled: 0 MB, 1.91 / 0.00 ms  (average mu = 0.480, current mu = 0.494) allocation failure; 
   3.73| [1:0xffffac510000:0]     2462 ms: Young generation mutator utilization = 0.688 (mutator_speed=277812, gc_speed=611488)
   3.76| [1:0xffffac510000]     2486 ms: Scavenge (interleaved) 344.8 (348.2) -> 344.4 (349.0) MB, pooled: 0 MB, 17.91 / 0.00 ms  (average mu = 0.480, current mu = 0.494) allocation failure; 
   3.76| [1:0xffffac510000:0]     2486 ms: Young generation mutator utilization = 0.618 (mutator_speed=276220, gc_speed=446608)
   3.78| [1:0xffffac510000]     2515 ms: Scavenge (interleaved) 345.9 (349.2) -> 345.6 (354.2) MB, pooled: 0 MB, 25.12 / 0.00 ms  (average mu = 0.480, current mu = 0.494) allocation failure; 
   3.78| [1:0xffffac510000:0]     2515 ms: Young generation mutator utilization = 0.521 (mutator_speed=276300, gc_speed=300388)
   3.79| [1:0xffffac510000]     2519 ms: Scavenge 350.4 (355.9) -> 349.5 (357.1) MB, pooled: 0 MB, 1.92 / 0.00 ms  (average mu = 0.480, current mu = 0.494) allocation failure; 
   3.79| [1:0xffffac510000:0]     2519 ms: Young generation mutator utilization = 0.528 (mutator_speed=294465, gc_speed=328773)
   3.79| [1:0xffffac510000]     2524 ms: Scavenge 352.0 (357.4) -> 351.6 (368.6) MB, pooled: 0 MB, 3.11 / 0.00 ms  (average mu = 0.480, current mu = 0.494) allocation failure; 
   3.79| [1:0xffffac510000:0]     2524 ms: Young generation mutator utilization = 0.549 (mutator_speed=303562, gc_speed=368891)
   3.80| [1:0xffffac510000]     2533 ms: Scavenge 361.4 (370.8) -> 359.5 (372.6) MB, pooled: 0 MB, 4.03 / 0.00 ms  (average mu = 0.480, current mu = 0.494) allocation failure; 
   3.80| [1:0xffffac510000:0]     2533 ms: Young generation mutator utilization = 0.558 (mutator_speed=340441, gc_speed=429753)
   3.81| [1:0xffffac510000]     2543 ms: Scavenge 364.3 (373.7) -> 363.3 (395.5) MB, pooled: 0 MB, 7.19 / 0.00 ms  (average mu = 0.480, current mu = 0.494) allocation failure; 
   3.81| [1:0xffffac510000:0]     2543 ms: Young generation mutator utilization = 0.603 (mutator_speed=356713, gc_speed=542804)
   4.13| [1:0xffffac510000]     2858 ms: Mark-Compact (reduce) 415.4 (434.1) -> 356.0 (359.1) MB, pooled: 0 MB, 158.48 / 0.00 ms  (+ 19.1 ms in 633 steps since start of marking, biggest step 2.8 ms, walltime since start of marking 315 ms) (average mu = 0.530, current mu = 0.569) allocation failure; GC in old space requested
   4.14| [1:0xffffac510000]     2866 ms: Scavenge (interleaved) 357.4 (359.1) -> 357.1 (362.1) MB, pooled: 0 MB, 7.63 / 0.00 ms  (average mu = 0.530, current mu = 0.569) allocation failure; 
   4.14| [1:0xffffac510000:0]     2866 ms: Young generation mutator utilization = 0.628 (mutator_speed=282716, gc_speed=477341)
   4.15| [1:0xffffac510000]     2877 ms: Scavenge (interleaved) 359.0 (362.3) -> 358.6 (363.1) MB, pooled: 0 MB, 8.79 / 0.00 ms  (average mu = 0.530, current mu = 0.569) allocation failure; 
   4.15| [1:0xffffac510000:0]     2877 ms: Young generation mutator utilization = 0.584 (mutator_speed=288817, gc_speed=405085)
   4.16| [1:0xffffac510000]     2889 ms: Scavenge (interleaved) 360.1 (363.6) -> 359.9 (368.6) MB, pooled: 0 MB, 5.61 / 0.00 ms  (average mu = 0.530, current mu = 0.569) allocation failure; 
   4.16| [1:0xffffac510000:0]     2889 ms: Young generation mutator utilization = 0.554 (mutator_speed=282739, gc_speed=350912)
   4.16| [1:0xffffac510000]     2894 ms: Scavenge 364.6 (370.0) -> 363.7 (371.0) MB, pooled: 0 MB, 2.32 / 0.00 ms  (average mu = 0.530, current mu = 0.569) allocation failure; 
   4.16| [1:0xffffac510000:0]     2894 ms: Young generation mutator utilization = 0.560 (mutator_speed=300006, gc_speed=381125)
   4.17| [1:0xffffac510000]     2898 ms: Scavenge 366.2 (371.7) -> 365.7 (382.2) MB, pooled: 0 MB, 2.45 / 0.00 ms  (average mu = 0.530, current mu = 0.569) allocation failure; 
   4.17| [1:0xffffac510000:0]     2898 ms: Young generation mutator utilization = 0.615 (mutator_speed=310264, gc_speed=495240)
   4.17| [1:0xffffac510000]     2906 ms: Scavenge 375.7 (385.1) -> 373.8 (387.4) MB, pooled: 0 MB, 4.23 / 0.00 ms  (average mu = 0.530, current mu = 0.569) allocation failure; 
   4.17| [1:0xffffac510000:0]     2906 ms: Young generation mutator utilization = 0.698 (mutator_speed=350927, gc_speed=812321)
   4.18| [1:0xffffac510000]     2913 ms: Scavenge 378.5 (388.0) -> 377.5 (409.5) MB, pooled: 0 MB, 5.01 / 0.00 ms  (average mu = 0.530, current mu = 0.569) allocation failure; 
   4.18| [1:0xffffac510000:0]     2913 ms: Young generation mutator utilization = 0.695 (mutator_speed=369856, gc_speed=844642)
   4.49| [1:0xffffac510000]     3219 ms: Mark-Compact (reduce) 433.9 (451.4) -> 352.0 (354.9) MB, pooled: 0 MB, 179.50 / 0.00 ms  (+ 14.4 ms in 631 steps since start of marking, biggest step 1.8 ms, walltime since start of marking 304 ms) (average mu = 0.498, current mu = 0.466) allocation failure; GC in old space requested
   4.49| [1:0xffffac510000]     3221 ms: Scavenge (interleaved) 353.5 (354.9) -> 353.2 (357.9) MB, pooled: 0 MB, 1.42 / 0.00 ms  (average mu = 0.498, current mu = 0.466) allocation failure; 
   4.49| [1:0xffffac510000:0]     3221 ms: Young generation mutator utilization = 0.704 (mutator_speed=343298, gc_speed=815563)
   4.50| [1:0xffffac510000]     3235 ms: Scavenge (interleaved) 355.0 (358.4) -> 354.7 (359.1) MB, pooled: 0 MB, 8.20 / 0.00 ms  (average mu = 0.498, current mu = 0.466) task; 
   4.50| [1:0xffffac510000:0]     3235 ms: Young generation mutator utilization = 0.662 (mutator_speed=339119, gc_speed=662865)
   4.54| [1:0xffffac510000]     3270 ms: Scavenge (interleaved) 356.4 (359.8) -> 356.0 (364.8) MB, pooled: 0 MB, 30.82 / 0.00 ms  (average mu = 0.498, current mu = 0.466) allocation failure; 
   4.54| [1:0xffffac510000:0]     3274 ms: Young generation mutator utilization = 0.534 (mutator_speed=336895, gc_speed=386472)
   4.56| [1:0xffffac510000]     3286 ms: Scavenge 360.7 (366.3) -> 359.8 (367.3) MB, pooled: 0 MB, 7.68 / 0.00 ms  (average mu = 0.498, current mu = 0.466) allocation failure; 
   4.56| [1:0xffffac510000:0]     3286 ms: Young generation mutator utilization = 0.552 (mutator_speed=340373, gc_speed=418639)
   4.56| [1:0xffffac510000]     3290 ms: Scavenge 361.6 (367.6) -> 361.2 (378.3) MB, pooled: 0 MB, 2.43 / 0.00 ms  (average mu = 0.498, current mu = 0.466) task; 
   4.56| [1:0xffffac510000:0]     3290 ms: Young generation mutator utilization = 0.582 (mutator_speed=345679, gc_speed=480958)
   4.58| [1:0xffffac510000]     3312 ms: Scavenge 371.8 (381.4) -> 369.7 (382.6) MB, pooled: 0 MB, 5.27 / 0.00 ms  (average mu = 0.498, current mu = 0.466) allocation failure; 
   4.58| [1:0xffffac510000:0]     3312 ms: Young generation mutator utilization = 0.607 (mutator_speed=355766, gc_speed=548770)
   4.59| [1:0xffffac510000]     3323 ms: Scavenge 374.1 (383.6) -> 373.2 (404.6) MB, pooled: 0 MB, 8.52 / 0.00 ms  (average mu = 0.498, current mu = 0.466) allocation failure; 
   4.59| [1:0xffffac510000:0]     3324 ms: Young generation mutator utilization = 0.600 (mutator_speed=370838, gc_speed=556564)
   5.00| [1:0xffffac510000]     3726 ms: Mark-Compact (reduce) 429.4 (447.0) -> 353.7 (356.6) MB, pooled: 0 MB, 161.79 / 0.00 ms  (+ 31.7 ms in 632 steps since start of marking, biggest step 3.2 ms, walltime since start of marking 401 ms) (average mu = 0.578, current mu = 0.634) allocation failure; GC in old space requested
   5.01| [1:0xffffac510000]     3735 ms: Scavenge (interleaved) 355.3 (356.8) -> 355.0 (359.8) MB, pooled: 0 MB, 1.44 / 0.00 ms  (average mu = 0.578, current mu = 0.634) allocation failure; 
   5.01| [1:0xffffac510000:0]     3736 ms: Young generation mutator utilization = 0.725 (mutator_speed=199765, gc_speed=527893)
   5.01| [1:0xffffac510000]     3741 ms: Scavenge 356.9 (360.3) -> 356.4 (361.1) MB, pooled: 0 MB, 2.07 / 0.00 ms  (average mu = 0.578, current mu = 0.634) allocation failure; 
   5.01| [1:0xffffac510000:0]     3741 ms: Young generation mutator utilization = 0.700 (mutator_speed=204752, gc_speed=477413)
   5.01| [1:0xffffac510000]     3743 ms: Scavenge 358.0 (361.6) -> 357.7 (366.3) MB, pooled: 0 MB, 1.72 / 0.00 ms  (average mu = 0.578, current mu = 0.634) allocation failure; 
   5.01| [1:0xffffac510000:0]     3743 ms: Young generation mutator utilization = 0.663 (mutator_speed=212170, gc_speed=417969)
   5.02| [1:0xffffac510000]     3748 ms: Scavenge 362.5 (368.0) -> 361.6 (368.7) MB, pooled: 0 MB, 3.46 / 0.00 ms  (average mu = 0.578, current mu = 0.634) allocation failure; 
   5.02| [1:0xffffac510000:0]     3748 ms: Young generation mutator utilization = 0.655 (mutator_speed=233460, gc_speed=443471)
   5.02| [1:0xffffac510000]     3752 ms: Scavenge 364.0 (369.5) -> 363.5 (380.2) MB, pooled: 0 MB, 2.82 / 0.00 ms  (average mu = 0.578, current mu = 0.634) allocation failure; 
   5.02| [1:0xffffac510000:0]     3752 ms: Young generation mutator utilization = 0.676 (mutator_speed=243213, gc_speed=507226)
   5.03| [1:0xffffac510000]     3764 ms: Scavenge 373.7 (383.1) -> 371.7 (384.4) MB, pooled: 0 MB, 6.01 / 0.00 ms  (average mu = 0.578, current mu = 0.634) allocation failure; 
   5.03| [1:0xffffac510000:0]     3764 ms: Young generation mutator utilization = 0.765 (mutator_speed=282884, gc_speed=919482)
   5.05| [1:0xffffac510000]     3777 ms: Scavenge 376.3 (385.8) -> 375.3 (407.0) MB, pooled: 0 MB, 6.43 / 0.00 ms  (average mu = 0.578, current mu = 0.634) allocation failure; 
   5.05| [1:0xffffac510000:0]     3777 ms: Young generation mutator utilization = 0.784 (mutator_speed=290925, gc_speed=1055831)
   5.44| [1:0xffffac510000]     4168 ms: Mark-Compact (reduce) 430.8 (448.4) -> 355.6 (358.6) MB, pooled: 0 MB, 108.81 / 0.00 ms  (+ 69.3 ms in 636 steps since start of marking, biggest step 14.5 ms, walltime since start of marking 388 ms) (average mu = 0.594, current mu = 0.611) allocation failure; GC in old space requested
   5.45| [1:0xffffac510000]     4178 ms: Scavenge (interleaved) 357.0 (358.6) -> 356.7 (361.6) MB, pooled: 0 MB, 3.61 / 0.00 ms  (average mu = 0.594, current mu = 0.611) allocation failure; 
   5.45| [1:0xffffac510000:0]     4178 ms: Young generation mutator utilization = 0.857 (mutator_speed=159967, gc_speed=960967)
   5.47| [1:0xffffac510000]     4199 ms: Scavenge (interleaved) 358.6 (362.1) -> 358.2 (362.8) MB, pooled: 0 MB, 9.67 / 0.00 ms  (average mu = 0.594, current mu = 0.611) allocation failure; 
   5.47| [1:0xffffac510000:0]     4199 ms: Young generation mutator utilization = 0.829 (mutator_speed=157998, gc_speed=766643)
   5.47| [1:0xffffac510000]     4202 ms: Scavenge 359.7 (363.1) -> 359.4 (368.1) MB, pooled: 0 MB, 2.86 / 0.00 ms  (average mu = 0.594, current mu = 0.611) allocation failure; 
   5.47| [1:0xffffac510000:0]     4202 ms: Young generation mutator utilization = 0.818 (mutator_speed=164243, gc_speed=736639)
   5.48| [1:0xffffac510000]     4210 ms: Scavenge 364.2 (369.7) -> 363.2 (370.5) MB, pooled: 0 MB, 5.87 / 0.00 ms  (average mu = 0.594, current mu = 0.611) allocation failure; 
   5.48| [1:0xffffac510000:0]     4210 ms: Young generation mutator utilization = 0.794 (mutator_speed=185510, gc_speed=717157)
   5.49| [1:0xffffac510000]     4219 ms: Scavenge 365.8 (371.2) -> 365.3 (381.7) MB, pooled: 0 MB, 6.47 / 0.00 ms  (average mu = 0.594, current mu = 0.611) allocation failure; 
   5.49| [1:0xffffac510000:0]     4219 ms: Young generation mutator utilization = 0.781 (mutator_speed=194620, gc_speed=693999)
   5.50| [1:0xffffac510000]     4232 ms: Scavenge 375.4 (384.8) -> 373.5 (386.3) MB, pooled: 0 MB, 4.01 / 0.00 ms  (average mu = 0.594, current mu = 0.611) allocation failure; 
   5.50| [1:0xffffac510000:0]     4232 ms: Young generation mutator utilization = 0.767 (mutator_speed=231105, gc_speed=758834)
   5.51| [1:0xffffac510000]     4241 ms: Scavenge 378.2 (387.5) -> 377.1 (408.5) MB, pooled: 0 MB, 7.54 / 0.00 ms  (average mu = 0.594, current mu = 0.611) allocation failure; 
   5.51| [1:0xffffac510000:0]     4241 ms: Young generation mutator utilization = 0.755 (mutator_speed=250961, gc_speed=771485)
   5.77| [1:0xffffac510000]     4495 ms: Mark-Compact (reduce) 382.9 (410.4) -> 311.7 (319.2) MB, pooled: 0 MB, 243.75 / 0.00 ms  (+ 1.3 ms in 19 steps since start of marking, biggest step 0.4 ms, walltime since start of marking 251 ms) (average mu = 0.448, current mu = 0.251) finalize incremental marking via stack guard; GC in old space requested
   5.78| [1:0xffffac510000]     4514 ms: Scavenge (interleaved) 313.1 (319.2) -> 312.8 (322.2) MB, pooled: 0 MB, 8.01 / 0.00 ms  (average mu = 0.448, current mu = 0.251) allocation failure; 
   5.78| [1:0xffffac510000:0]     4515 ms: Young generation mutator utilization = 0.725 (mutator_speed=248961, gc_speed=657896)
   5.82| [1:0xffffac510000]     4545 ms: Scavenge (interleaved) 314.7 (322.2) -> 314.4 (322.2) MB, pooled: 0 MB, 26.49 / 0.00 ms  (average mu = 0.448, current mu = 0.251) allocation failure; 
   5.82| [1:0xffffac510000:0]     4545 ms: Young generation mutator utilization = 0.634 (mutator_speed=250542, gc_speed=434534)
   5.82| [1:0xffffac510000]     4551 ms: Scavenge 315.8 (322.2) -> 315.6 (326.2) MB, pooled: 0 MB, 4.12 / 0.00 ms  (average mu = 0.448, current mu = 0.251) allocation failure; 
   5.82| [1:0xffffac510000:0]     4551 ms: Young generation mutator utilization = 0.595 (mutator_speed=255150, gc_speed=374842)
   5.83| [1:0xffffac510000]     4563 ms: Scavenge 320.4 (326.4) -> 319.3 (326.6) MB, pooled: 0 MB, 6.30 / 0.00 ms  (average mu = 0.448, current mu = 0.251) allocation failure; 
   5.84| [1:0xffffac510000:0]     4563 ms: Young generation mutator utilization = 0.595 (mutator_speed=267954, gc_speed=393420)
   5.85| [1:0xffffac510000]     4577 ms: Scavenge 321.9 (327.4) -> 321.4 (337.9) MB, pooled: 0 MB, 10.08 / 0.00 ms  (average mu = 0.448, current mu = 0.251) allocation failure; 
   5.85| [1:0xffffac510000:0]     4577 ms: Young generation mutator utilization = 0.602 (mutator_speed=274589, gc_speed=414968)
   5.86| [1:0xffffac510000]     4592 ms: Scavenge 331.4 (340.7) -> 329.7 (342.4) MB, pooled: 0 MB, 10.58 / 0.00 ms  (average mu = 0.448, current mu = 0.251) allocation failure; 
   5.86| [1:0xffffac510000:0]     4592 ms: Young generation mutator utilization = 0.582 (mutator_speed=312550, gc_speed=435855)
   5.88| [1:0xffffac510000]     4609 ms: Scavenge 334.0 (343.4) -> 333.2 (364.7) MB, pooled: 0 MB, 13.15 / 0.00 ms  (average mu = 0.448, current mu = 0.251) allocation failure; 
   5.88| [1:0xffffac510000:0]     4609 ms: Young generation mutator utilization = 0.578 (mutator_speed=326247, gc_speed=446998)
   6.18| [1:0xffffac510000]     4911 ms: Mark-Compact (reduce) 376.4 (394.2) -> 349.6 (352.7) MB, pooled: 0 MB, 62.59 / 0.00 ms  (+ 23.7 ms in 529 steps since start of marking, biggest step 9.4 ms, walltime since start of marking 302 ms) (average mu = 0.631, current mu = 0.799) allocation failure; GC in old space requested
   6.19| [1:0xffffac510000]     4919 ms: Scavenge (interleaved) 351.1 (352.9) -> 350.9 (355.9) MB, pooled: 0 MB, 3.47 / 0.00 ms  (average mu = 0.631, current mu = 0.799) allocation failure; 
   6.19| [1:0xffffac510000:0]     4919 ms: Young generation mutator utilization = 0.719 (mutator_speed=168861, gc_speed=431971)
   6.21| [1:0xffffac510000]     4940 ms: Scavenge (interleaved) 352.7 (356.1) -> 352.4 (356.9) MB, pooled: 0 MB, 12.16 / 0.00 ms  (average mu = 0.631, current mu = 0.799) allocation failure; 
   6.21| [1:0xffffac510000:0]     4940 ms: Young generation mutator utilization = 0.676 (mutator_speed=167734, gc_speed=349552)
   6.23| [1:0xffffac510000]     4958 ms: Scavenge (interleaved) 353.8 (357.4) -> 353.6 (362.6) MB, pooled: 0 MB, 13.55 / 0.00 ms  (average mu = 0.631, current mu = 0.799) allocation failure; 
   6.23| [1:0xffffac510000:0]     4958 ms: Young generation mutator utilization = 0.623 (mutator_speed=169078, gc_speed=279804)
   6.23| [1:0xffffac510000]     4963 ms: Scavenge 358.3 (363.8) -> 357.6 (364.6) MB, pooled: 0 MB, 2.46 / 0.00 ms  (average mu = 0.631, current mu = 0.799) allocation failure; 
   6.23| [1:0xffffac510000:0]     4963 ms: Young generation mutator utilization = 0.630 (mutator_speed=189447, gc_speed=322252)
   6.25| [1:0xffffac510000]     4980 ms: Scavenge 359.8 (365.3) -> 359.3 (375.8) MB, pooled: 0 MB, 10.13 / 0.00 ms  (average mu = 0.631, current mu = 0.799) allocation failure; 
   6.25| [1:0xffffac510000:0]     4980 ms: Young generation mutator utilization = 0.679 (mutator_speed=191858, gc_speed=406107)
   6.28| [1:0xffffac510000]     5016 ms: Scavenge 369.4 (379.0) -> 367.7 (380.5) MB, pooled: 0 MB, 7.61 / 0.00 ms  (average mu = 0.631, current mu = 0.799) allocation failure; 
   6.28| [1:0xffffac510000:0]     5017 ms: Young generation mutator utilization = 0.688 (mutator_speed=201962, gc_speed=444730)
   6.30| [1:0xffffac510000]     5034 ms: Scavenge 371.9 (381.4) -> 371.1 (402.9) MB, pooled: 0 MB, 13.56 / 0.00 ms  (average mu = 0.631, current mu = 0.799) allocation failure; 
   6.30| [1:0xffffac510000:0]     5034 ms: Young generation mutator utilization = 0.679 (mutator_speed=216000, gc_speed=457496)
   6.37| [5.0s] burst done chunks=111 rss=449.7MB heapTotal=404.6MB heapUsed=378.2MB
   6.56| [1:0xffffac510000]     5294 ms: Mark-Compact (reduce) 378.3 (404.6) -> 319.8 (325.5) MB, pooled: 0 MB, 9.92 / 0.00 ms  (+ 129.4 ms in 1225 steps since start of marking, biggest step 7.0 ms, walltime since start of marking 258 ms) (average mu = 0.643, current mu = 0.655) finalize incremental marking via task; GC in old space requested
   8.38| [7.1s] idle rss=382.3MB heapTotal=325.5MB heapUsed=319.8MB
   9.48| [1:0xffffac510000:0]     8212 ms: Young generation mutator utilization = 1.000 (mutator_speed=1, gc_speed=457496)
   9.48| [1:0xffffac510000:0]     8212 ms: Old generation mutator utilization = 0.996 (mutator_speed=2081, gc_speed=539029)
   9.48| [1:0xffffac510000:0]     8212 ms: Embedder mutator utilization = 0.000 (mutator_speed=0, gc_speed=1)
   9.48| [1:0xffffac510000:0]     8212 ms: Memory reducer: high alloc, background
   9.48| [1:0xffffac510000:0]     8212 ms: Memory reducer: waiting for 5082 ms
  10.38| [9.1s] idle rss=382.3MB heapTotal=325.5MB heapUsed=319.8MB
  12.38| [11.1s] idle rss=382.3MB heapTotal=325.5MB heapUsed=319.8MB
  14.41| [13.1s] idle rss=365.8MB heapTotal=325.5MB heapUsed=319.8MB
  14.67| [1:0xffffac510000:0]    13395 ms: Young generation mutator utilization = 1.000 (mutator_speed=2, gc_speed=457496)
  14.67| [1:0xffffac510000:0]    13399 ms: Old generation mutator utilization = 1.000 (mutator_speed=1, gc_speed=539029)
  14.67| [1:0xffffac510000:0]    13399 ms: Embedder mutator utilization = 0.000 (mutator_speed=0, gc_speed=1)
  14.67| [1:0xffffac510000:0]    13399 ms: Memory reducer: high alloc, background
  14.67| [1:0xffffac510000:0]    13399 ms: Memory reducer: started GC #1
  14.75| [1:0xffffac510000:0]    13485 ms: Memory reducer: finished GC #1 (will do more)
  14.75| [1:0xffffac510000]    13486 ms: Mark-Compact (reduce) 319.8 (325.5) -> 3.0 (12.3) MB, pooled: 0 MB, 48.11 / 0.00 ms  (+ 0.9 ms in 7 steps since start of marking, biggest step 0.4 ms, walltime since start of marking 64 ms) (average mu = 0.978, current mu = 0.994) finalize incremental marking via task; GC in old space requested
  15.35| [1:0xffffac510000:0]    14086 ms: Young generation mutator utilization = 1.000 (mutator_speed=1, gc_speed=457496)
  15.35| [1:0xffffac510000:0]    14086 ms: Old generation mutator utilization = 1.000 (mutator_speed=0, gc_speed=549181)
  15.35| [1:0xffffac510000:0]    14086 ms: Embedder mutator utilization = 0.000 (mutator_speed=0, gc_speed=1)
  15.36| [1:0xffffac510000:0]    14086 ms: Memory reducer: high alloc, background
  15.36| [1:0xffffac510000:0]    14086 ms: Memory reducer: started GC #2
  15.37| [1:0xffffac510000:0]    14099 ms: Memory reducer: finished GC #2 (done)
  15.37| [1:0xffffac510000]    14099 ms: Mark-Compact (reduce) 3.0 (12.3) -> 3.0 (5.6) MB, pooled: 0 MB, 5.85 / 0.00 ms  (+ 0.0 ms in 1 steps since start of marking, biggest step 0.0 ms, walltime since start of marking 13 ms) (average mu = 0.980, current mu = 0.990) finalize incremental marking via task; GC in old space requested
  16.41| [15.1s] idle rss=48.4MB heapTotal=5.6MB heapUsed=3.0MB
  18.41| [17.1s] idle rss=48.4MB heapTotal=5.6MB heapUsed=3.0MB
  20.42| [19.1s] idle rss=48.4MB heapTotal=5.6MB heapUsed=3.0MB
  22.42| [21.1s] idle rss=48.4MB heapTotal=5.6MB heapUsed=3.0MB
  24.43| [23.1s] idle rss=48.4MB heapTotal=5.6MB heapUsed=3.1MB
  26.45| [25.1s] idle rss=48.4MB heapTotal=5.6MB heapUsed=3.1MB
  28.45| [27.1s] idle rss=48.4MB heapTotal=5.6MB heapUsed=3.1MB
  30.46| [29.1s] idle rss=48.5MB heapTotal=5.6MB heapUsed=3.1MB
  32.45| [31.1s] idle rss=48.5MB heapTotal=5.6MB heapUsed=3.1MB
  34.45| [33.1s] idle rss=48.5MB heapTotal=5.6MB heapUsed=3.1MB
  36.46| [35.1s] idle rss=48.5MB heapTotal=5.6MB heapUsed=3.1MB
  38.46| [37.1s] idle rss=48.5MB heapTotal=5.6MB heapUsed=3.1MB
  40.46| [39.1s] idle rss=48.5MB heapTotal=5.6MB heapUsed=3.1MB
  42.46| [41.1s] idle rss=48.5MB heapTotal=5.6MB heapUsed=3.1MB
  44.46| [43.2s] idle rss=48.5MB heapTotal=5.6MB heapUsed=3.1MB
  46.47| [45.2s] idle rss=48.5MB heapTotal=5.6MB heapUsed=3.1MB
  48.47| [47.2s] idle rss=48.5MB heapTotal=5.6MB heapUsed=3.1MB
  50.48| [49.2s] idle rss=48.5MB heapTotal=5.6MB heapUsed=3.1MB
  52.48| [51.2s] idle rss=48.5MB heapTotal=5.6MB heapUsed=3.1MB
  54.49| [53.2s] idle rss=48.5MB heapTotal=5.6MB heapUsed=3.1MB
  56.49| [55.2s] idle rss=48.5MB heapTotal=5.6MB heapUsed=3.1MB
  58.49| [57.2s] idle rss=48.5MB heapTotal=5.6MB heapUsed=3.1MB
  60.57| [59.3s] idle rss=28.1MB heapTotal=5.6MB heapUsed=3.1MB
  62.51| [61.2s] idle rss=28.5MB heapTotal=5.6MB heapUsed=3.1MB
  64.51| [63.2s] idle rss=28.5MB heapTotal=5.6MB heapUsed=3.2MB
  66.51| [65.2s] idle rss=28.5MB heapTotal=5.6MB heapUsed=3.2MB
  68.51| [67.2s] idle rss=28.5MB heapTotal=5.6MB heapUsed=3.2MB
  70.52| [69.2s] idle rss=28.5MB heapTotal=5.6MB heapUsed=3.2MB
  72.52| [71.2s] idle rss=28.5MB heapTotal=5.6MB heapUsed=3.2MB
  74.52| [73.2s] idle rss=28.5MB heapTotal=5.6MB heapUsed=3.2MB
  76.53| [75.2s] idle rss=28.5MB heapTotal=5.6MB heapUsed=3.2MB
  78.53| [77.2s] idle rss=28.5MB heapTotal=5.6MB heapUsed=3.2MB
  80.53| [79.2s] idle rss=28.5MB heapTotal=5.6MB heapUsed=3.2MB
  82.53| [81.2s] idle rss=28.5MB heapTotal=5.6MB heapUsed=3.2MB
  84.53| [83.2s] idle rss=28.5MB heapTotal=5.6MB heapUsed=3.2MB
  86.54| [85.2s] idle rss=28.5MB heapTotal=5.6MB heapUsed=3.2MB
  88.55| [87.2s] idle rss=28.5MB heapTotal=5.6MB heapUsed=3.2MB
  90.54| [89.2s] idle rss=28.5MB heapTotal=5.6MB heapUsed=3.2MB
  92.54| [91.2s] idle rss=28.5MB heapTotal=5.6MB heapUsed=3.2MB
  94.55| [93.2s] idle rss=28.5MB heapTotal=5.6MB heapUsed=3.2MB
  96.55| [95.2s] idle rss=28.5MB heapTotal=5.6MB heapUsed=3.2MB
  98.55| [97.2s] idle rss=28.5MB heapTotal=5.6MB heapUsed=3.2MB
 100.55| [99.2s] idle rss=28.5MB heapTotal=5.6MB heapUsed=3.2MB
 102.56| [101.2s] idle rss=28.5MB heapTotal=5.6MB heapUsed=3.2MB
 104.57| [103.3s] idle rss=24.1MB heapTotal=5.6MB heapUsed=3.2MB
 106.57| [105.3s] idle rss=25.0MB heapTotal=5.6MB heapUsed=3.2MB
 108.57| [107.3s] idle rss=25.0MB heapTotal=5.6MB heapUsed=3.2MB
 110.57| [109.3s] idle rss=25.0MB heapTotal=5.6MB heapUsed=3.2MB
 112.57| [111.3s] idle rss=25.0MB heapTotal=5.6MB heapUsed=3.2MB
 114.58| [113.3s] idle rss=25.0MB heapTotal=5.6MB heapUsed=3.2MB
 116.58| [115.3s] idle rss=25.6MB heapTotal=5.6MB heapUsed=3.2MB
 118.58| [117.3s] idle rss=30.3MB heapTotal=5.6MB heapUsed=3.2MB
 120.59| [119.3s] idle rss=30.3MB heapTotal=5.6MB heapUsed=3.2MB
 122.59| [121.3s] idle rss=30.3MB heapTotal=5.6MB heapUsed=3.2MB
 124.59| [123.3s] idle rss=30.3MB heapTotal=5.6MB heapUsed=3.2MB
 126.59| [125.3s] idle rss=30.3MB heapTotal=5.6MB heapUsed=3.2MB
 128.59| [127.3s] idle rss=30.3MB heapTotal=5.6MB heapUsed=3.2MB
 130.60| [129.3s] idle rss=30.3MB heapTotal=5.6MB heapUsed=3.2MB
 132.60| [131.3s] idle rss=30.3MB heapTotal=5.6MB heapUsed=3.2MB
 134.60| [133.3s] idle rss=30.3MB heapTotal=5.6MB heapUsed=3.2MB
 136.62| [135.3s] idle rss=30.3MB heapTotal=5.6MB heapUsed=3.2MB
 138.61| [137.3s] idle rss=30.3MB heapTotal=5.6MB heapUsed=3.2MB
 140.61| [139.3s] idle rss=30.3MB heapTotal=5.6MB heapUsed=3.2MB
 142.61| [141.3s] idle rss=30.3MB heapTotal=5.6MB heapUsed=3.3MB
 144.61| [143.3s] idle rss=30.3MB heapTotal=5.6MB heapUsed=3.3MB
 146.62| [145.3s] idle rss=30.3MB heapTotal=5.6MB heapUsed=3.3MB
 148.62| [147.3s] idle rss=30.4MB heapTotal=5.6MB heapUsed=3.3MB
 150.63| [149.3s] idle rss=28.8MB heapTotal=5.6MB heapUsed=3.3MB
 152.62| [151.3s] idle rss=28.9MB heapTotal=5.6MB heapUsed=3.3MB
 154.63| [153.3s] idle rss=28.9MB heapTotal=5.6MB heapUsed=3.3MB
 156.63| [155.3s] idle rss=28.9MB heapTotal=5.6MB heapUsed=3.3MB
 156.65| [155.3s] end rss=32.0MB heapTotal=5.6MB heapUsed=3.3MB
