   1.22| [0.0s] start node=v26.10.0 v8=14.6.202.34-node.34 mode=log rss=39.6MB heapTotal=4.4MB heapUsed=3.7MB
   1.30| [1:0xffffb4270000]      148 ms: Scavenge 5.0 (6.0) -> 4.6 (6.8) MB, pooled: 0.0 MB, 3.29 / 0.00 ms (average mu = 1.000, current mu = 1.000) allocation failure; 
   1.30| [1:0xffffb4270000:0]      148 ms: Young generation mutator utilization = 0.981 (mutator_speed=4639, gc_speed=240893)
   1.30| [1:0xffffb4270000]      150 ms: Scavenge 5.0 (7.0) -> 4.9 (7.5) MB, pooled: 0.0 MB, 1.21 / 0.00 ms (average mu = 1.000, current mu = 1.000) allocation failure; 
   1.30| [1:0xffffb4270000:0]      150 ms: Young generation mutator utilization = 0.982 (mutator_speed=7243, gc_speed=392827)
   1.30| [1:0xffffb4270000]      155 ms: Scavenge 6.6 (8.5) -> 6.4 (9.5) MB, pooled: 0.0 MB, 1.84 / 0.00 ms (average mu = 1.000, current mu = 1.000) allocation failure; 
   1.30| [1:0xffffb4270000:0]      155 ms: Young generation mutator utilization = 0.968 (mutator_speed=19051, gc_speed=572159)
   1.30| [1:0xffffb4270000]      157 ms: Scavenge 6.9 (10.0) -> 6.8 (11.3) MB, pooled: 0.0 MB, 1.94 / 0.00 ms (average mu = 1.000, current mu = 1.000) allocation failure; 
   1.30| [1:0xffffb4270000:0]      160 ms: Young generation mutator utilization = 0.968 (mutator_speed=22804, gc_speed=680221)
   1.31| [1:0xffffb4270000]      170 ms: Scavenge 10.4 (13.3) -> 9.9 (14.8) MB, pooled: 0.0 MB, 8.29 / 0.00 ms (average mu = 1.000, current mu = 1.000) allocation failure; 
   1.31| [1:0xffffb4270000:0]      171 ms: Young generation mutator utilization = 0.923 (mutator_speed=47295, gc_speed=563996)
   1.32| [1:0xffffb4270000]      175 ms: Scavenge 10.6 (15.5) -> 10.5 (19.0) MB, pooled: 0.0 MB, 3.89 / 0.00 ms (average mu = 1.000, current mu = 1.000) allocation failure; 
   1.32| [1:0xffffb4270000:0]      176 ms: Young generation mutator utilization = 0.926 (mutator_speed=51419, gc_speed=642449)
   1.33| [1:0xffffb4270000]      187 ms: Scavenge 18.1 (23.2) -> 16.4 (25.4) MB, pooled: 0.0 MB, 7.36 / 0.00 ms (average mu = 1.000, current mu = 1.000) allocation failure; 
   1.33| [1:0xffffb4270000:0]      187 ms: Young generation mutator utilization = 0.874 (mutator_speed=103270, gc_speed=715639)
   1.35| [1:0xffffb4270000]      204 ms: Scavenge 18.7 (27.6) -> 18.3 (33.8) MB, pooled: 0.0 MB, 13.35 / 0.00 ms (average mu = 1.000, current mu = 1.000) allocation failure; 
   1.35| [1:0xffffb4270000:0]      204 ms: Young generation mutator utilization = 0.853 (mutator_speed=116564, gc_speed=677441)
   1.38| [1:0xffffb4270000]      235 ms: Scavenge 32.7 (42.0) -> 29.5 (46.8) MB, pooled: 0.0 MB, 21.81 / 0.00 ms (average mu = 1.000, current mu = 1.000) allocation failure; 
   1.38| [1:0xffffb4270000:0]      235 ms: Young generation mutator utilization = 0.758 (mutator_speed=209853, gc_speed=656897)
   1.40| [1:0xffffb4270000]      256 ms: Scavenge 34.5 (51.7) -> 33.4 (62.9) MB, pooled: 0.0 MB, 16.13 / 0.00 ms (average mu = 1.000, current mu = 1.000) allocation failure; 
   1.40| [1:0xffffb4270000:0]      256 ms: Young generation mutator utilization = 0.753 (mutator_speed=237155, gc_speed=721054)
   1.45| [1:0xffffb4270000]      307 ms: Scavenge 62.1 (79.5) -> 55.8 (89.0) MB, pooled: 0.0 MB, 33.08 / 0.00 ms (average mu = 1.000, current mu = 1.000) allocation failure; 
   1.45| [1:0xffffb4270000:0]      307 ms: Young generation mutator utilization = 0.657 (mutator_speed=401099, gc_speed=768354)
   1.48| [1:0xffffb4270000]      337 ms: Scavenge 63.6 (96.8) -> 61.8 (118.8) MB, pooled: 0.0 MB, 19.95 / 0.00 ms (average mu = 1.000, current mu = 1.000) allocation failure; 
   1.48| [1:0xffffb4270000:0]      337 ms: Young generation mutator utilization = 0.671 (mutator_speed=429632, gc_speed=876154)
   1.50| [1:0xffffb4270000]      356 ms: Scavenge 88.3 (119.4) -> 82.9 (125.7) MB, pooled: 0.0 MB, 13.25 / 0.00 ms (average mu = 1.000, current mu = 1.000) allocation failure; 
   1.50| [1:0xffffb4270000:0]      356 ms: Young generation mutator utilization = 0.625 (mutator_speed=598083, gc_speed=995074)
   1.52| [1:0xffffb4270000]      375 ms: Scavenge 94.5 (128.1) -> 92.1 (148.6) MB, pooled: 0.0 MB, 14.53 / 0.00 ms (average mu = 1.000, current mu = 1.000) allocation failure; 
   1.52| [1:0xffffb4270000:0]      375 ms: Young generation mutator utilization = 0.626 (mutator_speed=659994, gc_speed=1104689)
   1.68| [1:0xffffb4270000]      540 ms: Incremental Mark-Compact 124.5 (158.2) -> 117.9 (157.2) MB, pooled: 0.8 MB, 90.55 / 0.00 ms (+ 26.6 ms in 513 steps since start of marking, biggest step 4.7 ms, walltime since start of marking 164 ms) (average mu = 0.786, current mu = 0.786) allocation failure; Incremental marking forced finalization
   1.76| [1:0xffffb4270000]      623 ms: Scavenge (during sweeping) 150.5 (157.8) -> 144.3 (183.8) MB, pooled: 0.0 MB, 64.03 / 0.00 ms (average mu = 0.786, current mu = 0.786) allocation failure; 
   1.76| [1:0xffffb4270000:0]      623 ms: Young generation mutator utilization = 0.561 (mutator_speed=720835, gc_speed=922599)
   1.80| [1:0xffffb4270000]      657 ms: Scavenge 148.4 (187.8) -> 147.6 (208.6) MB, pooled: 0.0 MB, 28.11 / 0.00 ms (average mu = 0.786, current mu = 0.786) allocation failure; 
   1.80| [1:0xffffb4270000:0]      657 ms: Young generation mutator utilization = 0.566 (mutator_speed=722565, gc_speed=941228)
   1.83| [1:0xffffb4270000]      685 ms: Scavenge 176.8 (209.2) -> 171.1 (212.9) MB, pooled: 0.0 MB, 18.03 / 0.00 ms (average mu = 0.786, current mu = 0.786) allocation failure; 
   1.83| [1:0xffffb4270000:0]      685 ms: Young generation mutator utilization = 0.530 (mutator_speed=875708, gc_speed=987775)
   1.89| [1:0xffffb4270000]      748 ms: Scavenge 180.3 (215.1) -> 178.6 (238.1) MB, pooled: 0.0 MB, 45.54 / 0.00 ms (average mu = 0.786, current mu = 0.786) allocation failure; 
   1.89| [1:0xffffb4270000:0]      748 ms: Young generation mutator utilization = 0.534 (mutator_speed=838120, gc_speed=958516)
   1.92| [1:0xffffb4270000]      775 ms: Scavenge 203.6 (238.6) -> 198.7 (245.6) MB, pooled: 0.0 MB, 21.90 / 0.00 ms (average mu = 0.786, current mu = 0.786) allocation failure; 
   1.92| [1:0xffffb4270000:0]      776 ms: Young generation mutator utilization = 0.509 (mutator_speed=978499, gc_speed=1014112)
   1.95| [1:0xffffb4270000]      805 ms: Scavenge 211.2 (245.9) -> 208.8 (265.9) MB, pooled: 0.0 MB, 25.98 / 0.00 ms (average mu = 0.786, current mu = 0.786) allocation failure; 
   1.95| [1:0xffffb4270000:0]      805 ms: Young generation mutator utilization = 0.498 (mutator_speed=1042254, gc_speed=1033739)
   1.97| [1:0xffffb4270000]      830 ms: Scavenge 231.2 (266.2) -> 226.9 (275.7) MB, pooled: 0.0 MB, 20.58 / 0.00 ms (average mu = 0.786, current mu = 0.786) allocation failure; 
   1.97| [1:0xffffb4270000:0]      830 ms: Young generation mutator utilization = 0.482 (mutator_speed=1168453, gc_speed=1087834)
   1.99| [1:0xffffb4270000]      849 ms: Scavenge 241.3 (276.0) -> 238.4 (294.0) MB, pooled: 0.0 MB, 16.34 / 0.00 ms (average mu = 0.786, current mu = 0.786) allocation failure; 
   1.99| [1:0xffffb4270000:0]      849 ms: Young generation mutator utilization = 0.470 (mutator_speed=1248402, gc_speed=1108574)
   2.03| [1:0xffffb4270000]      884 ms: Scavenge 259.5 (294.5) -> 255.5 (305.7) MB, pooled: 0.0 MB, 30.19 / 0.00 ms (average mu = 0.786, current mu = 0.786) allocation failure; 
   2.03| [1:0xffffb4270000:0]      884 ms: Young generation mutator utilization = 0.436 (mutator_speed=1353106, gc_speed=1047312)
   2.08| [1:0xffffb4270000]      934 ms: Scavenge 271.1 (306.0) -> 268.1 (322.5) MB, pooled: 0.0 MB, 43.99 / 0.00 ms (average mu = 0.786, current mu = 0.786) allocation failure; 
   2.08| [1:0xffffb4270000:0]      934 ms: Young generation mutator utilization = 0.402 (mutator_speed=1410741, gc_speed=947560)
   2.13| [1:0xffffb4270000]      988 ms: Scavenge 288.0 (322.8) -> 284.1 (335.1) MB, pooled: 0.0 MB, 48.13 / 0.00 ms (average mu = 0.786, current mu = 0.786) allocation failure; 
   2.13| [1:0xffffb4270000:0]      989 ms: Young generation mutator utilization = 0.403 (mutator_speed=1489237, gc_speed=1005039)
   2.16| [1:0xffffb4270000]     1020 ms: Scavenge 300.6 (335.4) -> 297.4 (351.4) MB, pooled: 0.0 MB, 25.34 / 0.00 ms (average mu = 0.786, current mu = 0.786) allocation failure; 
   2.17| [1:0xffffb4270000:0]     1020 ms: Young generation mutator utilization = 0.396 (mutator_speed=1546520, gc_speed=1014212)
   2.18| [1:0xffffb4270000]     1039 ms: Scavenge 316.6 (351.7) -> 312.9 (364.7) MB, pooled: 0.0 MB, 15.40 / 0.00 ms (average mu = 0.786, current mu = 0.786) allocation failure; 
   2.18| [1:0xffffb4270000:0]     1039 ms: Young generation mutator utilization = 0.385 (mutator_speed=1641550, gc_speed=1029621)
   2.21| [1:0xffffb4270000]     1069 ms: Scavenge 329.9 (365.0) -> 326.6 (379.8) MB, pooled: 0.0 MB, 25.11 / 0.00 ms (average mu = 0.786, current mu = 0.786) allocation failure; 
   2.21| [1:0xffffb4270000:0]     1069 ms: Young generation mutator utilization = 0.392 (mutator_speed=1706296, gc_speed=1101517)
   2.25| [1:0xffffb4270000]     1102 ms: Scavenge 345.6 (380.3) -> 341.9 (394.0) MB, pooled: 0.0 MB, 26.60 / 0.00 ms (average mu = 0.786, current mu = 0.786) allocation failure; 
   2.25| [1:0xffffb4270000:0]     1102 ms: Young generation mutator utilization = 0.382 (mutator_speed=1758942, gc_speed=1087255)
   2.32| [1:0xffffb4270000]     1173 ms: Scavenge 359.3 (394.3) -> 356.8 (409.1) MB, pooled: 0.0 MB, 66.48 / 0.00 ms (average mu = 0.786, current mu = 0.786) allocation failure; 
   2.32| [1:0xffffb4270000:0]     1173 ms: Young generation mutator utilization = 0.341 (mutator_speed=1831949, gc_speed=948438)
   2.39| [1:0xffffb4270000]     1242 ms: Scavenge 374.4 (409.4) -> 372.2 (423.6) MB, pooled: 0.0 MB, 58.43 / 0.00 ms (average mu = 0.786, current mu = 0.786) allocation failure; 
   2.39| [1:0xffffb4270000:0]     1247 ms: Young generation mutator utilization = 0.320 (mutator_speed=1813458, gc_speed=853853)
   2.45| [1:0xffffb4270000]     1311 ms: Scavenge 389.4 (424.1) -> 387.3 (439.1) MB, pooled: 0.0 MB, 59.17 / 0.00 ms (average mu = 0.786, current mu = 0.786) allocation failure; 
   2.46| [1:0xffffb4270000:0]     1312 ms: Young generation mutator utilization = 0.296 (mutator_speed=1816736, gc_speed=764497)
   2.47| [1:0xffffb4270000]     1332 ms: Scavenge 404.9 (439.4) -> 401.7 (454.2) MB, pooled: 0.0 MB, 15.85 / 0.00 ms (average mu = 0.786, current mu = 0.786) allocation failure; 
   2.47| [1:0xffffb4270000:0]     1332 ms: Young generation mutator utilization = 0.297 (mutator_speed=1878146, gc_speed=794943)
   2.50| [1:0xffffb4270000]     1359 ms: Scavenge 419.8 (454.5) -> 416.3 (469.0) MB, pooled: 0.0 MB, 20.11 / 0.00 ms (average mu = 0.786, current mu = 0.786) allocation failure; 
   2.50| [1:0xffffb4270000:0]     1359 ms: Young generation mutator utilization = 0.306 (mutator_speed=1914991, gc_speed=846160)
   2.54| [1:0xffffb4270000]     1390 ms: Scavenge 434.2 (469.3) -> 430.7 (483.8) MB, pooled: 0.0 MB, 27.95 / 0.00 ms (average mu = 0.786, current mu = 0.786) allocation failure; 
   2.54| [1:0xffffb4270000:0]     1390 ms: Young generation mutator utilization = 0.310 (mutator_speed=1997773, gc_speed=897877)
   2.56| [1:0xffffb4270000]     1422 ms: Scavenge 449.0 (484.3) -> 445.5 (497.8) MB, pooled: 0.0 MB, 25.39 / 0.00 ms (average mu = 0.786, current mu = 0.786) allocation failure; 
   2.56| [1:0xffffb4270000:0]     1422 ms: Young generation mutator utilization = 0.305 (mutator_speed=2044709, gc_speed=897325)
   2.62| [1:0xffffb4270000]     1467 ms: Scavenge 463.4 (498.1) -> 459.9 (512.6) MB, pooled: 0.0 MB, 40.07 / 0.00 ms (average mu = 0.786, current mu = 0.786) allocation failure; 
   2.62| [1:0xffffb4270000:0]     1467 ms: Young generation mutator utilization = 0.286 (mutator_speed=2090903, gc_speed=837069)
   2.65| [1:0xffffb4270000]     1512 ms: Scavenge 478.0 (512.9) -> 474.4 (526.9) MB, pooled: 0.0 MB, 40.11 / 0.00 ms (average mu = 0.786, current mu = 0.786) allocation failure; 
   2.65| [1:0xffffb4270000:0]     1512 ms: Young generation mutator utilization = 0.271 (mutator_speed=2160531, gc_speed=803199)
   2.68| [1:0xffffb4270000]     1538 ms: Scavenge 492.4 (527.2) -> 488.9 (541.7) MB, pooled: 0.0 MB, 22.57 / 0.00 ms (average mu = 0.786, current mu = 0.786) allocation failure; 
   2.68| [1:0xffffb4270000:0]     1538 ms: Young generation mutator utilization = 0.267 (mutator_speed=2226126, gc_speed=812056)
   3.40| [1:0xffffb4270000]     2249 ms: Incremental Mark-Compact 491.7 (541.8) -> 320.9 (375.5) MB, pooled: 162.2 MB, 672.52 / 0.00 ms (+ 1.6 ms in 2 steps since start of marking, biggest step 1.5 ms, walltime since start of marking 709 ms) (average mu = 0.649, current mu = 0.606) finalize incremental marking via stack guard; GC in old space requested
   3.63| [1:0xffffb4270000]     2483 ms: Scavenge (during sweeping) 353.4 (376.0) -> 347.1 (386.5) MB, pooled: 151.8 MB, 186.38 / 0.00 ms (average mu = 0.649, current mu = 0.606) allocation failure; 
   3.63| [1:0xffffb4270000:0]     2483 ms: Young generation mutator utilization = 0.298 (mutator_speed=1434275, gc_speed=608232)
   3.76| [1:0xffffb4270000]     2616 ms: Scavenge (during sweeping) 347.4 (387.0) -> 347.3 (406.8) MB, pooled: 131.5 MB, 130.35 / 0.00 ms (average mu = 0.649, current mu = 0.606) allocation failure; 
   3.76| [1:0xffffb4270000:0]     2616 ms: Young generation mutator utilization = 0.270 (mutator_speed=1417994, gc_speed=523735)
   3.83| [1:0xffffb4270000]     2687 ms: Scavenge 379.6 (407.4) -> 373.4 (407.4) MB, pooled: 131.5 MB, 59.31 / 0.00 ms (average mu = 0.649, current mu = 0.606) allocation failure; 
   3.83| [1:0xffffb4270000:0]     2687 ms: Young generation mutator utilization = 0.252 (mutator_speed=1531672, gc_speed=516302)
   3.88| [1:0xffffb4270000]     2735 ms: Scavenge 374.1 (407.4) -> 373.9 (432.9) MB, pooled: 106.0 MB, 47.70 / 0.00 ms (average mu = 0.649, current mu = 0.606) allocation failure; 
   3.88| [1:0xffffb4270000:0]     2736 ms: Young generation mutator utilization = 0.241 (mutator_speed=1521910, gc_speed=483479)
   3.93| [1:0xffffb4270000]     2784 ms: Scavenge 405.9 (433.5) -> 399.7 (433.8) MB, pooled: 105.8 MB, 24.80 / 0.00 ms (average mu = 0.649, current mu = 0.606) allocation failure; 
   3.93| [1:0xffffb4270000:0]     2784 ms: Young generation mutator utilization = 0.240 (mutator_speed=1502919, gc_speed=475545)
   3.97| [1:0xffffb4270000]     2823 ms: Scavenge 406.6 (439.7) -> 405.3 (465.2) MB, pooled: 74.5 MB, 24.73 / 0.00 ms (average mu = 0.649, current mu = 0.606) allocation failure; 
   3.97| [1:0xffffb4270000:0]     2823 ms: Young generation mutator utilization = 0.255 (mutator_speed=1403207, gc_speed=481428)
   4.00| [1:0xffffb4270000]     2853 ms: Scavenge 432.2 (465.6) -> 427.0 (471.1) MB, pooled: 69.0 MB, 23.21 / 0.00 ms (average mu = 0.649, current mu = 0.606) allocation failure; 
   4.00| [1:0xffffb4270000:0]     2853 ms: Young generation mutator utilization = 0.239 (mutator_speed=1531150, gc_speed=480223)
   5.12| [1:0xffffb4270000]     3980 ms: Scavenge 437.9 (471.4) -> 435.7 (492.9) MB, pooled: 47.5 MB, 1120.14 / 0.00 ms (average mu = 0.649, current mu = 0.606) allocation failure; 
   5.12| [1:0xffffb4270000:0]     3981 ms: Young generation mutator utilization = 0.101 (mutator_speed=1529734, gc_speed=172202)
   5.16| [1:0xffffb4270000]     4017 ms: Scavenge 459.7 (493.4) -> 455.1 (501.7) MB, pooled: 39.2 MB, 27.59 / 0.00 ms (average mu = 0.649, current mu = 0.606) allocation failure; 
   5.16| [1:0xffffb4270000:0]     4017 ms: Young generation mutator utilization = 0.097 (mutator_speed=1602797, gc_speed=172942)
   5.20| [1:0xffffb4270000]     4055 ms: Scavenge 468.2 (501.8) -> 465.7 (520.8) MB, pooled: 20.2 MB, 33.21 / 0.00 ms (average mu = 0.649, current mu = 0.606) allocation failure; 
   5.20| [1:0xffffb4270000:0]     4055 ms: Young generation mutator utilization = 0.095 (mutator_speed=1639922, gc_speed=172305)
   5.24| [1:0xffffb4270000]     4095 ms: Scavenge 487.6 (521.3) -> 483.3 (531.5) MB, pooled: 10.0 MB, 25.08 / 0.00 ms (average mu = 0.649, current mu = 0.606) allocation failure; 
   5.24| [1:0xffffb4270000:0]     4095 ms: Young generation mutator utilization = 0.105 (mutator_speed=1633972, gc_speed=191979)
   5.27| [1:0xffffb4270000]     4129 ms: Scavenge 498.3 (531.8) -> 495.6 (549.1) MB, pooled: 0.0 MB, 29.34 / 0.00 ms (average mu = 0.649, current mu = 0.606) allocation failure; 
   5.27| [1:0xffffb4270000:0]     4129 ms: Young generation mutator utilization = 0.110 (mutator_speed=1684844, gc_speed=208286)
   5.32| [1:0xffffb4270000]     4176 ms: Scavenge 515.8 (549.4) -> 512.4 (561.2) MB, pooled: 0.0 MB, 42.29 / 0.00 ms (average mu = 0.649, current mu = 0.606) allocation failure; 
   5.32| [1:0xffffb4270000:0]     4176 ms: Young generation mutator utilization = 0.107 (mutator_speed=1767910, gc_speed=212733)
   5.38| [1:0xffffb4270000]     4232 ms: Scavenge 523.1 (561.3) -> 521.3 (578.1) MB, pooled: 0.0 MB, 52.15 / 0.00 ms (average mu = 0.649, current mu = 0.606) allocation failure; 
   5.38| [1:0xffffb4270000:0]     4232 ms: Young generation mutator utilization = 0.105 (mutator_speed=1797172, gc_speed=211705)
   5.42| [1:0xffffb4270000]     4280 ms: Scavenge 544.9 (578.5) -> 541.0 (587.8) MB, pooled: 0.0 MB, 40.94 / 0.00 ms (average mu = 0.649, current mu = 0.606) allocation failure; 
   5.42| [1:0xffffb4270000:0]     4281 ms: Young generation mutator utilization = 0.101 (mutator_speed=1873793, gc_speed=210885)
   5.48| [1:0xffffb4270000]     4342 ms: Scavenge 550.9 (587.9) -> 549.3 (606.4) MB, pooled: 0.0 MB, 57.89 / 0.00 ms (average mu = 0.649, current mu = 0.606) allocation failure; 
   5.48| [1:0xffffb4270000:0]     4342 ms: Young generation mutator utilization = 0.097 (mutator_speed=1902019, gc_speed=203760)
   5.55| [1:0xffffb4270000]     4411 ms: Scavenge 573.5 (606.9) -> 569.4 (615.2) MB, pooled: 0.0 MB, 62.96 / 0.00 ms (average mu = 0.649, current mu = 0.606) allocation failure; 
   5.56| [1:0xffffb4270000:0]     4411 ms: Young generation mutator utilization = 0.091 (mutator_speed=1984059, gc_speed=199123)
   5.66| [1:0xffffb4270000]     4506 ms: Scavenge 581.9 (615.5) -> 579.8 (635.0) MB, pooled: 0.0 MB, 90.64 / 0.00 ms (average mu = 0.649, current mu = 0.606) allocation failure; 
   5.66| [1:0xffffb4270000:0]     4506 ms: Young generation mutator utilization = 0.241 (mutator_speed=2021698, gc_speed=642950)
   6.05| [1:0xffffb4270000]     4910 ms: Scavenge 602.1 (635.4) -> 598.4 (645.9) MB, pooled: 0.0 MB, 337.03 / 0.00 ms (average mu = 0.649, current mu = 0.606) allocation failure; 
   6.05| [1:0xffffb4270000:0]     4910 ms: Young generation mutator utilization = 0.217 (mutator_speed=1398000, gc_speed=386327)
   6.33| [1:0xffffb4270000]     5184 ms: Scavenge 606.6 (645.9) -> 605.2 (664.2) MB, pooled: 0.0 MB, 271.98 / 0.00 ms (average mu = 0.649, current mu = 0.606) allocation failure; 
   6.33| [1:0xffffb4270000:0]     5184 ms: Young generation mutator utilization = 0.169 (mutator_speed=1429914, gc_speed=290235)
   6.42| [1:0xffffb4270000]     5280 ms: Scavenge 630.9 (664.8) -> 626.6 (671.6) MB, pooled: 0.0 MB, 70.86 / 0.00 ms (average mu = 0.649, current mu = 0.606) allocation failure; 
   6.42| [1:0xffffb4270000:0]     5280 ms: Young generation mutator utilization = 0.169 (mutator_speed=1367808, gc_speed=277812)
   6.43| [5.2s] burst done chunks=120 rss=719.3MB heapTotal=671.6MB heapUsed=634.4MB
   6.48| [1:0xffffb4270000]     5341 ms: Scavenge 634.5 (671.6) -> 633.1 (692.1) MB, pooled: 0.0 MB, 46.64 / 0.00 ms (average mu = 0.649, current mu = 0.606) allocation failure; 
   6.48| [1:0xffffb4270000:0]     5341 ms: Young generation mutator utilization = 0.173 (mutator_speed=1298112, gc_speed=271276)
   8.45| [7.3s] idle rss=613.8MB heapTotal=692.1MB heapUsed=633.1MB
  10.45| [9.3s] idle rss=584.9MB heapTotal=692.1MB heapUsed=633.1MB
  12.45| [11.3s] idle rss=584.9MB heapTotal=692.1MB heapUsed=633.1MB
  14.45| [13.3s] idle rss=584.7MB heapTotal=692.1MB heapUsed=633.1MB
  16.46| [15.3s] idle rss=584.7MB heapTotal=692.1MB heapUsed=633.1MB
  18.46| [17.3s] idle rss=584.7MB heapTotal=692.1MB heapUsed=633.1MB
  20.47| [19.3s] idle rss=579.0MB heapTotal=692.1MB heapUsed=633.2MB
  22.47| [21.3s] idle rss=579.0MB heapTotal=692.1MB heapUsed=633.2MB
  24.47| [23.3s] idle rss=573.6MB heapTotal=692.1MB heapUsed=633.2MB
  26.48| [25.3s] idle rss=573.6MB heapTotal=692.1MB heapUsed=633.2MB
  28.48| [27.3s] idle rss=573.6MB heapTotal=692.1MB heapUsed=633.2MB
  30.49| [29.3s] idle rss=573.6MB heapTotal=692.1MB heapUsed=633.2MB
  31.41| [1:0xffffb4270000:0]    30273 ms: Young generation mutator utilization = 1.000 (mutator_speed=1, gc_speed=271276)
  31.41| [1:0xffffb4270000:0]    30273 ms: Old generation mutator utilization = 0.997 (mutator_speed=880, gc_speed=307082)
  31.41| [1:0xffffb4270000:0]    30273 ms: Embedder mutator utilization = 0.000 (mutator_speed=0, gc_speed=1)
  31.41| [1:0xffffb4270000:0]    30273 ms: Memory reducer: high alloc, foreground
  31.41| [1:0xffffb4270000:0]    30273 ms: Memory reducer: waiting for 8000 ms
  32.49| [31.3s] idle rss=573.6MB heapTotal=692.1MB heapUsed=633.2MB
  34.50| [33.3s] idle rss=573.6MB heapTotal=692.1MB heapUsed=633.2MB
  36.50| [35.3s] idle rss=573.6MB heapTotal=692.1MB heapUsed=633.2MB
  38.50| [37.3s] idle rss=573.6MB heapTotal=692.1MB heapUsed=633.2MB
  39.52| [1:0xffffb4270000:0]    38376 ms: Young generation mutator utilization = 1.000 (mutator_speed=1, gc_speed=271276)
  39.52| [1:0xffffb4270000:0]    38377 ms: Old generation mutator utilization = 1.000 (mutator_speed=0, gc_speed=307082)
  39.52| [1:0xffffb4270000:0]    38377 ms: Embedder mutator utilization = 0.000 (mutator_speed=0, gc_speed=1)
  39.52| [1:0xffffb4270000:0]    38377 ms: Memory reducer: high alloc, foreground
  39.52| [1:0xffffb4270000:0]    38377 ms: Memory reducer: waiting for 8000 ms
  40.50| [39.3s] idle rss=573.6MB heapTotal=692.1MB heapUsed=633.2MB
  42.51| [41.3s] idle rss=573.6MB heapTotal=692.1MB heapUsed=633.2MB
  44.51| [43.3s] idle rss=573.6MB heapTotal=692.1MB heapUsed=633.2MB
  46.51| [45.3s] idle rss=573.6MB heapTotal=692.1MB heapUsed=633.2MB
  47.62| [1:0xffffb4270000:0]    46478 ms: Young generation mutator utilization = 1.000 (mutator_speed=1, gc_speed=271276)
  47.62| [1:0xffffb4270000:0]    46478 ms: Old generation mutator utilization = 1.000 (mutator_speed=1, gc_speed=307082)
  47.62| [1:0xffffb4270000:0]    46478 ms: Embedder mutator utilization = 0.000 (mutator_speed=0, gc_speed=1)
  47.62| [1:0xffffb4270000:0]    46478 ms: Memory reducer: high alloc, foreground
  47.62| [1:0xffffb4270000:0]    46478 ms: Memory reducer: waiting for 8000 ms
  48.52| [47.3s] idle rss=573.6MB heapTotal=692.1MB heapUsed=633.2MB
  50.53| [49.3s] idle rss=573.6MB heapTotal=692.1MB heapUsed=633.2MB
  52.53| [51.3s] idle rss=573.8MB heapTotal=692.1MB heapUsed=633.2MB
  54.53| [53.3s] idle rss=573.8MB heapTotal=692.1MB heapUsed=633.3MB
  55.72| [1:0xffffb4270000:0]    54583 ms: Young generation mutator utilization = 1.000 (mutator_speed=1, gc_speed=271276)
  55.72| [1:0xffffb4270000:0]    54583 ms: Old generation mutator utilization = 1.000 (mutator_speed=0, gc_speed=307082)
  55.72| [1:0xffffb4270000:0]    54583 ms: Embedder mutator utilization = 0.000 (mutator_speed=0, gc_speed=1)
  55.72| [1:0xffffb4270000:0]    54583 ms: Memory reducer: high alloc, foreground
  55.72| [1:0xffffb4270000:0]    54583 ms: Memory reducer: waiting for 8000 ms
  56.53| [55.3s] idle rss=573.8MB heapTotal=692.1MB heapUsed=633.3MB
  58.53| [57.3s] idle rss=573.8MB heapTotal=692.1MB heapUsed=633.3MB
  60.54| [59.4s] idle rss=573.8MB heapTotal=692.1MB heapUsed=633.3MB
  62.54| [61.4s] idle rss=573.8MB heapTotal=692.1MB heapUsed=633.3MB
  63.83| [1:0xffffb4270000:0]    62686 ms: Young generation mutator utilization = 1.000 (mutator_speed=1, gc_speed=271276)
  63.83| [1:0xffffb4270000:0]    62686 ms: Old generation mutator utilization = 1.000 (mutator_speed=0, gc_speed=307082)
  63.83| [1:0xffffb4270000:0]    62686 ms: Embedder mutator utilization = 0.000 (mutator_speed=0, gc_speed=1)
  63.83| [1:0xffffb4270000:0]    62686 ms: Memory reducer: high alloc, foreground
  63.83| [1:0xffffb4270000:0]    62686 ms: Memory reducer: waiting for 8000 ms
  64.55| [63.4s] idle rss=573.8MB heapTotal=692.1MB heapUsed=633.3MB
  66.55| [65.4s] idle rss=573.8MB heapTotal=692.1MB heapUsed=633.3MB
  68.55| [67.4s] idle rss=573.8MB heapTotal=692.1MB heapUsed=633.3MB
  70.56| [69.4s] idle rss=573.8MB heapTotal=692.1MB heapUsed=633.3MB
  71.93| [1:0xffffb4270000:0]    70789 ms: Young generation mutator utilization = 1.000 (mutator_speed=1, gc_speed=271276)
  71.93| [1:0xffffb4270000:0]    70789 ms: Old generation mutator utilization = 1.000 (mutator_speed=0, gc_speed=307082)
  71.93| [1:0xffffb4270000:0]    70789 ms: Embedder mutator utilization = 0.000 (mutator_speed=0, gc_speed=1)
  71.93| [1:0xffffb4270000:0]    70789 ms: Memory reducer: high alloc, foreground
  71.93| [1:0xffffb4270000:0]    70789 ms: Memory reducer: waiting for 8000 ms
  72.56| [71.4s] idle rss=573.8MB heapTotal=692.1MB heapUsed=633.3MB
  74.56| [73.4s] idle rss=573.8MB heapTotal=692.1MB heapUsed=633.3MB
  76.56| [75.4s] idle rss=573.8MB heapTotal=692.1MB heapUsed=633.3MB
  78.57| [77.4s] idle rss=573.8MB heapTotal=692.1MB heapUsed=633.3MB
  80.04| [1:0xffffb4270000:0]    78895 ms: Young generation mutator utilization = 1.000 (mutator_speed=1, gc_speed=271276)
  80.04| [1:0xffffb4270000:0]    78895 ms: Old generation mutator utilization = 1.000 (mutator_speed=0, gc_speed=307082)
  80.04| [1:0xffffb4270000:0]    78895 ms: Embedder mutator utilization = 0.000 (mutator_speed=0, gc_speed=1)
  80.04| [1:0xffffb4270000:0]    78895 ms: Memory reducer: high alloc, foreground
  80.04| [1:0xffffb4270000:0]    78895 ms: Memory reducer: waiting for 8000 ms
  80.57| [79.4s] idle rss=573.8MB heapTotal=692.1MB heapUsed=633.3MB
  82.60| [81.4s] idle rss=540.9MB heapTotal=692.1MB heapUsed=633.3MB
  84.59| [83.4s] idle rss=541.3MB heapTotal=692.1MB heapUsed=633.3MB
  86.59| [85.4s] idle rss=541.3MB heapTotal=692.1MB heapUsed=633.3MB
  88.14| [1:0xffffb4270000:0]    86998 ms: Young generation mutator utilization = 1.000 (mutator_speed=1, gc_speed=271276)
  88.14| [1:0xffffb4270000:0]    86998 ms: Old generation mutator utilization = 1.000 (mutator_speed=0, gc_speed=307082)
  88.14| [1:0xffffb4270000:0]    86998 ms: Embedder mutator utilization = 0.000 (mutator_speed=0, gc_speed=1)
  88.14| [1:0xffffb4270000:0]    86998 ms: Memory reducer: high alloc, foreground
  88.14| [1:0xffffb4270000:0]    86998 ms: Memory reducer: waiting for 8000 ms
  88.60| [87.4s] idle rss=541.3MB heapTotal=692.1MB heapUsed=633.3MB
  90.60| [89.4s] idle rss=541.3MB heapTotal=692.1MB heapUsed=633.3MB
  92.60| [91.4s] idle rss=541.3MB heapTotal=692.1MB heapUsed=633.3MB
  94.66| [93.5s] idle rss=541.3MB heapTotal=692.1MB heapUsed=633.3MB
  96.24| [1:0xffffb4270000:0]    95099 ms: Young generation mutator utilization = 1.000 (mutator_speed=1, gc_speed=271276)
  96.24| [1:0xffffb4270000:0]    95099 ms: Old generation mutator utilization = 1.000 (mutator_speed=0, gc_speed=307082)
  96.24| [1:0xffffb4270000:0]    95099 ms: Embedder mutator utilization = 0.000 (mutator_speed=0, gc_speed=1)
  96.24| [1:0xffffb4270000:0]    95099 ms: Memory reducer: high alloc, foreground
  96.24| [1:0xffffb4270000:0]    95099 ms: Memory reducer: waiting for 8000 ms
  96.66| [95.5s] idle rss=541.3MB heapTotal=692.1MB heapUsed=633.3MB
  98.67| [97.5s] idle rss=541.3MB heapTotal=692.1MB heapUsed=633.3MB
 100.67| [99.5s] idle rss=541.3MB heapTotal=692.1MB heapUsed=633.3MB
 102.68| [101.5s] idle rss=541.3MB heapTotal=692.1MB heapUsed=633.3MB
 104.34| [1:0xffffb4270000:0]   103201 ms: Young generation mutator utilization = 1.000 (mutator_speed=1, gc_speed=271276)
 104.34| [1:0xffffb4270000:0]   103201 ms: Old generation mutator utilization = 1.000 (mutator_speed=0, gc_speed=307082)
 104.34| [1:0xffffb4270000:0]   103201 ms: Embedder mutator utilization = 0.000 (mutator_speed=0, gc_speed=1)
 104.34| [1:0xffffb4270000:0]   103201 ms: Memory reducer: high alloc, foreground
 104.34| [1:0xffffb4270000:0]   103201 ms: Memory reducer: started GC #1
 104.49| [1:0xffffb4270000:0]   103350 ms: Memory reducer: finished GC #1 (will do more)
 104.49| [1:0xffffb4270000]   103350 ms: Incremental Mark-Compact (reduce) 633.3 (692.1) -> 4.2 (11.9) MB, pooled: 0.0 MB, 84.96 / 0.00 ms (+ 3.1 ms in 4 steps since start of marking, biggest step 1.0 ms, walltime since start of marking 149 ms) (average mu = 0.995, current mu = 0.999) finalize incremental marking via task; GC in old space requested
 104.68| [103.5s] idle rss=33.5MB heapTotal=11.9MB heapUsed=4.2MB
 105.09| [1:0xffffb4270000:0]   103953 ms: Young generation mutator utilization = 1.000 (mutator_speed=6, gc_speed=271276)
 105.09| [1:0xffffb4270000:0]   103953 ms: Old generation mutator utilization = 0.999 (mutator_speed=351, gc_speed=293447)
 105.09| [1:0xffffb4270000:0]   103953 ms: Embedder mutator utilization = 0.000 (mutator_speed=0, gc_speed=1)
 105.09| [1:0xffffb4270000:0]   103953 ms: Memory reducer: high alloc, foreground
 105.09| [1:0xffffb4270000:0]   103953 ms: Memory reducer: waiting for 8000 ms
 106.68| [105.5s] idle rss=33.5MB heapTotal=11.9MB heapUsed=4.2MB
 108.68| [107.5s] idle rss=33.5MB heapTotal=11.9MB heapUsed=4.2MB
 110.69| [109.5s] idle rss=33.5MB heapTotal=11.9MB heapUsed=4.2MB
 112.69| [111.5s] idle rss=33.5MB heapTotal=11.9MB heapUsed=4.2MB
 113.20| [1:0xffffb4270000:0]   112055 ms: Young generation mutator utilization = 1.000 (mutator_speed=1, gc_speed=271276)
 113.20| [1:0xffffb4270000:0]   112055 ms: Old generation mutator utilization = 1.000 (mutator_speed=0, gc_speed=293447)
 113.20| [1:0xffffb4270000:0]   112055 ms: Embedder mutator utilization = 0.000 (mutator_speed=0, gc_speed=1)
 113.20| [1:0xffffb4270000:0]   112055 ms: Memory reducer: high alloc, foreground
 113.20| [1:0xffffb4270000:0]   112055 ms: Memory reducer: waiting for 8000 ms
 114.70| [113.5s] idle rss=33.5MB heapTotal=11.9MB heapUsed=4.2MB
 116.70| [115.5s] idle rss=33.5MB heapTotal=11.9MB heapUsed=4.2MB
 118.71| [117.5s] idle rss=33.5MB heapTotal=11.9MB heapUsed=4.2MB
 120.71| [119.5s] idle rss=33.5MB heapTotal=11.9MB heapUsed=4.2MB
 121.30| [1:0xffffb4270000:0]   120156 ms: Young generation mutator utilization = 1.000 (mutator_speed=1, gc_speed=271276)
 121.30| [1:0xffffb4270000:0]   120156 ms: Old generation mutator utilization = 1.000 (mutator_speed=0, gc_speed=293447)
 121.30| [1:0xffffb4270000:0]   120156 ms: Embedder mutator utilization = 0.000 (mutator_speed=0, gc_speed=1)
 121.30| [1:0xffffb4270000:0]   120156 ms: Memory reducer: high alloc, foreground
 121.30| [1:0xffffb4270000:0]   120156 ms: Memory reducer: waiting for 8000 ms
 122.71| [121.5s] idle rss=33.5MB heapTotal=11.9MB heapUsed=4.2MB
 124.72| [123.5s] idle rss=33.5MB heapTotal=11.9MB heapUsed=4.2MB
 126.73| [125.5s] idle rss=33.3MB heapTotal=11.9MB heapUsed=4.2MB
 128.72| [127.5s] idle rss=33.3MB heapTotal=11.9MB heapUsed=4.2MB
 129.40| [1:0xffffb4270000:0]   128258 ms: Young generation mutator utilization = 1.000 (mutator_speed=1, gc_speed=271276)
 129.40| [1:0xffffb4270000:0]   128258 ms: Old generation mutator utilization = 1.000 (mutator_speed=0, gc_speed=293447)
 129.40| [1:0xffffb4270000:0]   128258 ms: Embedder mutator utilization = 0.000 (mutator_speed=0, gc_speed=1)
 129.40| [1:0xffffb4270000:0]   128258 ms: Memory reducer: high alloc, foreground
 129.40| [1:0xffffb4270000:0]   128258 ms: Memory reducer: waiting for 8000 ms
 130.73| [129.5s] idle rss=33.3MB heapTotal=11.9MB heapUsed=4.2MB
 132.73| [131.5s] idle rss=33.3MB heapTotal=11.9MB heapUsed=4.2MB
 134.74| [133.5s] idle rss=35.4MB heapTotal=11.9MB heapUsed=4.2MB
 136.74| [135.6s] idle rss=35.4MB heapTotal=11.9MB heapUsed=4.2MB
 137.50| [1:0xffffb4270000:0]   136360 ms: Young generation mutator utilization = 1.000 (mutator_speed=1, gc_speed=271276)
 137.50| [1:0xffffb4270000:0]   136360 ms: Old generation mutator utilization = 1.000 (mutator_speed=0, gc_speed=293447)
 137.50| [1:0xffffb4270000:0]   136360 ms: Embedder mutator utilization = 0.000 (mutator_speed=0, gc_speed=1)
 137.50| [1:0xffffb4270000:0]   136360 ms: Memory reducer: high alloc, foreground
 137.50| [1:0xffffb4270000:0]   136360 ms: Memory reducer: waiting for 8000 ms
 138.74| [137.6s] idle rss=35.4MB heapTotal=11.9MB heapUsed=4.2MB
 140.75| [139.6s] idle rss=35.4MB heapTotal=11.9MB heapUsed=4.2MB
 142.75| [141.6s] idle rss=35.4MB heapTotal=11.9MB heapUsed=4.2MB
 144.75| [143.6s] idle rss=35.4MB heapTotal=11.9MB heapUsed=4.2MB
 145.60| [1:0xffffb4270000:0]   144460 ms: Young generation mutator utilization = 1.000 (mutator_speed=1, gc_speed=271276)
 145.60| [1:0xffffb4270000:0]   144460 ms: Old generation mutator utilization = 1.000 (mutator_speed=0, gc_speed=293447)
 145.60| [1:0xffffb4270000:0]   144460 ms: Embedder mutator utilization = 0.000 (mutator_speed=0, gc_speed=1)
 145.60| [1:0xffffb4270000:0]   144460 ms: Memory reducer: high alloc, foreground
 145.60| [1:0xffffb4270000:0]   144460 ms: Memory reducer: waiting for 8000 ms
 146.75| [145.6s] idle rss=35.4MB heapTotal=11.9MB heapUsed=4.2MB
 148.76| [147.6s] idle rss=35.4MB heapTotal=11.9MB heapUsed=4.2MB
 150.76| [149.6s] idle rss=35.4MB heapTotal=11.9MB heapUsed=4.2MB
 152.76| [151.6s] idle rss=35.4MB heapTotal=11.9MB heapUsed=4.2MB
 153.70| [1:0xffffb4270000:0]   152562 ms: Young generation mutator utilization = 1.000 (mutator_speed=1, gc_speed=271276)
 153.70| [1:0xffffb4270000:0]   152562 ms: Old generation mutator utilization = 1.000 (mutator_speed=0, gc_speed=293447)
 153.70| [1:0xffffb4270000:0]   152562 ms: Embedder mutator utilization = 0.000 (mutator_speed=0, gc_speed=1)
 153.70| [1:0xffffb4270000:0]   152562 ms: Memory reducer: high alloc, foreground
 153.70| [1:0xffffb4270000:0]   152562 ms: Memory reducer: waiting for 8000 ms
 154.77| [153.6s] idle rss=35.4MB heapTotal=11.9MB heapUsed=4.2MB
 156.77| [155.6s] idle rss=35.4MB heapTotal=11.9MB heapUsed=4.2MB
 156.77| [155.6s] end rss=36.1MB heapTotal=11.9MB heapUsed=4.2MB
